== verify exit 3
VERDICT NO_GO {'generated_code': 'UNKNOWN', 'runtime': 'NO_GO', 'source_build': 'UNKNOWN'}
CALLER c docsgen generated: go.opentelemetry.io/collector/pdata/internal/data/protogen/collector/logs/v1@v1.33.0 protoc-gen-go=- protoc-gen-go-grpc=- protoc=-; go.opentelemetry.io/collector/pdata/internal/data/protogen/collector/metrics/v1@v1.33.0 protoc-gen-go=- protoc-gen-go-grpc=- protoc=-; go.opentelemetry.io/collector/pdata/internal/data/protogen/collector/profiles/v1development@v1.33.0 protoc-gen-go=- protoc-gen-go-grpc=- protoc=-; go.opentelemetry.io/collector/pdata/internal/data/protogen/collector/trace/v1@v1.33.0 protoc-gen-go=- protoc-gen-go-grpc=- protoc=-; go.opentelemetry.io/collector/pdata/internal/data/pro
   USE vendor/go.opentelemetry.io/collector/pdata/internal/generated_wrapper_instrumentationscope.go 10 import opentelemetry/proto/common/v1/common.proto shipped= True module= 
   USE vendor/go.opentelemetry.io/collector/pdata/internal/generated_wrapper_instrumentationscope.go 14 message_type opentelemetry.proto.common.v1.InstrumentationScope shipped= True module= 
   USE vendor/go.opentelemetry.io/collector/pdata/internal/generated_wrapper_instrumentationscope.go 14 message_type opentelemetry.proto.common.v1.InstrumentationScope shipped= True module= 
   USE vendor/go.opentelemetry.io/collector/pdata/internal/generated_wrapper_instrumentationscope.go 18 message_type opentelemetry.proto.common.v1.InstrumentationScope shipped= True module= 
   USE vendor/go.opentelemetry.io/collector/pdata/internal/generated_wrapper_instrumentationscope.go 18 message_type opentelemetry.proto.common.v1.InstrumentationScope shipped= True module= 
   USE vendor/go.opentelemetry.io/collector/pdata/internal/generated_wrapper_instrumentationscope.go 26 message_type opentelemetry.proto.common.v1.InstrumentationScope shipped= True module= 
   USE vendor/go.opentelemetry.io/collector/pdata/internal/generated_wrapper_instrumentationscope.go 26 message_type opentelemetry.proto.common.v1.InstrumentationScope shipped= True module= 
   USE vendor/go.opentelemetry.io/collector/pdata/internal/generated_wrapper_instrumentationscope.go 31 construct opentelemetry.proto.common.v1.InstrumentationScope shipped= True module= 
   USE vendor/go.opentelemetry.io/collector/pdata/internal/generated_wrapper_instrumentationscope.go 31 message_type opentelemetry.proto.common.v1.InstrumentationScope shipped= True module= 
   USE vendor/go.opentelemetry.io/collector/pdata/internal/generated_wrapper_instrumentationscope.go 39 write opentelemetry.proto.common.v1.InstrumentationScope.#1 shipped= True module= 
   USE vendor/go.opentelemetry.io/collector/pdata/internal/generated_wrapper_instrumentationscope.go 40 write opentelemetry.proto.common.v1.InstrumentationScope.#2 shipped= True module= 
   USE vendor/go.opentelemetry.io/collector/pdata/internal/generated_wrapper_instrumentationscope.go 41 write opentelemetry.proto.common.v1.InstrumentationScope.#3 shipped= True module= 
CALLER c parquetquerygen generated: go.opentelemetry.io/collector/pdata/internal/data/protogen/collector/logs/v1@v1.33.0 protoc-gen-go=- protoc-gen-go-grpc=- protoc=-; go.opentelemetry.io/collector/pdata/internal/data/protogen/collector/metrics/v1@v1.33.0 protoc-gen-go=- protoc-gen-go-grpc=- protoc=-; go.opentelemetry.io/collector/pdata/internal/data/protogen/collector/profiles/v1development@v1.33.0 protoc-gen-go=- protoc-gen-go-grpc=- protoc=-; go.opentelemetry.io/collector/pdata/internal/data/protogen/collector/trace/v1@v1.33.0 protoc-gen-go=- protoc-gen-go-grpc=- protoc=-; go.opentelemetry.io/collector/pdata/internal/data/pro
CALLER c tempo generated: go.opentelemetry.io/collector/pdata/internal/data/protogen/collector/logs/v1@v1.33.0 protoc-gen-go=- protoc-gen-go-grpc=- protoc=-; go.opentelemetry.io/collector/pdata/internal/data/protogen/collector/metrics/v1@v1.33.0 protoc-gen-go=- protoc-gen-go-grpc=- protoc=-; go.opentelemetry.io/collector/pdata/internal/data/protogen/collector/profiles/v1development@v1.33.0 protoc-gen-go=- protoc-gen-go-grpc=- protoc=-; go.opentelemetry.io/collector/pdata/internal/data/protogen/collector/trace/v1@v1.33.0 protoc-gen-go=- protoc-gen-go-grpc=- protoc=-; go.opentelemetry.io/collector/pdata/internal/data/pro
   USE vendor/go.opentelemetry.io/collector/pdata/internal/generated_wrapper_instrumentationscope.go 10 import opentelemetry/proto/common/v1/common.proto shipped= True module= 
   USE vendor/go.opentelemetry.io/collector/pdata/internal/generated_wrapper_instrumentationscope.go 14 message_type opentelemetry.proto.common.v1.InstrumentationScope shipped= True module= 
   USE vendor/go.opentelemetry.io/collector/pdata/internal/generated_wrapper_instrumentationscope.go 14 message_type opentelemetry.proto.common.v1.InstrumentationScope shipped= True module= 
   USE vendor/go.opentelemetry.io/collector/pdata/internal/generated_wrapper_instrumentationscope.go 18 message_type opentelemetry.proto.common.v1.InstrumentationScope shipped= True module= 
   USE vendor/go.opentelemetry.io/collector/pdata/internal/generated_wrapper_instrumentationscope.go 18 message_type opentelemetry.proto.common.v1.InstrumentationScope shipped= True module= 
   USE vendor/go.opentelemetry.io/collector/pdata/internal/generated_wrapper_instrumentationscope.go 26 message_type opentelemetry.proto.common.v1.InstrumentationScope shipped= True module= 
   USE vendor/go.opentelemetry.io/collector/pdata/internal/generated_wrapper_instrumentationscope.go 26 message_type opentelemetry.proto.common.v1.InstrumentationScope shipped= True module= 
   USE vendor/go.opentelemetry.io/collector/pdata/internal/generated_wrapper_instrumentationscope.go 31 construct opentelemetry.proto.common.v1.InstrumentationScope shipped= True module= 
   USE vendor/go.opentelemetry.io/collector/pdata/internal/generated_wrapper_instrumentationscope.go 31 message_type opentelemetry.proto.common.v1.InstrumentationScope shipped= True module= 
   USE vendor/go.opentelemetry.io/collector/pdata/internal/generated_wrapper_instrumentationscope.go 39 write opentelemetry.proto.common.v1.InstrumentationScope.#1 shipped= True module= 
   USE vendor/go.opentelemetry.io/collector/pdata/internal/generated_wrapper_instrumentationscope.go 40 write opentelemetry.proto.common.v1.InstrumentationScope.#2 shipped= True module= 
   USE vendor/go.opentelemetry.io/collector/pdata/internal/generated_wrapper_instrumentationscope.go 41 write opentelemetry.proto.common.v1.InstrumentationScope.#3 shipped= True module= 
CALLER c tempo (library) generated: go.opentelemetry.io/collector/pdata/internal/data/protogen/collector/logs/v1@v1.33.0 protoc-gen-go=- protoc-gen-go-grpc=- protoc=-; go.opentelemetry.io/collector/pdata/internal/data/protogen/collector/metrics/v1@v1.33.0 protoc-gen-go=- protoc-gen-go-grpc=- protoc=-; go.opentelemetry.io/collector/pdata/internal/data/protogen/collector/profiles/v1development@v1.33.0 protoc-gen-go=- protoc-gen-go-grpc=- protoc=-; go.opentelemetry.io/collector/pdata/internal/data/protogen/collector/trace/v1@v1.33.0 protoc-gen-go=- protoc-gen-go-grpc=- protoc=-; go.opentelemetry.io/collector/pdata/internal/data/pro
   USE vendor/go.opentelemetry.io/collector/pdata/internal/generated_wrapper_instrumentationscope.go 10 import opentelemetry/proto/common/v1/common.proto shipped= True module= 
   USE vendor/go.opentelemetry.io/collector/pdata/internal/generated_wrapper_instrumentationscope.go 14 message_type opentelemetry.proto.common.v1.InstrumentationScope shipped= True module= 
   USE vendor/go.opentelemetry.io/collector/pdata/internal/generated_wrapper_instrumentationscope.go 14 message_type opentelemetry.proto.common.v1.InstrumentationScope shipped= True module= 
   USE vendor/go.opentelemetry.io/collector/pdata/internal/generated_wrapper_instrumentationscope.go 18 message_type opentelemetry.proto.common.v1.InstrumentationScope shipped= True module= 
   USE vendor/go.opentelemetry.io/collector/pdata/internal/generated_wrapper_instrumentationscope.go 18 message_type opentelemetry.proto.common.v1.InstrumentationScope shipped= True module= 
   USE vendor/go.opentelemetry.io/collector/pdata/internal/generated_wrapper_instrumentationscope.go 26 message_type opentelemetry.proto.common.v1.InstrumentationScope shipped= True module= 
   USE vendor/go.opentelemetry.io/collector/pdata/internal/generated_wrapper_instrumentationscope.go 26 message_type opentelemetry.proto.common.v1.InstrumentationScope shipped= True module= 
   USE vendor/go.opentelemetry.io/collector/pdata/internal/generated_wrapper_instrumentationscope.go 31 construct opentelemetry.proto.common.v1.InstrumentationScope shipped= True module= 
   USE vendor/go.opentelemetry.io/collector/pdata/internal/generated_wrapper_instrumentationscope.go 31 message_type opentelemetry.proto.common.v1.InstrumentationScope shipped= True module= 
   USE vendor/go.opentelemetry.io/collector/pdata/internal/generated_wrapper_instrumentationscope.go 39 write opentelemetry.proto.common.v1.InstrumentationScope.#1 shipped= True module= 
   USE vendor/go.opentelemetry.io/collector/pdata/internal/generated_wrapper_instrumentationscope.go 40 write opentelemetry.proto.common.v1.InstrumentationScope.#2 shipped= True module= 
   USE vendor/go.opentelemetry.io/collector/pdata/internal/generated_wrapper_instrumentationscope.go 41 write opentelemetry.proto.common.v1.InstrumentationScope.#3 shipped= True module= 
CALLER c tempo-cli generated: go.opentelemetry.io/collector/pdata/internal/data/protogen/collector/logs/v1@v1.33.0 protoc-gen-go=- protoc-gen-go-grpc=- protoc=-; go.opentelemetry.io/collector/pdata/internal/data/protogen/collector/metrics/v1@v1.33.0 protoc-gen-go=- protoc-gen-go-grpc=- protoc=-; go.opentelemetry.io/collector/pdata/internal/data/protogen/collector/profiles/v1development@v1.33.0 protoc-gen-go=- protoc-gen-go-grpc=- protoc=-; go.opentelemetry.io/collector/pdata/internal/data/protogen/collector/trace/v1@v1.33.0 protoc-gen-go=- protoc-gen-go-grpc=- protoc=-; go.opentelemetry.io/collector/pdata/internal/data/pro
   USE vendor/go.opentelemetry.io/collector/pdata/internal/generated_wrapper_instrumentationscope.go 10 import opentelemetry/proto/common/v1/common.proto shipped= True module= 
   USE vendor/go.opentelemetry.io/collector/pdata/internal/generated_wrapper_instrumentationscope.go 14 message_type opentelemetry.proto.common.v1.InstrumentationScope shipped= True module= 
   USE vendor/go.opentelemetry.io/collector/pdata/internal/generated_wrapper_instrumentationscope.go 14 message_type opentelemetry.proto.common.v1.InstrumentationScope shipped= True module= 
   USE vendor/go.opentelemetry.io/collector/pdata/internal/generated_wrapper_instrumentationscope.go 18 message_type opentelemetry.proto.common.v1.InstrumentationScope shipped= True module= 
   USE vendor/go.opentelemetry.io/collector/pdata/internal/generated_wrapper_instrumentationscope.go 18 message_type opentelemetry.proto.common.v1.InstrumentationScope shipped= True module= 
   USE vendor/go.opentelemetry.io/collector/pdata/internal/generated_wrapper_instrumentationscope.go 26 message_type opentelemetry.proto.common.v1.InstrumentationScope shipped= True module= 
   USE vendor/go.opentelemetry.io/collector/pdata/internal/generated_wrapper_instrumentationscope.go 26 message_type opentelemetry.proto.common.v1.InstrumentationScope shipped= True module= 
   USE vendor/go.opentelemetry.io/collector/pdata/internal/generated_wrapper_instrumentationscope.go 31 construct opentelemetry.proto.common.v1.InstrumentationScope shipped= True module= 
   USE vendor/go.opentelemetry.io/collector/pdata/internal/generated_wrapper_instrumentationscope.go 31 message_type opentelemetry.proto.common.v1.InstrumentationScope shipped= True module= 
   USE vendor/go.opentelemetry.io/collector/pdata/internal/generated_wrapper_instrumentationscope.go 39 write opentelemetry.proto.common.v1.InstrumentationScope.#1 shipped= True module= 
   USE vendor/go.opentelemetry.io/collector/pdata/internal/generated_wrapper_instrumentationscope.go 40 write opentelemetry.proto.common.v1.InstrumentationScope.#2 shipped= True module= 
   USE vendor/go.opentelemetry.io/collector/pdata/internal/generated_wrapper_instrumentationscope.go 41 write opentelemetry.proto.common.v1.InstrumentationScope.#3 shipped= True module= 
CALLER c tempo-query generated: go.opentelemetry.io/collector/pdata/internal/data/protogen/collector/logs/v1@v1.33.0 protoc-gen-go=- protoc-gen-go-grpc=- protoc=-; go.opentelemetry.io/collector/pdata/internal/data/protogen/collector/metrics/v1@v1.33.0 protoc-gen-go=- protoc-gen-go-grpc=- protoc=-; go.opentelemetry.io/collector/pdata/internal/data/protogen/collector/profiles/v1development@v1.33.0 protoc-gen-go=- protoc-gen-go-grpc=- protoc=-; go.opentelemetry.io/collector/pdata/internal/data/protogen/collector/trace/v1@v1.33.0 protoc-gen-go=- protoc-gen-go-grpc=- protoc=-; go.opentelemetry.io/collector/pdata/internal/data/pro
   USE vendor/go.opentelemetry.io/collector/pdata/internal/generated_wrapper_instrumentationscope.go 10 import opentelemetry/proto/common/v1/common.proto shipped= True module= 
   USE vendor/go.opentelemetry.io/collector/pdata/internal/generated_wrapper_instrumentationscope.go 14 message_type opentelemetry.proto.common.v1.InstrumentationScope shipped= True module= 
   USE vendor/go.opentelemetry.io/collector/pdata/internal/generated_wrapper_instrumentationscope.go 14 message_type opentelemetry.proto.common.v1.InstrumentationScope shipped= True module= 
   USE vendor/go.opentelemetry.io/collector/pdata/internal/generated_wrapper_instrumentationscope.go 18 message_type opentelemetry.proto.common.v1.InstrumentationScope shipped= True module= 
   USE vendor/go.opentelemetry.io/collector/pdata/internal/generated_wrapper_instrumentationscope.go 18 message_type opentelemetry.proto.common.v1.InstrumentationScope shipped= True module= 
   USE vendor/go.opentelemetry.io/collector/pdata/internal/generated_wrapper_instrumentationscope.go 26 message_type opentelemetry.proto.common.v1.InstrumentationScope shipped= True module= 
   USE vendor/go.opentelemetry.io/collector/pdata/internal/generated_wrapper_instrumentationscope.go 26 message_type opentelemetry.proto.common.v1.InstrumentationScope shipped= True module= 
   USE vendor/go.opentelemetry.io/collector/pdata/internal/generated_wrapper_instrumentationscope.go 31 construct opentelemetry.proto.common.v1.InstrumentationScope shipped= True module= 
   USE vendor/go.opentelemetry.io/collector/pdata/internal/generated_wrapper_instrumentationscope.go 31 message_type opentelemetry.proto.common.v1.InstrumentationScope shipped= True module= 
   USE vendor/go.opentelemetry.io/collector/pdata/internal/generated_wrapper_instrumentationscope.go 39 write opentelemetry.proto.common.v1.InstrumentationScope.#1 shipped= True module= 
   USE vendor/go.opentelemetry.io/collector/pdata/internal/generated_wrapper_instrumentationscope.go 40 write opentelemetry.proto.common.v1.InstrumentationScope.#2 shipped= True module= 
   USE vendor/go.opentelemetry.io/collector/pdata/internal/generated_wrapper_instrumentationscope.go 41 write opentelemetry.proto.common.v1.InstrumentationScope.#3 shipped= True module= 
CALLER c tempo-vulture generated: go.opentelemetry.io/collector/pdata/internal/data/protogen/collector/logs/v1@v1.33.0 protoc-gen-go=- protoc-gen-go-grpc=- protoc=-; go.opentelemetry.io/collector/pdata/internal/data/protogen/collector/metrics/v1@v1.33.0 protoc-gen-go=- protoc-gen-go-grpc=- protoc=-; go.opentelemetry.io/collector/pdata/internal/data/protogen/collector/profiles/v1development@v1.33.0 protoc-gen-go=- protoc-gen-go-grpc=- protoc=-; go.opentelemetry.io/collector/pdata/internal/data/protogen/collector/trace/v1@v1.33.0 protoc-gen-go=- protoc-gen-go-grpc=- protoc=-; go.opentelemetry.io/collector/pdata/internal/data/pro
   USE vendor/go.opentelemetry.io/collector/pdata/internal/generated_wrapper_instrumentationscope.go 10 import opentelemetry/proto/common/v1/common.proto shipped= True module= 
   USE vendor/go.opentelemetry.io/collector/pdata/internal/generated_wrapper_instrumentationscope.go 14 message_type opentelemetry.proto.common.v1.InstrumentationScope shipped= True module= 
   USE vendor/go.opentelemetry.io/collector/pdata/internal/generated_wrapper_instrumentationscope.go 14 message_type opentelemetry.proto.common.v1.InstrumentationScope shipped= True module= 
   USE vendor/go.opentelemetry.io/collector/pdata/internal/generated_wrapper_instrumentationscope.go 18 message_type opentelemetry.proto.common.v1.InstrumentationScope shipped= True module= 
   USE vendor/go.opentelemetry.io/collector/pdata/internal/generated_wrapper_instrumentationscope.go 18 message_type opentelemetry.proto.common.v1.InstrumentationScope shipped= True module= 
   USE vendor/go.opentelemetry.io/collector/pdata/internal/generated_wrapper_instrumentationscope.go 26 message_type opentelemetry.proto.common.v1.InstrumentationScope shipped= True module= 
   USE vendor/go.opentelemetry.io/collector/pdata/internal/generated_wrapper_instrumentationscope.go 26 message_type opentelemetry.proto.common.v1.InstrumentationScope shipped= True module= 
   USE vendor/go.opentelemetry.io/collector/pdata/internal/generated_wrapper_instrumentationscope.go 31 construct opentelemetry.proto.common.v1.InstrumentationScope shipped= True module= 
   USE vendor/go.opentelemetry.io/collector/pdata/internal/generated_wrapper_instrumentationscope.go 31 message_type opentelemetry.proto.common.v1.InstrumentationScope shipped= True module= 
   USE vendor/go.opentelemetry.io/collector/pdata/internal/generated_wrapper_instrumentationscope.go 39 write opentelemetry.proto.common.v1.InstrumentationScope.#1 shipped= True module= 
   USE vendor/go.opentelemetry.io/collector/pdata/internal/generated_wrapper_instrumentationscope.go 40 write opentelemetry.proto.common.v1.InstrumentationScope.#2 shipped= True module= 
   USE vendor/go.opentelemetry.io/collector/pdata/internal/generated_wrapper_instrumentationscope.go 41 write opentelemetry.proto.common.v1.InstrumentationScope.#3 shipped= True module= 

exit 0 seconds 22
