google-cloud-bigtable-history history: 254 windows, shard 12/12 has 21
canary at 3f0459b2d5f5: generated_fails (243 files moved) ['proto-google-cloud-bigtable-v2/src/main/java/com/google/bigtable/v2/MutateRowRequest.java:238: cannot access com.google.bigtable.v2.MutationOrBuilder']
3f0459b2d5f5 2023-02-10 verifier=GO build=GO compiler=compiles 27.6s 
c64ddeb2e6f7 2023-03-27 verifier=GO build=GO compiler=compiles 22.7s 
39c47675c4c3 2023-05-02 verifier=GO build=GO compiler=oracle_error 13.1s 
4444b29318c2 2023-06-27 verifier=GO build=GO compiler=oracle_error 14.3s 
d6e934fc71e1 2023-08-16 verifier=UNKNOWN build=UNKNOWN compiler=compiles 31.5s 
8b28d23dd516 2023-09-29 verifier=GO build=GO compiler=oracle_error 26.8s 
4b6448271577 2023-12-05 verifier=GO build=GO compiler=oracle_error 12.9s 
6e0c070b0ef7 2024-02-21 verifier=GO build=GO compiler=oracle_error 18.1s 
f29c5bba08da 2024-03-28 verifier=UNKNOWN build=UNKNOWN compiler=compiles 27.6s 
6ed2839b41bc 2024-05-28 verifier=GO build=GO compiler=oracle_error 28.3s 
658c32e4c318 2024-08-22 verifier=GO build=GO compiler=oracle_error 15.6s 
013c22d9786d 2024-10-14 verifier=GO build=GO compiler=oracle_error 19.5s 
4843af440b30 2024-12-17 verifier=GO build=GO compiler=oracle_error 16.3s 
ddada6bcb9ae 2025-03-03 verifier=GO build=GO compiler=oracle_error 16.5s 
6d7928982b49 2025-04-01 verifier=GO build=GO compiler=oracle_error 16.3s 
65782aaf89ad 2025-06-06 verifier=GO build=GO compiler=compiles 101.2s 
e8007faafe14 2025-07-31 verifier=GO build=GO compiler=oracle_error 17.2s 
bfbbe43ec93f 2025-10-08 verifier=GO build=GO compiler=oracle_error 21.0s 
f775b2a98e08 2026-01-15 verifier=GO build=GO compiler=oracle_error 103.1s 
7745013b421b 2026-03-24 verifier=GO build=GO compiler=oracle_error 22.2s 
678346da1eaa 2026-04-22 verifier=GO build=GO compiler=compiles 36.4s 
