google-cloud-bigtable-history history: 254 windows, shard 11/12 has 21
canary at 2f2b70b6cff9: generated_fails (243 files moved) ['proto-google-cloud-bigtable-v2/src/main/java/com/google/bigtable/v2/MutateRowRequest.java:238: cannot access com.google.bigtable.v2.MutationOrBuilder']
2f2b70b6cff9 2023-02-06 verifier=GO build=GO compiler=oracle_error 19.3s 
2627551c0352 2023-03-21 verifier=GO build=GO compiler=oracle_error 20.3s 
767b589c1b55 2023-05-02 verifier=GO build=GO compiler=oracle_error 23.9s 
64c917ac7a9a 2023-06-27 verifier=GO build=GO compiler=oracle_error 20.4s 
2f4a85eec75a 2023-08-09 verifier=GO build=GO compiler=oracle_error 19.3s 
c4fc489455f2 2023-09-29 verifier=GO build=GO compiler=oracle_error 37.7s 
a28ac9eaaa3f 2023-12-05 verifier=GO build=GO compiler=oracle_error 25.7s 
eafc749b162a 2024-02-15 verifier=GO build=GO compiler=compiles 44.1s 
eba08989ff72 2024-03-28 verifier=GO build=GO compiler=oracle_error 22.8s 
803426c4a4b6 2024-05-28 verifier=GO build=GO compiler=oracle_error 45.9s 
acaa3ff26ab0 2024-08-12 verifier=UNKNOWN build=UNKNOWN compiler=compiles 52.3s 
22d5ebb92dc9 2024-10-03 verifier=GO build=GO compiler=oracle_error 27.3s 
f98dca123363 2024-12-10 verifier=GO build=GO compiler=oracle_error 35.5s 
b858af1323c0 2025-03-03 verifier=GO build=GO compiler=oracle_error 28.4s 
f4666f66503b 2025-04-01 verifier=GO build=GO compiler=oracle_error 29.2s 
051e8cb0384c 2025-05-16 verifier=GO build=GO compiler=oracle_error 32.7s 
1ced99c88406 2025-07-31 verifier=GO build=GO compiler=oracle_error 29.6s 
6e60c01bc5e9 2025-09-25 verifier=GO build=GO compiler=oracle_error 46.2s 
9ce46b2dbe1e 2025-12-15 verifier=GO build=GO compiler=oracle_error 32.8s 
ab10c554e944 2026-03-02 verifier=GO build=GO compiler=oracle_error 44.7s 
47a55045d738 2026-04-15 verifier=GO build=GO compiler=oracle_error 28.8s 
