time=2026-10-06T09:57:04.587Z level=INFO msg=cloning repo=p-lnd url=https://github.com/lightningnetwork/lnd.git
time=2026-10-06T09:57:05.856Z level=INFO msg=cloning repo=c-lnd url=https://github.com/lightninglabs/lndclient.git
lnd         112cb5f3 GO       source_build=GO      compiler=compiles          218.9s 
lnd         9b634bfd GO       source_build=GO      compiler=compiles          138.0s 
lnd         044d260b GO       source_build=GO      compiler=compiles          104.9s 
lnd         cee8ed62 GO       source_build=GO      compiler=compiles          115.1s 
lnd         515ceaac GO       source_build=GO      compiler=compiles           26.0s 
lnd         1f324ebd GO       source_build=GO      compiler=compiles          117.5s 
lnd         53da78ad GO       source_build=GO      compiler=compiles          128.3s 
lnd         10dfc9e0 GO       source_build=GO      compiler=compiles          110.2s 
lnd         b309be58 GO       source_build=GO      compiler=compiles          104.5s 
lnd         9a6a3a70 GO       source_build=GO      compiler=compiles           53.5s 
lnd         5ecef3d3 GO       source_build=GO      compiler=compiles            5.4s 
lnd         14640a50 GO       source_build=GO      compiler=compiles          106.1s 
lnd         40c64f9d GO       source_build=GO      compiler=compiles           57.0s 
lnd         f55c0565 GO       source_build=GO      compiler=compiles           65.4s 
lnd         c4a67b68 GO       source_build=GO      compiler=compiles            8.5s 
lnd         8909c2fb GO       source_build=GO      compiler=compiles           47.1s 
lnd         c5733c40 GO       source_build=GO      compiler=compiles           12.1s 
lnd         dfeb678a GO       source_build=GO      compiler=compiles            4.3s 
lnd         0aa1d8bd UNKNOWN  source_build=GO      compiler=compiles           11.1s 
lnd         361cdba0 UNKNOWN  source_build=GO      compiler=compiles            3.3s 
lnd           20 decisions  GO  18  NO-GO   0  UNKNOWN   2 (10.0%)  errors 0 | compiler judged  20: agree  20  WRONG_GO 0  FALSE_NOGO 0  UNKNOWN 0 | not judged 0
TOTAL         20 decisions  GO  18  NO-GO   0  UNKNOWN   2 (10.0%)  errors 0 | compiler judged  20: agree  20  WRONG_GO 0  FALSE_NOGO 0  UNKNOWN 0 | not judged 0

UNKNOWN reasons across all: windows, ecosystems, an example
    2   1  DESCRIPTOR_REFLECTION (e.g. lnd@0aa1d8bdd6a5cbb10561d3a05d178a612663ba54)
    1   1  WHOLE_MESSAGE_FLOW (e.g. lnd@361cdba0dfb6d24530071752578eb270cf8e1592)

20 windows in 23m59s.
exit 0
