time=2026-10-06T11:34:07.852Z level=INFO msg=cloning repo=buildkit url=https://github.com/moby/buildkit.git
time=2026-10-06T11:34:12.394Z level=INFO msg=cloning repo=buildx url=https://github.com/docker/buildx.git
time=2026-10-06T11:34:18.448Z level=INFO msg=skip consumer=buildx bump=62fbef22 old=v0.11.2 new=v0.11.0-rc3.0.20230216100651-46e4e7e51b01 reason=not_forward
time=2026-10-06T11:34:21.850Z level=INFO msg=skip consumer=buildx bump=35781a6c old=v0.13.0 new=v0.13.0-rc3.0.20240328152707-25bec7145b39 reason=not_forward
time=2026-10-06T11:34:22.965Z level=INFO msg=skip consumer=buildx bump=04000db8 old=v0.14.1 new=v0.14.1-0.20240625190127-aaaf86e5470b reason=not_forward
time=2026-10-06T11:34:23.501Z level=INFO msg=skip consumer=buildx bump=07a85a54 old=v0.15.1 new=v0.15.1-0.20240810140024-664c2b469f19 reason=not_forward
time=2026-10-06T11:34:23.767Z level=INFO msg=skip consumer=buildx bump=1db8f678 old=v0.16.0 new=v0.16.0-rc2.0.20241002204825-8445ccf1cb0b reason=not_forward
time=2026-10-06T11:34:25.192Z level=INFO msg=skip consumer=buildx bump=40b9ac1e old=v0.19.0 new=v0.19.0-rc3.0.20250210232655-0e3037c0182e reason=not_forward
time=2026-10-06T11:34:27.282Z level=INFO msg=skip consumer=buildx bump=e9b6a01a old=v0.23.0 new=v0.23.0-rc1.0.20250618182037-9b91d20367db reason=not_forward
time=2026-10-06T11:34:27.865Z level=INFO msg=skip consumer=buildx bump=f4787416 old=v0.25.1 new=v0.25.0-rc1.0.20251011181741-9b6f60ac8bf9 reason=not_forward
time=2026-10-06T11:34:28.528Z level=INFO msg=skip consumer=buildx bump=8037f199 old=v0.26.2 new=v0.26.1-0.20260106154623-ed6dc749ce40 reason=not_forward
time=2026-10-06T11:34:29.179Z level=INFO msg=skip consumer=buildx bump=53882aec old=v0.27.0 new=v0.27.0-rc2.0.20260210080956-9836771d0c5b reason=not_forward
time=2026-10-06T11:34:30.353Z level=INFO msg=skip consumer=buildx bump=2fcfce0e old=v0.30.0 new=v0.30.0-rc2.0.20260610003221-41c29fffe299 reason=not_forward
time=2026-10-06T11:34:32.233Z level=INFO msg=skip consumer=buildx bump=253ba2a5 old=v0.33.0 new=v0.33.0-rc1.0.20260922140836-5427d61296f2 reason=not_forward
time=2026-10-06T11:34:32.341Z level=INFO msg=mined consumer=buildx pin_moves=116 to_compile=17 skipped=map[not_forward:12]
time=2026-10-06T11:36:16.999Z level=INFO msg=canary consumer=buildx at=08998a7e901acb7fe66881b1c1d3fa916734e480^ outcome=breaks detail="canary: github.com/moby/buildkit/solver/errdefs removed."
time=2026-10-06T11:37:16.666Z level=INFO msg=window consumer=buildx bump=08998a7e select=unchanged breaking=0 compiler=compiles
time=2026-10-06T11:39:13.277Z level=INFO msg=window consumer=buildx bump=17eff25f select=unchanged breaking=0 compiler=compiles
time=2026-10-06T11:40:01.229Z level=INFO msg=window consumer=buildx bump=285dd76b select=unchanged breaking=0 compiler=breaks
time=2026-10-06T11:40:48.333Z level=INFO msg=window consumer=buildx bump=39db6159 select=unchanged breaking=0 compiler=compiles
time=2026-10-06T11:40:51.566Z level=INFO msg=window consumer=buildx bump=40fcf992 select=unchanged breaking=0 compiler=compiles
time=2026-10-06T11:42:07.917Z level=INFO msg=window consumer=buildx bump=5723ceef select=unchanged breaking=0 compiler=compiles
time=2026-10-06T11:42:34.784Z level=INFO msg=window consumer=buildx bump=6160c9bc select=unchanged breaking=0 compiler=compiles
time=2026-10-06T11:44:19.192Z level=INFO msg=window consumer=buildx bump=73b05c14 select=unchanged breaking=0 compiler=compiles
time=2026-10-06T11:44:28.336Z level=INFO msg=window consumer=buildx bump=8c741093 select=unchanged breaking=0 compiler=compiles
time=2026-10-06T11:45:49.660Z level=INFO msg=window consumer=buildx bump=ad371e42 select=unchanged breaking=0 compiler=bump_side_effect
time=2026-10-06T11:46:18.423Z level=INFO msg=window consumer=buildx bump=a4a02b07 select=unchanged breaking=0 compiler=compiles
time=2026-10-06T11:47:32.591Z level=INFO msg=window consumer=buildx bump=c1d3955f select=unchanged breaking=0 compiler=compiles
time=2026-10-06T11:48:45.989Z level=INFO msg=window consumer=buildx bump=cb378866 select=unchanged breaking=0 compiler=compiles
time=2026-10-06T11:49:00.240Z level=INFO msg=window consumer=buildx bump=dab7af61 select=unchanged breaking=0 compiler=compiles
time=2026-10-06T11:49:32.506Z level=INFO msg=window consumer=buildx bump=e4ee2ca1 select=unchanged breaking=0 compiler=compiles
time=2026-10-06T11:49:41.566Z level=INFO msg=window consumer=buildx bump=ea7c8e83 select=unchanged breaking=0 compiler=compiles
time=2026-10-06T11:51:00.096Z level=INFO msg=window consumer=buildx bump=efaf9daa select=unchanged breaking=0 compiler=compiles
time=2026-10-06T11:51:00.096Z level=INFO msg="suite built" suite=buildkit windows_added=17
