time=2026-10-06T11:33:26.918Z level=INFO msg=cloning repo=buildkit url=https://github.com/moby/buildkit.git
time=2026-10-06T11:33:32.493Z level=INFO msg=cloning repo=buildx url=https://github.com/docker/buildx.git
time=2026-10-06T11:33:38.753Z level=INFO msg=skip consumer=buildx bump=62fbef22 old=v0.11.2 new=v0.11.0-rc3.0.20230216100651-46e4e7e51b01 reason=not_forward
time=2026-10-06T11:33:42.218Z level=INFO msg=skip consumer=buildx bump=35781a6c old=v0.13.0 new=v0.13.0-rc3.0.20240328152707-25bec7145b39 reason=not_forward
time=2026-10-06T11:33:43.189Z level=INFO msg=skip consumer=buildx bump=04000db8 old=v0.14.1 new=v0.14.1-0.20240625190127-aaaf86e5470b reason=not_forward
time=2026-10-06T11:33:43.708Z level=INFO msg=skip consumer=buildx bump=07a85a54 old=v0.15.1 new=v0.15.1-0.20240810140024-664c2b469f19 reason=not_forward
time=2026-10-06T11:33:43.969Z level=INFO msg=skip consumer=buildx bump=1db8f678 old=v0.16.0 new=v0.16.0-rc2.0.20241002204825-8445ccf1cb0b reason=not_forward
time=2026-10-06T11:33:45.967Z level=INFO msg=skip consumer=buildx bump=40b9ac1e old=v0.19.0 new=v0.19.0-rc3.0.20250210232655-0e3037c0182e reason=not_forward
time=2026-10-06T11:33:48.100Z level=INFO msg=skip consumer=buildx bump=e9b6a01a old=v0.23.0 new=v0.23.0-rc1.0.20250618182037-9b91d20367db reason=not_forward
time=2026-10-06T11:33:48.661Z level=INFO msg=skip consumer=buildx bump=f4787416 old=v0.25.1 new=v0.25.0-rc1.0.20251011181741-9b6f60ac8bf9 reason=not_forward
time=2026-10-06T11:33:49.314Z level=INFO msg=skip consumer=buildx bump=8037f199 old=v0.26.2 new=v0.26.1-0.20260106154623-ed6dc749ce40 reason=not_forward
time=2026-10-06T11:33:49.870Z level=INFO msg=skip consumer=buildx bump=53882aec old=v0.27.0 new=v0.27.0-rc2.0.20260210080956-9836771d0c5b reason=not_forward
time=2026-10-06T11:33:51.015Z level=INFO msg=skip consumer=buildx bump=2fcfce0e old=v0.30.0 new=v0.30.0-rc2.0.20260610003221-41c29fffe299 reason=not_forward
time=2026-10-06T11:33:53.121Z level=INFO msg=skip consumer=buildx bump=253ba2a5 old=v0.33.0 new=v0.33.0-rc1.0.20260922140836-5427d61296f2 reason=not_forward
time=2026-10-06T11:33:53.228Z level=INFO msg=mined consumer=buildx pin_moves=116 to_compile=18 skipped=map[not_forward:12]
time=2026-10-06T11:35:04.666Z level=INFO msg=canary consumer=buildx at=010e4c8d54dcaa5e661ba7bc6adbf26008c96d4c^ outcome=breaks detail="canary: github.com/moby/buildkit/solver/errdefs removed."
time=2026-10-06T11:35:17.182Z level=INFO msg=window consumer=buildx bump=010e4c8d select=unchanged breaking=0 compiler=breaks
time=2026-10-06T11:38:19.692Z level=INFO msg=window consumer=buildx bump=22074cd4 select=unchanged breaking=0 compiler=compiles
time=2026-10-06T11:38:28.827Z level=INFO msg=window consumer=buildx bump=1300882b select=unchanged breaking=0 compiler=compiles
time=2026-10-06T11:40:10.124Z level=INFO msg=window consumer=buildx bump=3808fba7 select=unchanged breaking=0 compiler=compiles
time=2026-10-06T11:40:36.474Z level=INFO msg=window consumer=buildx bump=40ef3446 select=unchanged breaking=0 compiler=compiles
time=2026-10-06T11:42:59.154Z level=INFO msg=window consumer=buildx bump=606e9d1f select=additive breaking=0 compiler=compiles
time=2026-10-06T11:43:06.460Z level=INFO msg=window consumer=buildx bump=4e15a5ac select=unchanged breaking=0 compiler=compiles
time=2026-10-06T11:44:47.005Z level=INFO msg=window consumer=buildx bump=70536fc8 select=unchanged breaking=0 compiler=compiles
time=2026-10-06T11:44:49.003Z level=INFO msg=window consumer=buildx bump=83c30c6c select=unchanged breaking=0 compiler=compiles
time=2026-10-06T11:46:15.370Z level=INFO msg=window consumer=buildx bump=ac30b249 select=unchanged breaking=0 compiler=compiles
time=2026-10-06T11:46:44.164Z level=INFO msg=window consumer=buildx bump=a1150734 select=unchanged breaking=0 compiler=compiles
time=2026-10-06T11:47:05.891Z level=INFO msg=window consumer=buildx bump=c07bc083 select=unchanged breaking=0 compiler=breaks
time=2026-10-06T11:47:06.502Z level=INFO msg=window consumer=buildx bump=c9b2da6b select=unchanged breaking=0 compiler=compiles
time=2026-10-06T11:49:00.835Z level=INFO msg=window consumer=buildx bump=d3ff70ac select=breaking breaking=13 compiler=breaks
time=2026-10-06T11:49:15.766Z level=INFO msg=window consumer=buildx bump=e2534c77 select=unchanged breaking=0 compiler=compiles
time=2026-10-06T11:49:22.684Z level=INFO msg=window consumer=buildx bump=e98e8f6a select=additive breaking=0 compiler=compiles
time=2026-10-06T11:50:10.193Z level=INFO msg=window consumer=buildx bump=ef2dabd5 select=unchanged breaking=0 compiler=compiles
time=2026-10-06T11:50:13.611Z level=INFO msg=window consumer=buildx bump=fa392a2d select=unchanged breaking=0 compiler=compiles
time=2026-10-06T11:50:13.611Z level=INFO msg="suite built" suite=buildkit windows_added=18
