buildx     18041a58 GO       source_build=GO      compiler=compiles           0.7s replay=true 
buildx     08dd378b GO       source_build=GO      compiler=compiles          11.2s replay=true 
buildx     2a2648b1 GO       source_build=GO      compiler=compiles          11.2s replay=true 
buildx     3c9cd19e GO       source_build=GO      compiler=compiles           9.9s replay=true 
buildx     57a1c97c GO       source_build=GO      compiler=compiles           9.5s replay=true 
buildx     44945d71 GO       source_build=GO      compiler=compiles           9.2s replay=true 
buildx     617f538c UNKNOWN  source_build=UNKNOWN compiler=breaks             9.0s replay=true 
buildx     9060cab0 GO       source_build=GO      compiler=compiles           6.3s replay=true 
buildx     73e56595 GO       source_build=GO      compiler=compiles           7.1s replay=true 
buildx     a4f01b41 GO       source_build=GO      compiler=compiles           7.9s replay=true 
buildx     b73f58a9 NO_GO    source_build=NO_GO   compiler=breaks             7.8s replay=true 
buildx     c59fc183 GO       source_build=GO      compiler=compiles           7.0s replay=true 
buildx     cdfc1ed7 UNKNOWN  source_build=UNKNOWN compiler=breaks             6.6s replay=true 
buildx     e5f70135 GO       source_build=GO      compiler=compiles           6.3s replay=true 
buildx     dd388bf7 NO_GO    source_build=GO      compiler=compiles           7.0s replay=true 
buildx     eb74b483 GO       source_build=GO      compiler=compiles           6.4s replay=true 
buildx     f35e45c3 UNKNOWN  source_build=UNKNOWN compiler=compiles           6.5s replay=true 
buildx/additive        windows=  3 | breaks= 1: caught= 1 WRONG_GO=0 abstained=0 | compiles= 2: GO= 2 FALSE_NOGO=0 abstained=0 (runtime-only NO-GO 0) | unavailable=0 (NO-GO 0, UNKNOWN 0, GO 0) | wire: judged=3 broken=0 RUNTIME_WRONG_GO=0 confirmed=0 unconfirmed=0 | errors=0 | replayed=3
buildx/breaking        windows=  1 | breaks= 0: caught= 0 WRONG_GO=0 abstained=0 | compiles= 1: GO= 1 FALSE_NOGO=0 abstained=0 (runtime-only NO-GO 1) | unavailable=0 (NO-GO 0, UNKNOWN 0, GO 0) | wire: judged=1 broken=0 RUNTIME_WRONG_GO=0 confirmed=0 unconfirmed=1 | errors=0 | replayed=1
buildx/unchanged       windows= 13 | breaks= 2: caught= 0 WRONG_GO=0 abstained=2 | compiles=11: GO=10 FALSE_NOGO=0 abstained=1 (runtime-only NO-GO 0) | unavailable=0 (NO-GO 0, UNKNOWN 0, GO 0) | wire: judged=13 broken=0 RUNTIME_WRONG_GO=0 confirmed=0 unconfirmed=0 | errors=0 | replayed=13
TOTAL                  windows= 17 | breaks= 3: caught= 1 WRONG_GO=0 abstained=2 | compiles=14: GO=13 FALSE_NOGO=0 abstained=1 (runtime-only NO-GO 1) | unavailable=0 (NO-GO 0, UNKNOWN 0, GO 0) | wire: judged=17 broken=0 RUNTIME_WRONG_GO=0 confirmed=0 unconfirmed=1 | errors=0 | replayed=17
  FAILED buildx@617f538cb315..957cb50d: unknown_on_break: driver/docker/driver.go:69:14: assignment mismatch: 2 variables but detect.Exporter returns 3 values | driver/docker-container/driver.go:395:14: assignment mismatch: 2 variables but detect.Exporter returns 3 values | driver/kubernetes/driver.go:212:14: assignment mismatch: 2 variables but detect.Exporter returns 3 values
  FAILED buildx@cdfc1ed75054..6cad2f9c: unknown_on_break: build/opt.go:104:24: cannot use opt.Allow (variable of type []entitlements.Entitlement) as []string value in struct literal | build/opt.go:321:59: cannot use entitlements.EntitlementNetworkHost (constant "network.host" of string type entitlements.Entitlement) as string value in argument to append | util/buildflags/entitlements.go:12:13: assignment mismatch: 2 variables but entitlements.Parse returns 3 values
  WITHIN THE UNKNOWN LIMIT buildx@f35e45c307fe..373d0adc: unknown_on_safe: CONTRACT_COMPILE_ERROR, GO_API_CHANGED_USED_BY_CALLER

17 windows in 1m5s with 2 workers; 0 differ from the baseline.
verifier gate: release gate failed: 2 unexpected failures; the suite has no baseline: record one with `verifier gate baseline`
