buildx     209f90c1 GO       source_build=GO      compiler=compiles           1.0s replay=true 
buildx     0d708c0b GO       source_build=GO      compiler=compiles          11.8s replay=true 
buildx     32e9bfcb NO_GO    source_build=NO_GO   compiler=breaks            11.3s replay=true 
buildx     4df89d89 UNKNOWN  source_build=UNKNOWN compiler=breaks            10.2s replay=true 
buildx     3dabbc56 GO       source_build=GO      compiler=compiles          11.1s replay=true 
buildx     5c56e947 GO       source_build=GO      compiler=compiles           9.3s replay=true 
buildx     6a1cf788 GO       source_build=GO      compiler=compiles           8.7s replay=true 
buildx     7d35a3b8 UNKNOWN  source_build=UNKNOWN compiler=breaks             8.2s replay=true 
buildx     94355517 GO       source_build=GO      compiler=compiles           8.2s replay=true 
buildx     aa4317bf GO       source_build=GO      compiler=compiles           8.1s replay=true 
buildx     beaebcbf GO       source_build=GO      compiler=compiles           7.3s replay=true 
buildx     c887c2c6 UNKNOWN  source_build=UNKNOWN compiler=breaks             6.3s replay=true 
buildx     d294232c GO       source_build=GO      compiler=compiles           6.7s replay=true 
buildx     e0c67bfc GO       source_build=GO      compiler=compiles           5.7s replay=true 
buildx     ee77cdb1 UNKNOWN  source_build=UNKNOWN compiler=compiles           5.4s replay=true 
buildx     f815f4ac NO_GO    source_build=NO_GO   compiler=breaks             6.3s replay=true 
buildx     e6756d95 NO_GO    source_build=NO_GO   compiler=breaks             6.7s replay=true 
buildx/additive        windows=  3 | breaks= 1: caught= 1 WRONG_GO=0 abstained=0 | compiles= 2: GO= 2 FALSE_NOGO=0 abstained=0 (runtime-only NO-GO 0) | unavailable=0 (NO-GO 0, UNKNOWN 0, GO 0) | wire: judged=3 broken=0 RUNTIME_WRONG_GO=0 confirmed=0 unconfirmed=0 | errors=0 | replayed=3
buildx/unchanged       windows= 14 | breaks= 5: caught= 2 WRONG_GO=0 abstained=3 | compiles= 9: GO= 8 FALSE_NOGO=0 abstained=1 (runtime-only NO-GO 0) | unavailable=0 (NO-GO 0, UNKNOWN 0, GO 0) | wire: judged=14 broken=0 RUNTIME_WRONG_GO=0 confirmed=0 unconfirmed=0 | errors=0 | replayed=14
TOTAL                  windows= 17 | breaks= 6: caught= 3 WRONG_GO=0 abstained=3 | compiles=11: GO=10 FALSE_NOGO=0 abstained=1 (runtime-only NO-GO 0) | unavailable=0 (NO-GO 0, UNKNOWN 0, GO 0) | wire: judged=17 broken=0 RUNTIME_WRONG_GO=0 confirmed=0 unconfirmed=0 | errors=0 | replayed=17
  FAILED buildx@4df89d89fc14..7ff02fb3: unknown_on_break: build/utils.go:39:15: assignment mismatch: 2 variables but dfgitutil.ParseGitRef returns 3 values
  FAILED buildx@7d35a3b8d86f..333ee915: unknown_on_break: driver/remote/driver.go:81:86: too many arguments in call to client.WithCredentials
  FAILED buildx@c887c2c62a96..c958c686: unknown_on_break: commands/build.go:912:24: cannot use lint.PrintLintViolations (value of type func(dt []byte, w "io".Writer, scb lint.SourceInfoMap) error) as callFunc value in argument to printValue
  WITHIN THE UNKNOWN LIMIT buildx@ee77cdb175c8..40a5c2d5: unknown_on_safe: GO_API_CHANGED_USED_BY_CALLER

17 windows in 1m6s with 2 workers; 0 differ from the baseline.
verifier gate: release gate failed: 3 unexpected failures; the suite has no baseline: record one with `verifier gate baseline`
