buildx     171fcbeb GO       source_build=GO      compiler=compiles          11.3s replay=true 
buildx     05678031 GO       source_build=GO      compiler=compiles          11.5s replay=true 
buildx     26a8ffb3 GO       source_build=GO      compiler=compiles           8.9s replay=true 
buildx     390eedc5 UNKNOWN  source_build=UNKNOWN compiler=compiles           9.2s replay=true 
buildx     51b9bab2 NO_GO    source_build=NO_GO   compiler=breaks             5.8s replay=true 
buildx     40f444f4 GO       source_build=GO      compiler=compiles           6.5s replay=true 
buildx     71c78897 GO       source_build=GO      compiler=compiles           0.3s replay=true 
buildx     a2cf0edf GO       source_build=GO      compiler=compiles           0.7s replay=true 
buildx     60dedec4 GO       source_build=GO      compiler=compiles           8.7s replay=true 
buildx     89b455a9 GO       source_build=GO      compiler=compiles           8.2s replay=true 
buildx     c0c4d717 GO       source_build=GO      compiler=compiles           7.7s replay=true 
buildx     ad18ffc0 GO       source_build=GO      compiler=compiles           8.0s replay=true 
buildx     cb279bb1 NO_GO    source_build=NO_GO   compiler=breaks             7.9s replay=true 
buildx     d8263758 GO       source_build=GO      compiler=compiles           7.5s replay=true 
buildx     ea2b7020 GO       source_build=GO      compiler=compiles           7.9s replay=true 
buildx     e43156d5 GO       source_build=GO      compiler=compiles          11.0s replay=true 
buildx     ef73c64d GO       source_build=GO      compiler=compiles           5.0s replay=true 
buildx     fd11d933 GO       source_build=GO      compiler=compiles           4.9s replay=true 
buildx/additive        windows=  4 | breaks= 1: caught= 1 WRONG_GO=0 abstained=0 | compiles= 3: GO= 3 FALSE_NOGO=0 abstained=0 (runtime-only NO-GO 0) | unavailable=0 (NO-GO 0, UNKNOWN 0, GO 0) | wire: judged=4 broken=0 RUNTIME_WRONG_GO=0 confirmed=0 unconfirmed=0 | errors=0 | replayed=4
buildx/unchanged       windows= 14 | breaks= 1: caught= 1 WRONG_GO=0 abstained=0 | compiles=13: GO=12 FALSE_NOGO=0 abstained=1 (runtime-only NO-GO 0) | unavailable=0 (NO-GO 0, UNKNOWN 0, GO 0) | wire: judged=14 broken=0 RUNTIME_WRONG_GO=0 confirmed=0 unconfirmed=0 | errors=0 | replayed=14
TOTAL                  windows= 18 | breaks= 2: caught= 2 WRONG_GO=0 abstained=0 | compiles=16: GO=15 FALSE_NOGO=0 abstained=1 (runtime-only NO-GO 0) | unavailable=0 (NO-GO 0, UNKNOWN 0, GO 0) | wire: judged=18 broken=0 RUNTIME_WRONG_GO=0 confirmed=0 unconfirmed=0 | errors=0 | replayed=18
  WITHIN THE UNKNOWN LIMIT buildx@390eedc50ba8..d5c1d785: unknown_on_safe: GO_API_CHANGED_USED_BY_CALLER

18 windows in 1m7s with 2 workers; 0 differ from the baseline.
verifier gate: release gate failed: the suite has no baseline: record one with `verifier gate baseline`
