buildx     31a3fbf1 NO_GO    source_build=NO_GO   compiler=breaks            11.8s replay=true 
buildx     0bdd0aa6 GO       source_build=GO      compiler=compiles          11.8s replay=true 
buildx     1dc5f075 GO       source_build=GO      compiler=compiles          10.2s replay=true 
buildx     3ca6a438 UNKNOWN  source_build=UNKNOWN compiler=compiles          10.3s replay=true 
buildx     4abff3ce GO       source_build=GO      compiler=compiles           9.9s replay=true 
buildx     5afb210d NO_GO    source_build=NO_GO   compiler=breaks            10.2s replay=true 
buildx     75f1d5e2 GO       source_build=GO      compiler=compiles           0.6s replay=true 
buildx     62ba1d50 GO       source_build=GO      compiler=compiles           8.9s replay=true 
buildx     a718d07f GO       source_build=GO      compiler=compiles           8.0s replay=true 
buildx     b96ad59f GO       source_build=GO      compiler=compiles           7.1s replay=true 
buildx     9392590c UNKNOWN  source_build=UNKNOWN compiler=breaks             7.5s replay=true 
buildx     c7b0a84c GO       source_build=GO      compiler=compiles           0.6s replay=true 
buildx     df28b0a0 GO       source_build=GO      compiler=compiles           1.0s replay=true 
buildx     d0c4bed4 NO_GO    source_build=NO_GO   compiler=breaks             8.0s replay=true 
buildx     e628f9ea GO       source_build=GO      compiler=compiles           7.1s replay=true 
buildx     f7897eba GO       source_build=GO      compiler=compiles           6.0s replay=true 
buildx     ee42096f GO       source_build=GO      compiler=compiles           6.5s replay=true 
buildx/additive        windows=  6 | breaks= 1: caught= 0 WRONG_GO=0 abstained=1 | compiles= 5: GO= 4 FALSE_NOGO=0 abstained=1 (runtime-only NO-GO 0) | unavailable=0 (NO-GO 0, UNKNOWN 0, GO 0) | wire: judged=6 broken=0 RUNTIME_WRONG_GO=0 confirmed=0 unconfirmed=0 | errors=0 | replayed=6
buildx/breaking        windows=  1 | breaks= 1: caught= 1 WRONG_GO=0 abstained=0 | compiles= 0: GO= 0 FALSE_NOGO=0 abstained=0 (runtime-only NO-GO 0) | unavailable=0 (NO-GO 0, UNKNOWN 0, GO 0) | wire: judged=1 broken=0 RUNTIME_WRONG_GO=0 confirmed=0 unconfirmed=1 | errors=0 | replayed=1
buildx/unchanged       windows= 10 | breaks= 2: caught= 2 WRONG_GO=0 abstained=0 | compiles= 8: GO= 8 FALSE_NOGO=0 abstained=0 (runtime-only NO-GO 0) | unavailable=0 (NO-GO 0, UNKNOWN 0, GO 0) | wire: judged=10 broken=0 RUNTIME_WRONG_GO=0 confirmed=0 unconfirmed=0 | errors=0 | replayed=10
TOTAL                  windows= 17 | breaks= 4: caught= 3 WRONG_GO=0 abstained=1 | compiles=13: GO=12 FALSE_NOGO=0 abstained=1 (runtime-only NO-GO 0) | unavailable=0 (NO-GO 0, UNKNOWN 0, GO 0) | wire: judged=17 broken=0 RUNTIME_WRONG_GO=0 confirmed=0 unconfirmed=1 | errors=0 | replayed=17
  WITHIN THE UNKNOWN LIMIT buildx@3ca6a438081b..e18be418: unknown_on_safe: CONTRACT_COMPILE_ERROR, GO_API_CHANGED_USED_BY_CALLER
  FAILED buildx@9392590cfa63..6baf355a: unknown_on_break: module github.com/moby/buildkit@latest found (v0.33.1), but does not contain package github.com/moby/buildkit/util/tracing/env | util/history/name.go:87:36: not enough arguments in call to dfgitutil.FragmentFormat

17 windows in 1m3s with 2 workers; 0 differ from the baseline.
verifier gate: release gate failed: 1 unexpected failures; the suite has no baseline: record one with `verifier gate baseline`
