time=2026-10-06T04:30:51.405Z level=INFO msg=skip consumer=go-sdk bump=0c36331e old=v1.15.5 new=v1.15.4-0.20250618123356-78343f18338b reason=not_forward
time=2026-10-06T04:30:52.156Z level=INFO msg=skip consumer=go-sdk bump=b7b90e3f old=v1.13.4 new=v1.14.0-rc.1 reason=not_sampled
time=2026-10-06T04:30:52.156Z level=INFO msg=skip consumer=go-sdk bump=f53fa180 old=v1.17.0-rc.1.0.20260129135036-c169c5be5eeb new=v1.17.0 reason=not_sampled
time=2026-10-06T04:30:52.156Z level=INFO msg=mined consumer=go-sdk pin_moves=29 to_compile=26 skipped="map[not_forward:1 not_sampled:2]"
time=2026-10-06T04:30:52.493Z level=INFO msg=canary consumer=go-sdk at=5779353f^ outcome=oracle_error detail="canary: go mod download github.com/dapr/dapr: module github.com/dapr/dapr: not a known dependency "
time=2026-10-06T04:30:53.762Z level=INFO msg=window consumer=go-sdk bump=5779353f select=breaking breaking=13 compiler=baseline_fails
time=2026-10-06T04:31:12.842Z level=INFO msg=window consumer=go-sdk bump=69e78804 select=breaking breaking=2 compiler=breaks
time=2026-10-06T04:31:14.197Z level=INFO msg=window consumer=go-sdk bump=87bbb8cd select=breaking breaking=2 compiler=breaks
time=2026-10-06T04:31:21.588Z level=INFO msg=window consumer=go-sdk bump=e45054d1 select=unchanged breaking=0 compiler=compiles
time=2026-10-06T04:31:22.869Z level=INFO msg=window consumer=go-sdk bump=eaaaf9c2 select=unchanged breaking=0 compiler=compiles
time=2026-10-06T04:31:24.946Z level=INFO msg=window consumer=go-sdk bump=b6d9960c select=unchanged breaking=0 compiler=compiles
time=2026-10-06T04:31:27.323Z level=INFO msg=window consumer=go-sdk bump=5ef7aa22 select=unchanged breaking=0 compiler=compiles
time=2026-10-06T04:31:32.145Z level=INFO msg=window consumer=go-sdk bump=8c7cc2d6 select=unchanged breaking=0 compiler=compiles
time=2026-10-06T04:31:38.083Z level=INFO msg=window consumer=go-sdk bump=2e824851 select=unchanged breaking=0 compiler=compiles
time=2026-10-06T04:31:40.471Z level=INFO msg=window consumer=go-sdk bump=96757051 select=unchanged breaking=0 compiler=compiles
time=2026-10-06T04:31:42.006Z level=INFO msg=window consumer=go-sdk bump=9bc7d823 select=breaking breaking=14 compiler=breaks
time=2026-10-06T04:31:45.788Z level=INFO msg=window consumer=go-sdk bump=f9baae25 select=unchanged breaking=0 compiler=compiles
time=2026-10-06T04:31:49.293Z level=INFO msg=window consumer=go-sdk bump=282a58bc select=unchanged breaking=0 compiler=compiles
time=2026-10-06T04:31:57.987Z level=INFO msg=window consumer=go-sdk bump=c81a3818 select=breaking breaking=2 compiler=compiles
time=2026-10-06T04:31:59.608Z level=INFO msg=window consumer=go-sdk bump=81312e9d select=breaking breaking=4 compiler=breaks
time=2026-10-06T04:32:11.671Z level=INFO msg=window consumer=go-sdk bump=99b259fe select=breaking breaking=6 compiler=compiles
time=2026-10-06T04:32:16.749Z level=INFO msg=window consumer=go-sdk bump=444cb5a1 select=breaking breaking=123 compiler=compiles
time=2026-10-06T04:32:24.772Z level=INFO msg=window consumer=go-sdk bump=7ed9afce select=breaking breaking=6 compiler=compiles
time=2026-10-06T04:32:28.505Z level=INFO msg=window consumer=go-sdk bump=1dd64086 select=breaking breaking=12 compiler=compiles
time=2026-10-06T04:32:33.296Z level=INFO msg=window consumer=go-sdk bump=63b1ea1d select=additive breaking=0 compiler=compiles
time=2026-10-06T04:32:36.216Z level=INFO msg=window consumer=go-sdk bump=49ed4d09 select=unchanged breaking=0 compiler=compiles
time=2026-10-06T04:32:44.564Z level=INFO msg=window consumer=go-sdk bump=cefbadb3 select=additive breaking=0 compiler=compiles
time=2026-10-06T04:32:46.565Z level=INFO msg=window consumer=go-sdk bump=16374cdb select=additive breaking=0 compiler=compiles
time=2026-10-06T04:32:47.134Z level=INFO msg=window consumer=go-sdk bump=dce63f19 select=additive breaking=0 compiler=compiles
time=2026-10-06T04:32:48.847Z level=INFO msg=window consumer=go-sdk bump=897eb386 select=additive breaking=0 compiler=compiles
time=2026-10-06T04:32:50.772Z level=INFO msg=window consumer=go-sdk bump=4111304b select=additive breaking=0 compiler=compiles
