time=2026-10-06T06:07:42.072Z level=INFO msg=cloning repo=dapr url=https://github.com/dapr/dapr.git
time=2026-10-06T06:07:48.187Z level=INFO msg=cloning repo=go-sdk url=https://github.com/dapr/go-sdk.git
time=2026-10-06T06:07:51.261Z level=INFO msg=skip consumer=go-sdk bump=0c36331e old=v1.15.5 new=v1.15.4-0.20250618123356-78343f18338b reason=not_forward
time=2026-10-06T06:07:52.473Z level=INFO msg=skip consumer=go-sdk bump=b7b90e3f old=v1.13.4 new=v1.14.0-rc.1 reason=not_sampled
time=2026-10-06T06:07:52.473Z level=INFO msg=skip consumer=go-sdk bump=f53fa180 old=v1.17.0-rc.1.0.20260129135036-c169c5be5eeb new=v1.17.0 reason=not_sampled
time=2026-10-06T06:07:52.473Z level=INFO msg=mined consumer=go-sdk pin_moves=29 to_compile=26 skipped="map[not_forward:1 not_sampled:2]"
time=2026-10-06T06:08:11.856Z level=INFO msg=canary consumer=go-sdk at=5779353f7ada17b1ce8216a32919e5d84d686960 outcome=breaks detail="canary: github.com/dapr/dapr/pkg/proto/common/v1 removed."
time=2026-10-06T06:08:13.344Z level=INFO msg=window consumer=go-sdk bump=5779353f select=breaking breaking=13 compiler=baseline_fails
time=2026-10-06T06:08:14.592Z level=INFO msg=window consumer=go-sdk bump=69e78804 select=breaking breaking=2 compiler=breaks
time=2026-10-06T06:08:18.893Z level=INFO msg=window consumer=go-sdk bump=87bbb8cd select=breaking breaking=2 compiler=breaks
time=2026-10-06T06:08:27.842Z level=INFO msg=window consumer=go-sdk bump=e45054d1 select=unchanged breaking=0 compiler=compiles
time=2026-10-06T06:08:30.045Z level=INFO msg=window consumer=go-sdk bump=eaaaf9c2 select=unchanged breaking=0 compiler=compiles
time=2026-10-06T06:08:32.946Z level=INFO msg=window consumer=go-sdk bump=b6d9960c select=unchanged breaking=0 compiler=compiles
time=2026-10-06T06:08:37.290Z level=INFO msg=window consumer=go-sdk bump=5ef7aa22 select=unchanged breaking=0 compiler=compiles
time=2026-10-06T06:08:44.514Z level=INFO msg=window consumer=go-sdk bump=8c7cc2d6 select=unchanged breaking=0 compiler=compiles
time=2026-10-06T06:08:52.422Z level=INFO msg=window consumer=go-sdk bump=2e824851 select=unchanged breaking=0 compiler=compiles
time=2026-10-06T06:08:56.792Z level=INFO msg=window consumer=go-sdk bump=96757051 select=unchanged breaking=0 compiler=compiles
time=2026-10-06T06:08:58.608Z level=INFO msg=window consumer=go-sdk bump=9bc7d823 select=breaking breaking=14 compiler=breaks
time=2026-10-06T06:09:03.711Z level=INFO msg=window consumer=go-sdk bump=f9baae25 select=unchanged breaking=0 compiler=compiles
time=2026-10-06T06:09:11.318Z level=INFO msg=window consumer=go-sdk bump=282a58bc select=unchanged breaking=0 compiler=compiles
time=2026-10-06T06:09:24.386Z level=INFO msg=window consumer=go-sdk bump=c81a3818 select=breaking breaking=2 compiler=compiles
time=2026-10-06T06:09:28.642Z level=INFO msg=window consumer=go-sdk bump=81312e9d select=breaking breaking=4 compiler=breaks
time=2026-10-06T06:09:41.724Z level=INFO msg=window consumer=go-sdk bump=99b259fe select=breaking breaking=6 compiler=compiles
time=2026-10-06T06:09:52.531Z level=INFO msg=window consumer=go-sdk bump=444cb5a1 select=breaking breaking=123 compiler=compiles
time=2026-10-06T06:10:05.500Z level=INFO msg=window consumer=go-sdk bump=7ed9afce select=breaking breaking=6 compiler=compiles
time=2026-10-06T06:10:11.002Z level=INFO msg=window consumer=go-sdk bump=1dd64086 select=breaking breaking=12 compiler=compiles
time=2026-10-06T06:10:18.132Z level=INFO msg=window consumer=go-sdk bump=63b1ea1d select=additive breaking=0 compiler=compiles
time=2026-10-06T06:10:21.360Z level=INFO msg=window consumer=go-sdk bump=49ed4d09 select=unchanged breaking=0 compiler=compiles
time=2026-10-06T06:10:32.031Z level=INFO msg=window consumer=go-sdk bump=cefbadb3 select=additive breaking=0 compiler=compiles
time=2026-10-06T06:10:36.017Z level=INFO msg=window consumer=go-sdk bump=dce63f19 select=additive breaking=0 compiler=compiles
time=2026-10-06T06:10:36.197Z level=INFO msg=window consumer=go-sdk bump=16374cdb select=additive breaking=0 compiler=compiles
time=2026-10-06T06:10:39.242Z level=INFO msg=window consumer=go-sdk bump=897eb386 select=additive breaking=0 compiler=compiles
time=2026-10-06T06:10:41.243Z level=INFO msg=window consumer=go-sdk bump=4111304b select=additive breaking=0 compiler=compiles
time=2026-10-06T06:10:41.243Z level=INFO msg="suite built" suite=dapr windows_added=26
