go-sdk     5779353f NO_GO    source_build=NO_GO   compiler=baseline_fails     1.9s replay=true 
go-sdk     69e78804 NO_GO    source_build=NO_GO   compiler=breaks             2.0s replay=true 
go-sdk     87bbb8cd NO_GO    source_build=NO_GO   compiler=breaks             1.1s replay=true 
go-sdk     e45054d1 GO       source_build=GO      compiler=compiles           1.3s replay=true 
go-sdk     eaaaf9c2 GO       source_build=GO      compiler=compiles           1.8s replay=true 
go-sdk     5ef7aa22 GO       source_build=GO      compiler=compiles           0.2s replay=true 
go-sdk     b6d9960c GO       source_build=GO      compiler=compiles           1.8s replay=true 
go-sdk     8c7cc2d6 GO       source_build=GO      compiler=compiles           1.3s replay=true 
go-sdk     2e824851 GO       source_build=GO      compiler=compiles           1.3s replay=true 
go-sdk     96757051 GO       source_build=GO      compiler=compiles           1.7s replay=true 
go-sdk     9bc7d823 NO_GO    source_build=NO_GO   compiler=breaks             2.0s replay=true 
go-sdk     282a58bc GO       source_build=GO      compiler=compiles           0.3s replay=true 
go-sdk     f9baae25 GO       source_build=GO      compiler=compiles           1.2s replay=true 
go-sdk     c81a3818 GO       source_build=GO      compiler=compiles           1.7s replay=true 
go-sdk     81312e9d NO_GO    source_build=NO_GO   compiler=breaks             2.0s replay=true 
go-sdk     99b259fe NO_GO    source_build=GO      compiler=compiles           1.7s replay=true 
go-sdk     444cb5a1 GO       source_build=GO      compiler=compiles           1.7s replay=true 
go-sdk     7ed9afce GO       source_build=GO      compiler=compiles           1.9s replay=true 
go-sdk     1dd64086 GO       source_build=GO      compiler=compiles           2.0s replay=true 
go-sdk     63b1ea1d GO       source_build=GO      compiler=compiles           1.7s replay=true 
go-sdk     49ed4d09 GO       source_build=GO      compiler=compiles           1.5s replay=true 
go-sdk     cefbadb3 GO       source_build=GO      compiler=compiles           1.0s replay=true 
go-sdk     dce63f19 GO       source_build=GO      compiler=compiles           1.6s replay=true 
go-sdk     16374cdb GO       source_build=GO      compiler=compiles           1.9s replay=true 
go-sdk     897eb386 GO       source_build=GO      compiler=compiles           1.3s replay=true 
go-sdk     4111304b GO       source_build=GO      compiler=compiles           1.3s replay=true 
go-sdk/additive        windows=  6 | breaks= 0: caught= 0 WRONG_GO=0 abstained=0 | compiles= 6: GO= 6 FALSE_NOGO=0 abstained=0 (runtime-only NO-GO 0) | unavailable=0 (NO-GO 0, UNKNOWN 0, GO 0) | wire: judged=6 broken=0 RUNTIME_WRONG_GO=0 confirmed=0 unconfirmed=0 | errors=0 | replayed=6
go-sdk/breaking        windows= 10 | breaks= 4: caught= 4 WRONG_GO=0 abstained=0 | compiles= 5: GO= 5 FALSE_NOGO=0 abstained=0 (runtime-only NO-GO 1) | unavailable=1 (NO-GO 1, UNKNOWN 0, GO 0) | wire: judged=10 broken=2 RUNTIME_WRONG_GO=0 confirmed=2 unconfirmed=3 | errors=0 | replayed=10
go-sdk/unchanged       windows= 10 | breaks= 0: caught= 0 WRONG_GO=0 abstained=0 | compiles=10: GO=10 FALSE_NOGO=0 abstained=0 (runtime-only NO-GO 0) | unavailable=0 (NO-GO 0, UNKNOWN 0, GO 0) | wire: judged=10 broken=0 RUNTIME_WRONG_GO=0 confirmed=0 unconfirmed=0 | errors=0 | replayed=10
TOTAL                  windows= 26 | breaks= 4: caught= 4 WRONG_GO=0 abstained=0 | compiles=21: GO=21 FALSE_NOGO=0 abstained=0 (runtime-only NO-GO 1) | unavailable=1 (NO-GO 1, UNKNOWN 0, GO 0) | wire: judged=26 broken=2 RUNTIME_WRONG_GO=0 confirmed=2 unconfirmed=3 | errors=0 | replayed=26

26 windows in 20s with 2 workers; 0 differ from the baseline.
verifier gate: release gate failed: the suite has no baseline: record one with `verifier gate baseline`
