time=2026-10-05T18:14:56.005Z level=INFO msg=cloning repo=p-linkerd url=https://github.com/linkerd/linkerd2-proxy-api.git
time=2026-10-05T18:14:56.990Z level=INFO msg=cloning repo=c-linkerd url=https://github.com/linkerd/linkerd2.git
linkerd     fcb86cee GO       source_build=GO      compiler=compiles          101.5s 
linkerd     7c584d4e GO       source_build=GO      compiler=compiles            7.0s 
linkerd     9d153796 GO       source_build=GO      compiler=compiles           17.8s 
linkerd     2be6843a GO       source_build=GO      compiler=compiles            3.2s 
linkerd     2a2290ce GO       source_build=GO      compiler=compiles            2.4s 
linkerd     c5648ae2 GO       source_build=GO      compiler=compiles            6.4s 
linkerd     7c5fd84d GO       source_build=GO      compiler=compiles            6.2s 
linkerd     c9914c25 GO       source_build=GO      compiler=compiles            2.4s 
linkerd     a7387637 GO       source_build=GO      compiler=compiles            5.2s 
linkerd     f07d4b61 GO       source_build=GO      compiler=compiles            5.2s 
linkerd     2da43c5d GO       source_build=GO      compiler=compiles            3.4s 
linkerd     7c82fb17 GO       source_build=GO      compiler=compiles            2.6s 
linkerd     f1598b46 GO       source_build=GO      compiler=compiles            2.6s 
linkerd     58c52427 GO       source_build=GO      compiler=compiles            2.0s 
linkerd     ad750d83 GO       source_build=GO      compiler=compiles            2.0s 
linkerd     afca924a GO       source_build=GO      compiler=compiles            1.9s 
linkerd     afd13fc7 GO       source_build=GO      compiler=compiles            1.9s 
linkerd     9efe50fd GO       source_build=GO      compiler=compiles           12.1s 
linkerd     b2f7219b GO       source_build=GO      compiler=compiles            7.9s 
linkerd     9762c9f8 GO       source_build=GO      compiler=compiles            2.9s 
linkerd       20 decisions  GO  20  NO-GO   0  UNKNOWN   0 ( 0.0%)  errors 0 | compiler judged  20: agree  20  WRONG_GO 0  FALSE_NOGO 0  UNKNOWN 0 | not judged 0
TOTAL         20 decisions  GO  20  NO-GO   0  UNKNOWN   0 ( 0.0%)  errors 0 | compiler judged  20: agree  20  WRONG_GO 0  FALSE_NOGO 0  UNKNOWN 0 | not judged 0

20 windows in 3m21s.
exit 0
