time=2026-10-07T14:03:33.431Z level=INFO msg=cloning repo=p-contour url=https://github.com/envoyproxy/data-plane-api.git
time=2026-10-07T14:03:33.825Z level=INFO msg=cloning repo=c-contour url=https://github.com/projectcontour/contour.git
contour     13f4ab87 GO       source_build=GO      compiler=-                   0.7s 
contour     bdbce6fd GO       source_build=GO      compiler=-                  11.4s 
contour     d0e08c43 GO       source_build=GO      compiler=-                   1.5s 
contour     4ec8ef41 GO       source_build=GO      compiler=-                   1.3s 
contour     17bb3720 GO       source_build=GO      compiler=-                   1.3s 
contour     c12d94ba GO       source_build=GO      compiler=-                   1.5s 
contour     3c0a7178 GO       source_build=GO      compiler=-                   1.4s 
contour     cb3cf8e2 GO       source_build=GO      compiler=-                   1.4s 
contour     b160ada0 GO       source_build=GO      compiler=-                   1.3s 
contour     e23a28a4 GO       source_build=GO      compiler=-                   0.4s 
contour     0a4d703e GO       source_build=GO      compiler=-                   1.3s 
contour     1b5b16d1 GO       source_build=GO      compiler=-                   1.3s 
contour     c8bad640 UNKNOWN  source_build=UNKNOWN compiler=-                   1.3s 
contour     960886eb GO       source_build=GO      compiler=-                   1.3s 
contour     e49d9f52 GO       source_build=GO      compiler=-                   0.4s 
contour     95eef5d7 GO       source_build=GO      compiler=-                   1.3s 
contour     b201629b GO       source_build=GO      compiler=-                   1.4s 
contour     24ab7757 GO       source_build=GO      compiler=-                   1.2s 
contour     a938fc00 GO       source_build=GO      compiler=-                   1.2s 
contour     d663517e GO       source_build=GO      compiler=-                   1.3s 
contour       20 decisions  GO  19  NO-GO   0  UNKNOWN   1 ( 5.0%)  errors 0 | compiler judged   0: agree   0  WRONG_GO 0  FALSE_NOGO 0  UNKNOWN 0 | not judged 20
TOTAL         20 decisions  GO  19  NO-GO   0  UNKNOWN   1 ( 5.0%)  errors 0 | compiler judged   0: agree   0  WRONG_GO 0  FALSE_NOGO 0  UNKNOWN 0 | not judged 20

UNKNOWN reasons across all: windows, ecosystems, an example
    1   1  OPTION_CHANGED (e.g. contour@c8bad6409bfae9f48ebb6fcb083b6ca17a48a390)

20 windows in 36s.
exit 0
