time=2026-10-07T14:51:39.857Z level=INFO msg=cloning repo=p-dapr url=https://github.com/dapr/dapr.git
time=2026-10-07T14:51:41.317Z level=INFO msg=cloning repo=c-dapr url=https://github.com/dapr/go-sdk.git
dapr        3d9dbe6e GO       source_build=GO      compiler=compiles           31.9s 
dapr        e2030a5f GO       source_build=GO      compiler=compiles            6.1s 
dapr        19e9dbd4 GO       source_build=GO      compiler=compiles            3.4s 
dapr        cd72c15f GO       source_build=GO      compiler=compiles            6.5s 
dapr        8fd31d16 GO       source_build=GO      compiler=compiles            4.5s 
dapr        df9137ce GO       source_build=GO      compiler=compiles            6.6s 
dapr        a86c03bd GO       source_build=GO      compiler=compiles            2.9s 
dapr        d16e4ded GO       source_build=GO      compiler=compiles            2.9s 
dapr        6d8290ef GO       source_build=GO      compiler=compiles            2.6s 
dapr        88a04ddb GO       source_build=GO      compiler=compiles            3.7s 
dapr        1ebb8588 GO       source_build=GO      compiler=-                   0.5s 
dapr        1b4bef84 GO       source_build=GO      compiler=compiles            2.1s 
dapr        39c1ef7f GO       source_build=GO      compiler=compiles            2.1s 
dapr        c581fa82 GO       source_build=GO      compiler=compiles            2.1s 
dapr        c8463fcc GO       source_build=GO      compiler=compiles            2.2s 
dapr        5da1cdbf GO       source_build=GO      compiler=compiles            1.5s 
dapr        f2d61989 GO       source_build=GO      compiler=compiles            1.7s 
dapr        60cd667f GO       source_build=GO      compiler=compiles            4.2s 
dapr        c9db84ed GO       source_build=GO      compiler=compiles            3.2s 
dapr        d4c6ba52 GO       source_build=GO      compiler=compiles            1.4s 
dapr          20 decisions  GO  20  NO-GO   0  UNKNOWN   0 ( 0.0%)  errors 0 | compiler judged  19: agree  19  WRONG_GO 0  FALSE_NOGO 0  UNKNOWN 0 | not judged 1
TOTAL         20 decisions  GO  20  NO-GO   0  UNKNOWN   0 ( 0.0%)  errors 0 | compiler judged  19: agree  19  WRONG_GO 0  FALSE_NOGO 0  UNKNOWN 0 | not judged 1

20 windows in 1m36s.
exit 0
