time=2026-10-06T09:34:02.532Z level=INFO msg=cloning repo=p-lnd url=https://github.com/lightningnetwork/lnd.git
time=2026-10-06T09:34:04.656Z level=INFO msg=cloning repo=c-lnd url=https://github.com/lightninglabs/lndclient.git
lnd         112cb5f3 GO       source_build=GO      compiler=compiles          159.4s 
lnd         9b634bfd GO       source_build=GO      compiler=compiles           97.5s 
lnd         044d260b GO       source_build=GO      compiler=compiles           80.5s 
lnd         cee8ed62 GO       source_build=GO      compiler=compiles           81.3s 
lnd         515ceaac GO       source_build=GO      compiler=compiles           18.6s 
lnd         1f324ebd GO       source_build=GO      compiler=compiles           78.9s 
lnd         53da78ad GO       source_build=GO      compiler=compiles           86.6s 
lnd         10dfc9e0 GO       source_build=GO      compiler=compiles           75.3s 
lnd         b309be58 GO       source_build=GO      compiler=compiles           72.6s 
lnd         9a6a3a70 GO       source_build=GO      compiler=compiles           37.3s 
lnd         5ecef3d3 GO       source_build=GO      compiler=compiles            3.8s 
lnd         14640a50 GO       source_build=GO      compiler=compiles           73.3s 
lnd         40c64f9d GO       source_build=GO      compiler=compiles           41.3s 
lnd         f55c0565 GO       source_build=GO      compiler=compiles           46.6s 
lnd         c4a67b68 GO       source_build=GO      compiler=compiles            5.1s 
lnd         8909c2fb GO       source_build=GO      compiler=compiles           30.5s 
lnd         c5733c40 GO       source_build=GO      compiler=compiles            5.7s 
lnd         dfeb678a GO       source_build=GO      compiler=compiles            1.7s 
lnd         0aa1d8bd UNKNOWN  source_build=GO      compiler=compiles            9.9s 
lnd         361cdba0 UNKNOWN  source_build=GO      compiler=compiles            3.0s 
lnd           20 decisions  GO  18  NO-GO   0  UNKNOWN   2 (10.0%)  errors 0 | compiler judged  20: agree  20  WRONG_GO 0  FALSE_NOGO 0  UNKNOWN 0 | not judged 0
TOTAL         20 decisions  GO  18  NO-GO   0  UNKNOWN   2 (10.0%)  errors 0 | compiler judged  20: agree  20  WRONG_GO 0  FALSE_NOGO 0  UNKNOWN 0 | not judged 0

UNKNOWN reasons across all: windows, ecosystems, an example
    2   1  DESCRIPTOR_REFLECTION (e.g. lnd@0aa1d8bdd6a5cbb10561d3a05d178a612663ba54)
    1   1  WHOLE_MESSAGE_FLOW (e.g. lnd@361cdba0dfb6d24530071752578eb270cf8e1592)

20 windows in 16m52s.
exit 0
