time=2026-10-05T18:55:13.022Z level=INFO msg=cloning repo=p-etcd url=https://github.com/etcd-io/etcd.git
time=2026-10-05T18:55:15.176Z level=INFO msg=cloning repo=c-etcd url=https://github.com/etcd-io/etcd.git
etcd        d098a8b5 GO       source_build=GO      compiler=compiles           27.4s 
etcd        ee374bdc GO       source_build=GO      compiler=compiles            5.6s 
etcd        84e612f3 NO_GO    source_build=NO_GO   compiler=compiles            5.2s 
etcd        ff2e00f5 NO_GO    source_build=NO_GO   compiler=-                   1.1s 
etcd        c4e53cdd NO_GO    source_build=NO_GO   compiler=-                   0.6s 
etcd        74f54e6f NO_GO    source_build=NO_GO   compiler=-                   1.1s 
etcd        c2251842 NO_GO    source_build=NO_GO   compiler=compiles            5.2s 
etcd        121e8a3d NO_GO    source_build=NO_GO   compiler=-                   0.2s 
etcd        55035cab NO_GO    source_build=NO_GO   compiler=-                   1.5s 
etcd        75932ca1 NO_GO    source_build=NO_GO   compiler=-                   1.1s 
etcd        b428dc25 NO_GO    source_build=NO_GO   compiler=-                   0.7s 
etcd        073d46a5 NO_GO    source_build=NO_GO   compiler=compiles            4.1s 
etcd        c501d6bf GO       source_build=GO      compiler=compiles            3.5s 
etcd        f5409c42 GO       source_build=GO      compiler=-                   0.3s 
etcd        022b9b22 GO       source_build=GO      compiler=compiles            4.2s 
etcd        97c63c9f GO       source_build=GO      compiler=compiles            3.3s 
etcd        9d57554c NO_GO    source_build=NO_GO   compiler=compiles            1.4s 
etcd        2eca68e3 NO_GO    source_build=NO_GO   compiler=compiles            3.4s 
etcd        63fe0f28 NO_GO    source_build=NO_GO   compiler=compiles            3.0s 
etcd        4155d8bb GO       source_build=GO      compiler=compiles            4.0s 
etcd          20 decisions  GO   7  NO-GO  13  UNKNOWN   0 ( 0.0%)  errors 0 | compiler judged  12: agree  12  WRONG_GO 0  FALSE_NOGO 0  UNKNOWN 0 | not judged 8
TOTAL         20 decisions  GO   7  NO-GO  13  UNKNOWN   0 ( 0.0%)  errors 0 | compiler judged  12: agree  12  WRONG_GO 0  FALSE_NOGO 0  UNKNOWN 0 | not judged 8

UNKNOWN reasons across all: windows, ecosystems, an example
    4   1  CONTRACT_COMPILE_ERROR (e.g. etcd@c4e53cdd272eb75eac8ab814fea74337c8fd0d1d)
    2   1  NEEDS_REVIEW (e.g. etcd@84e612f39b82d1c8ee3f884a59e3f973209d8fbc)
    1   1  OPTION_CHANGED (e.g. etcd@55035caba28ac42c0eefc2b31e9f89127ec4a8c4)
    1   1  WHOLE_MESSAGE_FLOW (e.g. etcd@073d46a558de734e5e86ff2f84cd2f54f990f75d)

20 windows in 1m23s.
exit 0
