nerdctl    7aa8ca9b NO_GO    source_build=NO_GO   compiler=compiles           5.0s replay=true 
nerdctl    72c42eae NO_GO    source_build=NO_GO   compiler=bump_side_effect   5.3s replay=true 
nerdctl    c94d0ccf GO       source_build=GO      compiler=compiles           4.0s replay=true 
nerdctl    b34e0902 GO       source_build=GO      compiler=compiles           3.9s replay=true 
nerdctl    43000329 GO       source_build=GO      compiler=compiles           4.5s replay=true 
nerdctl    59b5b61b GO       source_build=GO      compiler=compiles           4.7s replay=true 
nerdctl    c3dd63fe UNKNOWN  source_build=UNKNOWN compiler=compiles           3.9s replay=true 
nerdctl    a01031da GO       source_build=GO      compiler=compiles           4.2s replay=true 
nerdctl    69f8f783 GO       source_build=GO      compiler=compiles           4.2s replay=true 
nerdctl    c64d81d4 GO       source_build=GO      compiler=compiles           4.6s replay=true 
nerdctl    673484ac GO       source_build=GO      compiler=compiles           3.6s replay=true 
nerdctl    60c8491d GO       source_build=GO      compiler=compiles           3.6s replay=true 
nerdctl    4e5cc62b UNKNOWN  source_build=UNKNOWN compiler=compiles           2.6s replay=true 
nerdctl/additive       windows=  6 | breaks= 0: caught= 0 WRONG_GO=0 abstained=0 | compiles= 6: GO= 4 FALSE_NOGO=0 abstained=2 (runtime-only NO-GO 0) | unavailable=0 (NO-GO 0, UNKNOWN 0, GO 0) | wire: judged=6 broken=0 RUNTIME_WRONG_GO=0 confirmed=0 unconfirmed=0 | errors=0 | replayed=6
nerdctl/breaking       windows=  2 | breaks= 0: caught= 0 WRONG_GO=0 abstained=0 | compiles= 1: GO= 0 FALSE_NOGO=1 abstained=0 (runtime-only NO-GO 0) | unavailable=1 (NO-GO 1, UNKNOWN 0, GO 0) | wire: judged=2 broken=0 RUNTIME_WRONG_GO=0 confirmed=0 unconfirmed=1 | errors=0 | replayed=2
nerdctl/unchanged      windows=  5 | breaks= 0: caught= 0 WRONG_GO=0 abstained=0 | compiles= 5: GO= 5 FALSE_NOGO=0 abstained=0 (runtime-only NO-GO 0) | unavailable=0 (NO-GO 0, UNKNOWN 0, GO 0) | wire: judged=5 broken=0 RUNTIME_WRONG_GO=0 confirmed=0 unconfirmed=0 | errors=0 | replayed=5
TOTAL                  windows= 13 | breaks= 0: caught= 0 WRONG_GO=0 abstained=0 | compiles=12: GO= 9 FALSE_NOGO=1 abstained=2 (runtime-only NO-GO 0) | unavailable=1 (NO-GO 1, UNKNOWN 0, GO 0) | wire: judged=13 broken=0 RUNTIME_WRONG_GO=0 confirmed=0 unconfirmed=1 | errors=0 | replayed=13
  FAILED nerdctl@7aa8ca9b65e9..080d35b9: false_nogo: cmd/nerdctl/completion.go:41, cmd/nerdctl/completion.go:48, cmd/nerdctl/completion.go:53
  WITHIN THE UNKNOWN LIMIT nerdctl@c3dd63fe0fb8..4f0b20fe: unknown_on_safe: GO_API_CHANGED_USED_BY_CALLER
  WITHIN THE UNKNOWN LIMIT nerdctl@4e5cc62bf19a..74b465dc: unknown_on_safe: GO_API_CHANGED_USED_BY_CALLER

13 windows in 28s with 2 workers; 0 differ from the baseline.
verifier gate: release gate failed: 1 unexpected failures; the suite has no baseline: record one with `verifier gate baseline`
