time=2026-10-06T09:32:37.326Z level=INFO msg=skip consumer=milvus-client bump=1671c789 old=v2.4.3 new=v2.3.4-0.20240430035521-259ae1d10016 reason=not_forward
time=2026-10-06T09:32:41.554Z level=INFO msg=skip consumer=milvus-client bump=e1f5dafe old=v2.6.6-0.20260113024922-c7feeb806088 new=v2.6.6-0.20260129065928-046ced892c8b reason=not_sampled
time=2026-10-06T09:32:41.554Z level=INFO msg=skip consumer=milvus-client bump=5d90b653 old=v2.6.0-rc.1 new=v2.6.0-rc.1.0.20250716031043-88051c3893ce reason=not_sampled
time=2026-10-06T09:32:41.554Z level=INFO msg=skip consumer=milvus-client bump=c00005bd old=v2.5.0-beta.0.20250325034212-6e98baa34971 new=v2.5.0-beta.0.20250520065019-02ce2e62a9fd reason=not_sampled
time=2026-10-06T09:32:41.554Z level=INFO msg=skip consumer=milvus-client bump=b4743b4c old=v2.3.4-0.20240717062137-3ffb1db01632 new=v2.3.4-0.20240815123953-6dab6fcd6454 reason=not_sampled
time=2026-10-06T09:32:41.554Z level=INFO msg=skip consumer=milvus-client bump=6b4171e7 old=v2.6.6-0.20260129065928-046ced892c8b new=v2.6.6-0.20260202035249-b2c299650f7e reason=not_sampled
time=2026-10-06T09:32:41.554Z level=INFO msg=skip consumer=milvus-client bump=c1429748 old=v2.6.2-0.20250901025546-3cddc9bb1357 new=v2.6.2 reason=not_sampled
time=2026-10-06T09:32:41.554Z level=INFO msg=skip consumer=milvus-client bump=911a8df1 old=v2.5.0-beta.0.20250520065019-02ce2e62a9fd new=v2.5.0-beta.0.20250604032224-16218b12b847 reason=not_sampled
time=2026-10-06T09:32:41.554Z level=INFO msg=skip consumer=milvus-client bump=4ee6c692 old=v2.3.4-0.20240613032350-814e4bddd264 new=v2.3.4-0.20240717062137-3ffb1db01632 reason=not_sampled
time=2026-10-06T09:32:41.554Z level=INFO msg=skip consumer=milvus-client bump=92d2fb63 old=v2.6.2 new=v2.6.2-0.20250911093549-4cc2bace3f8c reason=not_sampled
time=2026-10-06T09:32:41.554Z level=INFO msg=skip consumer=milvus-client bump=3b7b7e7e old=v2.5.0-beta.0.20250214033407-ad08272e542b new=v2.5.0-beta.0.20250225103150-0a1988183e53 reason=not_sampled
time=2026-10-06T09:32:41.554Z level=INFO msg=skip consumer=milvus-client bump=8c9dab5c old=v2.3.4-0.20241108105827-266fb751b620 new=v2.3.4-0.20241120015424-93892e628c69 reason=not_sampled
time=2026-10-06T09:32:41.554Z level=INFO msg=skip consumer=milvus-client bump=26c5c779 old=v2.6.1-0.20250807065533-ebdc11f5df17 new=v2.6.1-0.20250819024338-07695f709619 reason=not_sampled
time=2026-10-06T09:32:41.554Z level=INFO msg=skip consumer=milvus-client bump=f32f2694 old=v2.6.6-0.20251124145901-0b96e4c8af45 new=v2.6.6-0.20251210030907-6087c9c0bad6 reason=not_sampled
time=2026-10-06T09:32:41.554Z level=INFO msg=skip consumer=milvus-client bump=b0248dd2 old=v2.6.6-0.20260304062516-e7e54d966ef2 new=v2.6.6-0.20260309063517-8b5776d31f2b reason=not_sampled
time=2026-10-06T09:32:41.554Z level=INFO msg=skip consumer=milvus-client bump=ad72fd96 old=v2.5.0-beta.0.20250102080446-c3ba3d26a90f new=v2.5.0-beta.0.20250107132849-4099923438e6 reason=not_sampled
time=2026-10-06T09:32:41.554Z level=INFO msg=skip consumer=milvus-client bump=f163e94f old=v2.6.6-0.20260202035249-b2c299650f7e new=v2.6.6-0.20260304062516-e7e54d966ef2 reason=not_sampled
time=2026-10-06T09:32:41.554Z level=INFO msg=mined consumer=milvus-client pin_moves=42 to_compile=25 skipped="map[not_forward:1 not_sampled:16]"
time=2026-10-06T09:33:16.763Z level=INFO msg=canary consumer=milvus-client at=ef41f80bd0add2e3573d6019bd2b6ad69b68329b^ outcome=breaks detail="canary: github.com/milvus-io/milvus-proto/go-api/v2/commonpb removed."
time=2026-10-06T09:33:21.414Z level=INFO msg=window consumer=milvus-client bump=ef41f80b select=breaking breaking=11 compiler=compiles
time=2026-10-06T09:33:41.188Z level=INFO msg=window consumer=milvus-client bump=b2d83d33 select=breaking breaking=2 compiler=compiles
time=2026-10-06T09:33:41.188Z level=INFO msg=window consumer=milvus-client bump=97db7be5 select=breaking breaking=1 compiler=compiles
time=2026-10-06T09:34:11.931Z level=INFO msg=window consumer=milvus-client bump=83d2729f select=breaking breaking=2 compiler=compiles
time=2026-10-06T09:34:13.543Z level=INFO msg=window consumer=milvus-client bump=c39db115 select=breaking breaking=3 compiler=compiles
time=2026-10-06T09:34:34.475Z level=INFO msg=window consumer=milvus-client bump=ce480c3f select=breaking breaking=2 compiler=compiles
time=2026-10-06T09:34:35.496Z level=INFO msg=window consumer=milvus-client bump=fd45e8bf select=breaking breaking=3 compiler=compiles
time=2026-10-06T09:35:05.411Z level=INFO msg=window consumer=milvus-client bump=4376876f select=unchanged breaking=0 compiler=compiles
time=2026-10-06T09:35:05.693Z level=INFO msg=window consumer=milvus-client bump=9976e8e2 select=unchanged breaking=0 compiler=compiles
time=2026-10-06T09:35:25.296Z level=INFO msg=window consumer=milvus-client bump=1185fbec select=unchanged breaking=0 compiler=compiles
time=2026-10-06T09:35:46.344Z level=INFO msg=window consumer=milvus-client bump=cebe923d select=breaking breaking=3 compiler=compiles
time=2026-10-06T09:35:46.581Z level=INFO msg=window consumer=milvus-client bump=1e489118 select=breaking breaking=4 compiler=breaks
time=2026-10-06T09:36:12.634Z level=INFO msg=window consumer=milvus-client bump=d3164e80 select=breaking breaking=6 compiler=compiles
time=2026-10-06T09:36:23.021Z level=INFO msg=window consumer=milvus-client bump=3f063a29 select=breaking breaking=8 compiler=breaks
time=2026-10-06T09:36:35.126Z level=INFO msg=window consumer=milvus-client bump=f51de1a8 select=breaking breaking=1 compiler=compiles
time=2026-10-06T09:36:47.749Z level=INFO msg=window consumer=milvus-client bump=88950587 select=breaking breaking=3 compiler=compiles
time=2026-10-06T09:37:03.557Z level=INFO msg=window consumer=milvus-client bump=b3890685 select=breaking breaking=3 compiler=compiles
time=2026-10-06T09:37:25.731Z level=INFO msg=window consumer=milvus-client bump=e87cc36e select=breaking breaking=7 compiler=compiles
time=2026-10-06T09:37:33.808Z level=INFO msg=window consumer=milvus-client bump=1b9c0b42 select=breaking breaking=3 compiler=compiles
time=2026-10-06T09:37:41.454Z level=INFO msg=window consumer=milvus-client bump=1b7562a7 select=additive breaking=0 compiler=compiles
time=2026-10-06T09:37:48.978Z level=INFO msg=window consumer=milvus-client bump=84e8e141 select=additive breaking=0 compiler=compiles
time=2026-10-06T09:37:51.898Z level=INFO msg=window consumer=milvus-client bump=51f69f32 select=additive breaking=0 compiler=compiles
time=2026-10-06T09:37:59.910Z level=INFO msg=window consumer=milvus-client bump=f32830e0 select=additive breaking=0 compiler=compiles
time=2026-10-06T09:38:07.202Z level=INFO msg=window consumer=milvus-client bump=b98b3b16 select=additive breaking=0 compiler=compiles
time=2026-10-06T09:38:10.468Z level=INFO msg=window consumer=milvus-client bump=c8789513 select=additive breaking=0 compiler=compiles
