milvus-client ef41f80b UNKNOWN  source_build=UNKNOWN compiler=compiles           5.4s replay=true 
milvus-client 97db7be5 GO       source_build=GO      compiler=compiles           5.5s replay=true 
milvus-client 83d2729f NO_GO    source_build=UNKNOWN compiler=compiles           3.8s replay=true 
milvus-client c39db115 GO       source_build=GO      compiler=compiles           3.9s replay=true 
milvus-client ce480c3f NO_GO    source_build=GO      compiler=compiles           3.5s replay=true 
milvus-client fd45e8bf GO       source_build=GO      compiler=compiles           3.8s replay=true 
milvus-client 1e489118 UNKNOWN  source_build=UNKNOWN compiler=breaks             4.8s replay=true 
milvus-client cebe923d UNKNOWN  source_build=GO      compiler=compiles           7.4s replay=true 
milvus-client d3164e80 GO       source_build=GO      compiler=compiles           3.9s replay=true 
milvus-client f51de1a8 GO       source_build=GO      compiler=compiles           3.8s replay=true 
milvus-client 3f063a29 NO_GO    source_build=NO_GO   compiler=breaks             8.5s replay=true 
milvus-client 88950587 GO       source_build=GO      compiler=compiles           3.3s replay=true 
milvus-client b3890685 GO       source_build=GO      compiler=compiles           4.0s replay=true 
milvus-client e87cc36e UNKNOWN  source_build=UNKNOWN compiler=compiles           4.4s replay=true 
milvus-client 84e8e141 GO       source_build=GO      compiler=compiles           2.9s replay=true 
milvus-client 1b7562a7 NO_GO    source_build=GO      compiler=compiles           3.2s replay=true 
milvus-client 1b9c0b42 UNKNOWN  source_build=GO      compiler=compiles           7.9s replay=true 
milvus-client f32830e0 NO_GO    source_build=GO      compiler=compiles           2.5s replay=true 
milvus-client 51f69f32 GO       source_build=GO      compiler=compiles           3.1s replay=true 
milvus-client b98b3b16 GO       source_build=GO      compiler=compiles           3.0s replay=true 
milvus-client c8789513 GO       source_build=GO      compiler=compiles           2.6s replay=true 
milvus-client/additive windows=  6 | breaks= 0: caught= 0 WRONG_GO=0 abstained=0 | compiles= 6: GO= 6 FALSE_NOGO=0 abstained=0 (runtime-only NO-GO 2) | unavailable=0 (NO-GO 0, UNKNOWN 0, GO 0) | wire: judged=6 broken=0 RUNTIME_WRONG_GO=0 confirmed=0 unconfirmed=2 | errors=0 | replayed=6
milvus-client/breaking windows= 15 | breaks= 2: caught= 1 WRONG_GO=0 abstained=1 | compiles=13: GO=10 FALSE_NOGO=0 abstained=3 (runtime-only NO-GO 1) | unavailable=0 (NO-GO 0, UNKNOWN 0, GO 0) | wire: judged=15 broken=0 RUNTIME_WRONG_GO=0 confirmed=0 unconfirmed=2 | errors=0 | replayed=15
TOTAL                  windows= 21 | breaks= 2: caught= 1 WRONG_GO=0 abstained=1 | compiles=19: GO=16 FALSE_NOGO=0 abstained=3 (runtime-only NO-GO 3) | unavailable=0 (NO-GO 0, UNKNOWN 0, GO 0) | wire: judged=21 broken=0 RUNTIME_WRONG_GO=0 confirmed=0 unconfirmed=4 | errors=0 | replayed=21
  FAILED milvus-client@1e48911825bb..d157e5f6: unknown_on_break: /home/runner/go/pkg/mod/github.com/milvus-io/milvus/pkg/v2@v2.6.3/proto/datapb/data_coord.pb.go:9039:22: undefined: commonpb.FileResourceType | /home/runner/go/pkg/mod/github.com/milvus-io/milvus/pkg/v2@v2.6.3/proto/datapb/data_coord.pb.go:9095:47: undefined: commonpb.FileResourceType | /home/runner/go/pkg/mod/github.com/milvus-io/milvus/pkg/v2@v2.6.3/proto/datapb/data_coord.pb.go:9099:18: undefined: commonpb.FileResourceType

21 windows in 46s with 2 workers; 0 differ from the baseline.
verifier gate: release gate failed: 1 unexpected failures; the suite has no baseline: record one with `verifier gate baseline`; 3 of 19 compiler-safe windows only UNKNOWN (more than 5%)
