time=2026-10-06T14:09:42.776Z level=INFO msg=cloning repo=p-dapr url=https://github.com/dapr/dapr.git
time=2026-10-06T14:09:43.521Z level=INFO msg=cloning repo=c-dapr url=https://github.com/dapr/go-sdk.git
dapr        3d9dbe6e GO       source_build=GO      compiler=compiles           31.4s 
dapr        e2030a5f GO       source_build=GO      compiler=compiles            8.4s 
dapr        19e9dbd4 GO       source_build=GO      compiler=compiles            3.8s 
dapr        cd72c15f GO       source_build=GO      compiler=compiles            8.0s 
dapr        8fd31d16 GO       source_build=GO      compiler=compiles            5.8s 
dapr        df9137ce GO       source_build=GO      compiler=compiles            9.7s 
dapr        a86c03bd GO       source_build=GO      compiler=compiles            3.7s 
dapr        d16e4ded GO       source_build=GO      compiler=compiles            2.8s 
dapr        6d8290ef GO       source_build=GO      compiler=compiles            2.0s 
dapr        88a04ddb GO       source_build=GO      compiler=compiles            5.7s 
dapr        1ebb8588 GO       source_build=GO      compiler=-                   0.8s 
dapr        1b4bef84 GO       source_build=GO      compiler=compiles            3.2s 
dapr        39c1ef7f GO       source_build=GO      compiler=compiles            3.0s 
dapr        c581fa82 GO       source_build=GO      compiler=compiles            2.4s 
dapr        c8463fcc GO       source_build=GO      compiler=compiles            2.8s 
dapr        5da1cdbf GO       source_build=GO      compiler=compiles            1.9s 
dapr        f2d61989 GO       source_build=GO      compiler=compiles            1.2s 
dapr        60cd667f GO       source_build=GO      compiler=compiles            3.4s 
dapr        c9db84ed GO       source_build=GO      compiler=compiles            3.2s 
dapr        d4c6ba52 GO       source_build=GO      compiler=compiles            0.9s 
dapr          20 decisions  GO  20  NO-GO   0  UNKNOWN   0 ( 0.0%)  errors 0 | compiler judged  19: agree  19  WRONG_GO 0  FALSE_NOGO 0  UNKNOWN 0 | not judged 1
TOTAL         20 decisions  GO  20  NO-GO   0  UNKNOWN   0 ( 0.0%)  errors 0 | compiler judged  19: agree  19  WRONG_GO 0  FALSE_NOGO 0  UNKNOWN 0 | not judged 1

20 windows in 1m45s.
exit 0
