== verify exit 3
VERDICT NO_GO {'generated_code': 'GO', 'runtime': 'NO_GO', 'source_build': 'UNKNOWN'}
CALLER c docsgen generated: go.opentelemetry.io/collector/pdata/internal/data/protogen/collector/logs/v1@v1.44.0 protoc-gen-go=- protoc-gen-go-grpc=- protoc=-; go.opentelemetry.io/collector/pdata/internal/data/protogen/collector/metrics/v1@v1.44.0 protoc-gen-go=- protoc-gen-go-grpc=- protoc=-; go.opentelemetry.io/collector/pdata/internal/data/protogen/collector/profiles/v1development@v1.44.0 protoc-gen-go=- protoc-gen-go-grpc=- protoc=-; go.opentelemetry.io/collector/pdata/internal/data/protogen/collector/trace/v1@v1.44.0 protoc-gen-go=- protoc-gen-go-grpc=- protoc=-; go.opentelemetry.io/collector/pdata/internal/data/pro
   USE vendor/go.opentelemetry.io/collector/pdata/internal/generated_wrapper_anyvalue.go 15 import opentelemetry/proto/common/v1/common.proto shipped= True module= 
   USE vendor/go.opentelemetry.io/collector/pdata/internal/generated_wrapper_anyvalue.go 23 construct opentelemetry.proto.common.v1.AnyValue shipped= True module= 
   USE vendor/go.opentelemetry.io/collector/pdata/internal/generated_wrapper_anyvalue.go 23 message_type opentelemetry.proto.common.v1.AnyValue shipped= True module= 
   USE vendor/go.opentelemetry.io/collector/pdata/internal/generated_wrapper_anyvalue.go 29 write opentelemetry.proto.common.v1.AnyValue.#1 shipped= True module= 
   USE vendor/go.opentelemetry.io/collector/pdata/internal/generated_wrapper_anyvalue.go 29 oneof_case opentelemetry.proto.common.v1.AnyValue.#1 shipped= True module= 
   USE vendor/go.opentelemetry.io/collector/pdata/internal/generated_wrapper_anyvalue.go 35 write opentelemetry.proto.common.v1.AnyValue.#2 shipped= True module= 
   USE vendor/go.opentelemetry.io/collector/pdata/internal/generated_wrapper_anyvalue.go 35 oneof_case opentelemetry.proto.common.v1.AnyValue.#2 shipped= True module= 
   USE vendor/go.opentelemetry.io/collector/pdata/internal/generated_wrapper_anyvalue.go 41 write opentelemetry.proto.common.v1.AnyValue.#3 shipped= True module= 
   USE vendor/go.opentelemetry.io/collector/pdata/internal/generated_wrapper_anyvalue.go 41 oneof_case opentelemetry.proto.common.v1.AnyValue.#3 shipped= True module= 
   USE vendor/go.opentelemetry.io/collector/pdata/internal/generated_wrapper_anyvalue.go 47 write opentelemetry.proto.common.v1.AnyValue.#4 shipped= True module= 
   USE vendor/go.opentelemetry.io/collector/pdata/internal/generated_wrapper_anyvalue.go 47 oneof_case opentelemetry.proto.common.v1.AnyValue.#4 shipped= True module= 
   USE vendor/go.opentelemetry.io/collector/pdata/internal/generated_wrapper_anyvalue.go 53 write opentelemetry.proto.common.v1.AnyValue.#5 shipped= True module= 
CALLER c parquetquerygen generated: go.opentelemetry.io/collector/pdata/internal/data/protogen/collector/logs/v1@v1.44.0 protoc-gen-go=- protoc-gen-go-grpc=- protoc=-; go.opentelemetry.io/collector/pdata/internal/data/protogen/collector/metrics/v1@v1.44.0 protoc-gen-go=- protoc-gen-go-grpc=- protoc=-; go.opentelemetry.io/collector/pdata/internal/data/protogen/collector/profiles/v1development@v1.44.0 protoc-gen-go=- protoc-gen-go-grpc=- protoc=-; go.opentelemetry.io/collector/pdata/internal/data/protogen/collector/trace/v1@v1.44.0 protoc-gen-go=- protoc-gen-go-grpc=- protoc=-; go.opentelemetry.io/collector/pdata/internal/data/pro
CALLER c tempo generated: go.opentelemetry.io/collector/pdata/internal/data/protogen/collector/logs/v1@v1.44.0 protoc-gen-go=- protoc-gen-go-grpc=- protoc=-; go.opentelemetry.io/collector/pdata/internal/data/protogen/collector/metrics/v1@v1.44.0 protoc-gen-go=- protoc-gen-go-grpc=- protoc=-; go.opentelemetry.io/collector/pdata/internal/data/protogen/collector/profiles/v1development@v1.44.0 protoc-gen-go=- protoc-gen-go-grpc=- protoc=-; go.opentelemetry.io/collector/pdata/internal/data/protogen/collector/trace/v1@v1.44.0 protoc-gen-go=- protoc-gen-go-grpc=- protoc=-; go.opentelemetry.io/collector/pdata/internal/data/pro
   USE vendor/go.opentelemetry.io/collector/pdata/internal/generated_wrapper_anyvalue.go 15 import opentelemetry/proto/common/v1/common.proto shipped= True module= 
   USE vendor/go.opentelemetry.io/collector/pdata/internal/generated_wrapper_anyvalue.go 23 construct opentelemetry.proto.common.v1.AnyValue shipped= True module= 
   USE vendor/go.opentelemetry.io/collector/pdata/internal/generated_wrapper_anyvalue.go 23 message_type opentelemetry.proto.common.v1.AnyValue shipped= True module= 
   USE vendor/go.opentelemetry.io/collector/pdata/internal/generated_wrapper_anyvalue.go 29 write opentelemetry.proto.common.v1.AnyValue.#1 shipped= True module= 
   USE vendor/go.opentelemetry.io/collector/pdata/internal/generated_wrapper_anyvalue.go 29 oneof_case opentelemetry.proto.common.v1.AnyValue.#1 shipped= True module= 
   USE vendor/go.opentelemetry.io/collector/pdata/internal/generated_wrapper_anyvalue.go 35 write opentelemetry.proto.common.v1.AnyValue.#2 shipped= True module= 
   USE vendor/go.opentelemetry.io/collector/pdata/internal/generated_wrapper_anyvalue.go 35 oneof_case opentelemetry.proto.common.v1.AnyValue.#2 shipped= True module= 
   USE vendor/go.opentelemetry.io/collector/pdata/internal/generated_wrapper_anyvalue.go 41 write opentelemetry.proto.common.v1.AnyValue.#3 shipped= True module= 
   USE vendor/go.opentelemetry.io/collector/pdata/internal/generated_wrapper_anyvalue.go 41 oneof_case opentelemetry.proto.common.v1.AnyValue.#3 shipped= True module= 
   USE vendor/go.opentelemetry.io/collector/pdata/internal/generated_wrapper_anyvalue.go 47 write opentelemetry.proto.common.v1.AnyValue.#4 shipped= True module= 
   USE vendor/go.opentelemetry.io/collector/pdata/internal/generated_wrapper_anyvalue.go 47 oneof_case opentelemetry.proto.common.v1.AnyValue.#4 shipped= True module= 
   USE vendor/go.opentelemetry.io/collector/pdata/internal/generated_wrapper_anyvalue.go 53 write opentelemetry.proto.common.v1.AnyValue.#5 shipped= True module= 
CALLER c tempo (library) generated: go.opentelemetry.io/collector/pdata/internal/data/protogen/collector/logs/v1@v1.44.0 protoc-gen-go=- protoc-gen-go-grpc=- protoc=-; go.opentelemetry.io/collector/pdata/internal/data/protogen/collector/metrics/v1@v1.44.0 protoc-gen-go=- protoc-gen-go-grpc=- protoc=-; go.opentelemetry.io/collector/pdata/internal/data/protogen/collector/profiles/v1development@v1.44.0 protoc-gen-go=- protoc-gen-go-grpc=- protoc=-; go.opentelemetry.io/collector/pdata/internal/data/protogen/collector/trace/v1@v1.44.0 protoc-gen-go=- protoc-gen-go-grpc=- protoc=-; go.opentelemetry.io/collector/pdata/internal/data/pro
   USE vendor/go.opentelemetry.io/collector/pdata/internal/generated_wrapper_anyvalue.go 15 import opentelemetry/proto/common/v1/common.proto shipped= True module= 
   USE vendor/go.opentelemetry.io/collector/pdata/internal/generated_wrapper_anyvalue.go 23 construct opentelemetry.proto.common.v1.AnyValue shipped= True module= 
   USE vendor/go.opentelemetry.io/collector/pdata/internal/generated_wrapper_anyvalue.go 23 message_type opentelemetry.proto.common.v1.AnyValue shipped= True module= 
   USE vendor/go.opentelemetry.io/collector/pdata/internal/generated_wrapper_anyvalue.go 29 write opentelemetry.proto.common.v1.AnyValue.#1 shipped= True module= 
   USE vendor/go.opentelemetry.io/collector/pdata/internal/generated_wrapper_anyvalue.go 29 oneof_case opentelemetry.proto.common.v1.AnyValue.#1 shipped= True module= 
   USE vendor/go.opentelemetry.io/collector/pdata/internal/generated_wrapper_anyvalue.go 35 write opentelemetry.proto.common.v1.AnyValue.#2 shipped= True module= 
   USE vendor/go.opentelemetry.io/collector/pdata/internal/generated_wrapper_anyvalue.go 35 oneof_case opentelemetry.proto.common.v1.AnyValue.#2 shipped= True module= 
   USE vendor/go.opentelemetry.io/collector/pdata/internal/generated_wrapper_anyvalue.go 41 write opentelemetry.proto.common.v1.AnyValue.#3 shipped= True module= 
   USE vendor/go.opentelemetry.io/collector/pdata/internal/generated_wrapper_anyvalue.go 41 oneof_case opentelemetry.proto.common.v1.AnyValue.#3 shipped= True module= 
   USE vendor/go.opentelemetry.io/collector/pdata/internal/generated_wrapper_anyvalue.go 47 write opentelemetry.proto.common.v1.AnyValue.#4 shipped= True module= 
   USE vendor/go.opentelemetry.io/collector/pdata/internal/generated_wrapper_anyvalue.go 47 oneof_case opentelemetry.proto.common.v1.AnyValue.#4 shipped= True module= 
   USE vendor/go.opentelemetry.io/collector/pdata/internal/generated_wrapper_anyvalue.go 53 write opentelemetry.proto.common.v1.AnyValue.#5 shipped= True module= 
CALLER c tempo-cli generated: go.opentelemetry.io/collector/pdata/internal/data/protogen/collector/logs/v1@v1.44.0 protoc-gen-go=- protoc-gen-go-grpc=- protoc=-; go.opentelemetry.io/collector/pdata/internal/data/protogen/collector/metrics/v1@v1.44.0 protoc-gen-go=- protoc-gen-go-grpc=- protoc=-; go.opentelemetry.io/collector/pdata/internal/data/protogen/collector/profiles/v1development@v1.44.0 protoc-gen-go=- protoc-gen-go-grpc=- protoc=-; go.opentelemetry.io/collector/pdata/internal/data/protogen/collector/trace/v1@v1.44.0 protoc-gen-go=- protoc-gen-go-grpc=- protoc=-; go.opentelemetry.io/collector/pdata/internal/data/pro
   USE vendor/go.opentelemetry.io/collector/pdata/internal/generated_wrapper_anyvalue.go 15 import opentelemetry/proto/common/v1/common.proto shipped= True module= 
   USE vendor/go.opentelemetry.io/collector/pdata/internal/generated_wrapper_anyvalue.go 23 construct opentelemetry.proto.common.v1.AnyValue shipped= True module= 
   USE vendor/go.opentelemetry.io/collector/pdata/internal/generated_wrapper_anyvalue.go 23 message_type opentelemetry.proto.common.v1.AnyValue shipped= True module= 
   USE vendor/go.opentelemetry.io/collector/pdata/internal/generated_wrapper_anyvalue.go 29 write opentelemetry.proto.common.v1.AnyValue.#1 shipped= True module= 
   USE vendor/go.opentelemetry.io/collector/pdata/internal/generated_wrapper_anyvalue.go 29 oneof_case opentelemetry.proto.common.v1.AnyValue.#1 shipped= True module= 
   USE vendor/go.opentelemetry.io/collector/pdata/internal/generated_wrapper_anyvalue.go 35 write opentelemetry.proto.common.v1.AnyValue.#2 shipped= True module= 
   USE vendor/go.opentelemetry.io/collector/pdata/internal/generated_wrapper_anyvalue.go 35 oneof_case opentelemetry.proto.common.v1.AnyValue.#2 shipped= True module= 
   USE vendor/go.opentelemetry.io/collector/pdata/internal/generated_wrapper_anyvalue.go 41 write opentelemetry.proto.common.v1.AnyValue.#3 shipped= True module= 
   USE vendor/go.opentelemetry.io/collector/pdata/internal/generated_wrapper_anyvalue.go 41 oneof_case opentelemetry.proto.common.v1.AnyValue.#3 shipped= True module= 
   USE vendor/go.opentelemetry.io/collector/pdata/internal/generated_wrapper_anyvalue.go 47 write opentelemetry.proto.common.v1.AnyValue.#4 shipped= True module= 
   USE vendor/go.opentelemetry.io/collector/pdata/internal/generated_wrapper_anyvalue.go 47 oneof_case opentelemetry.proto.common.v1.AnyValue.#4 shipped= True module= 
   USE vendor/go.opentelemetry.io/collector/pdata/internal/generated_wrapper_anyvalue.go 53 write opentelemetry.proto.common.v1.AnyValue.#5 shipped= True module= 
CALLER c tempo-query generated: go.opentelemetry.io/collector/pdata/internal/data/protogen/collector/logs/v1@v1.44.0 protoc-gen-go=- protoc-gen-go-grpc=- protoc=-; go.opentelemetry.io/collector/pdata/internal/data/protogen/collector/metrics/v1@v1.44.0 protoc-gen-go=- protoc-gen-go-grpc=- protoc=-; go.opentelemetry.io/collector/pdata/internal/data/protogen/collector/profiles/v1development@v1.44.0 protoc-gen-go=- protoc-gen-go-grpc=- protoc=-; go.opentelemetry.io/collector/pdata/internal/data/protogen/collector/trace/v1@v1.44.0 protoc-gen-go=- protoc-gen-go-grpc=- protoc=-; go.opentelemetry.io/collector/pdata/internal/data/pro
   USE vendor/go.opentelemetry.io/collector/pdata/internal/generated_wrapper_anyvalue.go 15 import opentelemetry/proto/common/v1/common.proto shipped= True module= 
   USE vendor/go.opentelemetry.io/collector/pdata/internal/generated_wrapper_anyvalue.go 23 construct opentelemetry.proto.common.v1.AnyValue shipped= True module= 
   USE vendor/go.opentelemetry.io/collector/pdata/internal/generated_wrapper_anyvalue.go 23 message_type opentelemetry.proto.common.v1.AnyValue shipped= True module= 
   USE vendor/go.opentelemetry.io/collector/pdata/internal/generated_wrapper_anyvalue.go 29 write opentelemetry.proto.common.v1.AnyValue.#1 shipped= True module= 
   USE vendor/go.opentelemetry.io/collector/pdata/internal/generated_wrapper_anyvalue.go 29 oneof_case opentelemetry.proto.common.v1.AnyValue.#1 shipped= True module= 
   USE vendor/go.opentelemetry.io/collector/pdata/internal/generated_wrapper_anyvalue.go 35 write opentelemetry.proto.common.v1.AnyValue.#2 shipped= True module= 
   USE vendor/go.opentelemetry.io/collector/pdata/internal/generated_wrapper_anyvalue.go 35 oneof_case opentelemetry.proto.common.v1.AnyValue.#2 shipped= True module= 
   USE vendor/go.opentelemetry.io/collector/pdata/internal/generated_wrapper_anyvalue.go 41 write opentelemetry.proto.common.v1.AnyValue.#3 shipped= True module= 
   USE vendor/go.opentelemetry.io/collector/pdata/internal/generated_wrapper_anyvalue.go 41 oneof_case opentelemetry.proto.common.v1.AnyValue.#3 shipped= True module= 
   USE vendor/go.opentelemetry.io/collector/pdata/internal/generated_wrapper_anyvalue.go 47 write opentelemetry.proto.common.v1.AnyValue.#4 shipped= True module= 
   USE vendor/go.opentelemetry.io/collector/pdata/internal/generated_wrapper_anyvalue.go 47 oneof_case opentelemetry.proto.common.v1.AnyValue.#4 shipped= True module= 
   USE vendor/go.opentelemetry.io/collector/pdata/internal/generated_wrapper_anyvalue.go 53 write opentelemetry.proto.common.v1.AnyValue.#5 shipped= True module= 
CALLER c tempo-vulture generated: go.opentelemetry.io/collector/pdata/internal/data/protogen/collector/logs/v1@v1.44.0 protoc-gen-go=- protoc-gen-go-grpc=- protoc=-; go.opentelemetry.io/collector/pdata/internal/data/protogen/collector/metrics/v1@v1.44.0 protoc-gen-go=- protoc-gen-go-grpc=- protoc=-; go.opentelemetry.io/collector/pdata/internal/data/protogen/collector/profiles/v1development@v1.44.0 protoc-gen-go=- protoc-gen-go-grpc=- protoc=-; go.opentelemetry.io/collector/pdata/internal/data/protogen/collector/trace/v1@v1.44.0 protoc-gen-go=- protoc-gen-go-grpc=- protoc=-; go.opentelemetry.io/collector/pdata/internal/data/pro
   USE vendor/go.opentelemetry.io/collector/pdata/internal/generated_wrapper_anyvalue.go 15 import opentelemetry/proto/common/v1/common.proto shipped= True module= 
   USE vendor/go.opentelemetry.io/collector/pdata/internal/generated_wrapper_anyvalue.go 23 construct opentelemetry.proto.common.v1.AnyValue shipped= True module= 
   USE vendor/go.opentelemetry.io/collector/pdata/internal/generated_wrapper_anyvalue.go 23 message_type opentelemetry.proto.common.v1.AnyValue shipped= True module= 
   USE vendor/go.opentelemetry.io/collector/pdata/internal/generated_wrapper_anyvalue.go 29 write opentelemetry.proto.common.v1.AnyValue.#1 shipped= True module= 
   USE vendor/go.opentelemetry.io/collector/pdata/internal/generated_wrapper_anyvalue.go 29 oneof_case opentelemetry.proto.common.v1.AnyValue.#1 shipped= True module= 
   USE vendor/go.opentelemetry.io/collector/pdata/internal/generated_wrapper_anyvalue.go 35 write opentelemetry.proto.common.v1.AnyValue.#2 shipped= True module= 
   USE vendor/go.opentelemetry.io/collector/pdata/internal/generated_wrapper_anyvalue.go 35 oneof_case opentelemetry.proto.common.v1.AnyValue.#2 shipped= True module= 
   USE vendor/go.opentelemetry.io/collector/pdata/internal/generated_wrapper_anyvalue.go 41 write opentelemetry.proto.common.v1.AnyValue.#3 shipped= True module= 
   USE vendor/go.opentelemetry.io/collector/pdata/internal/generated_wrapper_anyvalue.go 41 oneof_case opentelemetry.proto.common.v1.AnyValue.#3 shipped= True module= 
   USE vendor/go.opentelemetry.io/collector/pdata/internal/generated_wrapper_anyvalue.go 47 write opentelemetry.proto.common.v1.AnyValue.#4 shipped= True module= 
   USE vendor/go.opentelemetry.io/collector/pdata/internal/generated_wrapper_anyvalue.go 47 oneof_case opentelemetry.proto.common.v1.AnyValue.#4 shipped= True module= 
   USE vendor/go.opentelemetry.io/collector/pdata/internal/generated_wrapper_anyvalue.go 53 write opentelemetry.proto.common.v1.AnyValue.#5 shipped= True module= 
FINDING UNKNOWN source_build SECOND_CHECK_DISAGREES opentelemetry.proto.profiles.v1development.AggregationTemporality | an independent second check of the code finds that v1development.AggregationTemporality is removed by this change (c/docsgen, vendor/go.opentelemetry.io/collector/pdata/pprofile/generated_valuetype.go
   EVIDENCE vendor/go.opentelemetry.io/collector/pdata/pprofile/generated_valuetype.go 81 named opentelemetry.proto.profiles.v1development.AggregationTemporality shipped= False module=  member= v1development.AggregationTemporality
   EVIDENCE vendor/go.opentelemetry.io/collector/pdata/pprofile/aggregation_temporality.go 21 named opentelemetry.proto.profiles.v1development.AggregationTemporality.#2 shipped= False module=  member= v1development.AggregationTemporality_AGGREGATION_TEMPORALITY_CUMULATIVE
   EVIDENCE vendor/go.opentelemetry.io/collector/pdata/pprofile/aggregation_temporality.go 19 named opentelemetry.proto.profiles.v1development.AggregationTemporality.#1 shipped= False module=  member= v1development.AggregationTemporality_AGGREGATION_TEMPORALITY_DELTA
   EVIDENCE vendor/go.opentelemetry.io/collector/pdata/pprofile/aggregation_temporality.go 17 named opentelemetry.proto.profiles.v1development.AggregationTemporality.#0 shipped= False module=  member= v1development.AggregationTemporality_AGGREGATION_TEMPORALITY_UNSPECIFIED
FINDING UNKNOWN source_build SECOND_CHECK_DISAGREES opentelemetry.proto.profiles.v1development.AggregationTemporality | an independent second check of the code finds that v1development.AggregationTemporality is removed by this change (c/tempo, vendor/go.opentelemetry.io/collector/pdata/pprofile/generated_valuetype.go:8
   EVIDENCE vendor/go.opentelemetry.io/collector/pdata/pprofile/generated_valuetype.go 81 named opentelemetry.proto.profiles.v1development.AggregationTemporality shipped= False module=  member= v1development.AggregationTemporality
   EVIDENCE vendor/go.opentelemetry.io/collector/pdata/pprofile/aggregation_temporality.go 21 named opentelemetry.proto.profiles.v1development.AggregationTemporality.#2 shipped= False module=  member= v1development.AggregationTemporality_AGGREGATION_TEMPORALITY_CUMULATIVE
   EVIDENCE vendor/go.opentelemetry.io/collector/pdata/pprofile/aggregation_temporality.go 19 named opentelemetry.proto.profiles.v1development.AggregationTemporality.#1 shipped= False module=  member= v1development.AggregationTemporality_AGGREGATION_TEMPORALITY_DELTA
   EVIDENCE vendor/go.opentelemetry.io/collector/pdata/pprofile/aggregation_temporality.go 17 named opentelemetry.proto.profiles.v1development.AggregationTemporality.#0 shipped= False module=  member= v1development.AggregationTemporality_AGGREGATION_TEMPORALITY_UNSPECIFIED
FINDING UNKNOWN source_build SECOND_CHECK_DISAGREES opentelemetry.proto.profiles.v1development.AggregationTemporality | an independent second check of the code finds that v1development.AggregationTemporality is removed by this change (c/tempo (library), vendor/go.opentelemetry.io/collector/pdata/pprofile/generated_valu
   EVIDENCE vendor/go.opentelemetry.io/collector/pdata/pprofile/generated_valuetype.go 81 named opentelemetry.proto.profiles.v1development.AggregationTemporality shipped= False module=  member= v1development.AggregationTemporality
   EVIDENCE vendor/go.opentelemetry.io/collector/pdata/pprofile/aggregation_temporality.go 21 named opentelemetry.proto.profiles.v1development.AggregationTemporality.#2 shipped= False module=  member= v1development.AggregationTemporality_AGGREGATION_TEMPORALITY_CUMULATIVE
   EVIDENCE vendor/go.opentelemetry.io/collector/pdata/pprofile/aggregation_temporality.go 19 named opentelemetry.proto.profiles.v1development.AggregationTemporality.#1 shipped= False module=  member= v1development.AggregationTemporality_AGGREGATION_TEMPORALITY_DELTA
   EVIDENCE vendor/go.opentelemetry.io/collector/pdata/pprofile/aggregation_temporality.go 17 named opentelemetry.proto.profiles.v1development.AggregationTemporality.#0 shipped= False module=  member= v1development.AggregationTemporality_AGGREGATION_TEMPORALITY_UNSPECIFIED
FINDING UNKNOWN source_build SECOND_CHECK_DISAGREES opentelemetry.proto.profiles.v1development.AggregationTemporality | an independent second check of the code finds that v1development.AggregationTemporality is removed by this change (c/tempo-cli, vendor/go.opentelemetry.io/collector/pdata/pprofile/generated_valuetype.
   EVIDENCE vendor/go.opentelemetry.io/collector/pdata/pprofile/generated_valuetype.go 81 named opentelemetry.proto.profiles.v1development.AggregationTemporality shipped= False module=  member= v1development.AggregationTemporality
   EVIDENCE vendor/go.opentelemetry.io/collector/pdata/pprofile/aggregation_temporality.go 21 named opentelemetry.proto.profiles.v1development.AggregationTemporality.#2 shipped= False module=  member= v1development.AggregationTemporality_AGGREGATION_TEMPORALITY_CUMULATIVE
   EVIDENCE vendor/go.opentelemetry.io/collector/pdata/pprofile/aggregation_temporality.go 19 named opentelemetry.proto.profiles.v1development.AggregationTemporality.#1 shipped= False module=  member= v1development.AggregationTemporality_AGGREGATION_TEMPORALITY_DELTA
   EVIDENCE vendor/go.opentelemetry.io/collector/pdata/pprofile/aggregation_temporality.go 17 named opentelemetry.proto.profiles.v1development.AggregationTemporality.#0 shipped= False module=  member= v1development.AggregationTemporality_AGGREGATION_TEMPORALITY_UNSPECIFIED
FINDING UNKNOWN source_build SECOND_CHECK_DISAGREES opentelemetry.proto.profiles.v1development.AggregationTemporality | an independent second check of the code finds that v1development.AggregationTemporality is removed by this change (c/tempo-vulture, vendor/go.opentelemetry.io/collector/pdata/pprofile/generated_valuet
   EVIDENCE vendor/go.opentelemetry.io/collector/pdata/pprofile/generated_valuetype.go 81 named opentelemetry.proto.profiles.v1development.AggregationTemporality shipped= False module=  member= v1development.AggregationTemporality
   EVIDENCE vendor/go.opentelemetry.io/collector/pdata/pprofile/aggregation_temporality.go 21 named opentelemetry.proto.profiles.v1development.AggregationTemporality.#2 shipped= False module=  member= v1development.AggregationTemporality_AGGREGATION_TEMPORALITY_CUMULATIVE
   EVIDENCE vendor/go.opentelemetry.io/collector/pdata/pprofile/aggregation_temporality.go 19 named opentelemetry.proto.profiles.v1development.AggregationTemporality.#1 shipped= False module=  member= v1development.AggregationTemporality_AGGREGATION_TEMPORALITY_DELTA
   EVIDENCE vendor/go.opentelemetry.io/collector/pdata/pprofile/aggregation_temporality.go 17 named opentelemetry.proto.profiles.v1development.AggregationTemporality.#0 shipped= False module=  member= v1development.AggregationTemporality_AGGREGATION_TEMPORALITY_UNSPECIFIED

exit 0 seconds 26
