
Welcome to Gradle 8.14.3!

Here are the highlights of this release:
 - Java 24 support
 - GraalVM Native Image toolchain selection
 - Enhancements to test reporting
 - Build Authoring improvements

For more details see https://docs.gradle.org/8.14.3/release-notes.html

To honour the JVM settings for this build a single-use Daemon process will be forked. For more on this, please refer to https://docs.gradle.org/8.14.3/userguide/gradle_daemon.html#sec:disabling_the_daemon in the Gradle documentation.
Daemon will be stopped at the end of the build 
> Task :conductor-annotations:processResources NO-SOURCE
> Task :conductor-annotations:compileJava FROM-CACHE
> Task :conductor-common:processResources NO-SOURCE
> Task :conductor-common:compileJava FROM-CACHE
> Task :conductor-annotations:classes UP-TO-DATE
> Task :conductor-annotations:jar
> Task :conductor-annotations-processor:processResources
> Task :conductor-annotations-processor:compileJava FROM-CACHE
> Task :conductor-annotations-processor:classes
> Task :conductor-annotations-processor:jar
> Task :conductor-common:classes UP-TO-DATE
> Task :conductor-common:jar

> Task :conductor-common:protogen
Running protogen with arguments: ProtoGenTask{protoPackage='conductor.proto', javaPackage='com.netflix.conductor.proto', goPackage='github.com/netflix/conductor/client/gogrpc/conductor/model', protosDir=/home/runner/work/_temp/src-conductor/grpc/src/main/proto, mapperDir=/home/runner/work/_temp/src-conductor/grpc/src/main/java/com/netflix/conductor/grpc, mapperPackage='com.netflix.conductor.grpc', sourceJar=/home/runner/work/_temp/src-conductor/common/build/libs/conductor-common-3.30.2-SNAPSHOT.jar, sourcePackage='com.netflix.conductor.common'}
protogen: processing Jar '/home/runner/work/_temp/src-conductor/common/build/libs/conductor-common-3.30.2-SNAPSHOT.jar'
protogen: found com.netflix.conductor.common.metadata.events.EventExecution
protogen: found com.netflix.conductor.common.metadata.events.EventHandler
protogen: found com.netflix.conductor.common.metadata.tasks.TaskResult
protogen: found com.netflix.conductor.common.metadata.tasks.Task
protogen: found com.netflix.conductor.common.metadata.tasks.TaskDef
protogen: found com.netflix.conductor.common.metadata.tasks.PollData
protogen: found com.netflix.conductor.common.metadata.tasks.TaskExecLog
protogen: found com.netflix.conductor.common.metadata.tasks.ExecutionMetadata
protogen: found com.netflix.conductor.common.metadata.workflow.UpgradeWorkflowRequest
protogen: found com.netflix.conductor.common.metadata.workflow.SkipTaskRequest
protogen: found com.netflix.conductor.common.metadata.workflow.SubWorkflowParams
protogen: found com.netflix.conductor.common.metadata.workflow.RerunWorkflowRequest
protogen: found com.netflix.conductor.common.metadata.workflow.WorkflowTask
protogen: found com.netflix.conductor.common.metadata.workflow.RateLimitConfig
protogen: found com.netflix.conductor.common.metadata.workflow.DynamicForkJoinTaskList
protogen: found com.netflix.conductor.common.metadata.workflow.WorkflowDef
protogen: found com.netflix.conductor.common.metadata.workflow.StartWorkflowRequest
protogen: found com.netflix.conductor.common.metadata.workflow.CacheConfig
protogen: found com.netflix.conductor.common.metadata.workflow.DynamicForkJoinTask
protogen: found com.netflix.conductor.common.metadata.workflow.StateChangeEvent
protogen: found com.netflix.conductor.common.metadata.workflow.WorkflowDefSummary
protogen: found com.netflix.conductor.common.metadata.SchemaDef
protogen: found com.netflix.conductor.common.run.TaskSummary
protogen: found com.netflix.conductor.common.run.WorkflowSummary
protogen: found com.netflix.conductor.common.run.Workflow
protogen: writing '/home/runner/work/_temp/src-conductor/grpc/src/main/java/com/netflix/conductor/grpc/AbstractProtoMapper.java'...
SLF4J: Class path contains multiple SLF4J bindings.
SLF4J: Found binding in [jar:file:/home/runner/.gradle/caches/8.14.3/generated-gradle-jars/gradle-api-8.14.3.jar!/org/slf4j/impl/StaticLoggerBinder.class]
SLF4J: Found binding in [jar:file:/home/runner/.gradle/caches/modules-2/files-2.1/org.apache.logging.log4j/log4j-slf4j-impl/2.25.4/7c27f97ecedecf58341d4d4467bc3a58fbad73f/log4j-slf4j-impl-2.25.4.jar!/org/slf4j/impl/StaticLoggerBinder.class]
SLF4J: See http://www.slf4j.org/codes.html#multiple_bindings for an explanation.
SLF4J: Actual binding is of type [org.gradle.internal.logging.slf4j.OutputEventListenerBackedLoggerContext]
protogen: writing '/home/runner/work/_temp/src-conductor/grpc/src/main/proto/model/cacheconfig.proto'...
protogen: writing '/home/runner/work/_temp/src-conductor/grpc/src/main/proto/model/dynamicforkjointask.proto'...
protogen: writing '/home/runner/work/_temp/src-conductor/grpc/src/main/proto/model/dynamicforkjointasklist.proto'...
protogen: writing '/home/runner/work/_temp/src-conductor/grpc/src/main/proto/model/eventexecution.proto'...
protogen: writing '/home/runner/work/_temp/src-conductor/grpc/src/main/proto/model/eventhandler.proto'...
protogen: writing '/home/runner/work/_temp/src-conductor/grpc/src/main/proto/model/executionmetadata.proto'...
protogen: writing '/home/runner/work/_temp/src-conductor/grpc/src/main/proto/model/polldata.proto'...
protogen: writing '/home/runner/work/_temp/src-conductor/grpc/src/main/proto/model/ratelimitconfig.proto'...
protogen: writing '/home/runner/work/_temp/src-conductor/grpc/src/main/proto/model/rerunworkflowrequest.proto'...
protogen: writing '/home/runner/work/_temp/src-conductor/grpc/src/main/proto/model/schemadef.proto'...
protogen: writing '/home/runner/work/_temp/src-conductor/grpc/src/main/proto/model/skiptaskrequest.proto'...
protogen: writing '/home/runner/work/_temp/src-conductor/grpc/src/main/proto/model/startworkflowrequest.proto'...
protogen: writing '/home/runner/work/_temp/src-conductor/grpc/src/main/proto/model/statechangeevent.proto'...
protogen: writing '/home/runner/work/_temp/src-conductor/grpc/src/main/proto/model/subworkflowparams.proto'...
protogen: writing '/home/runner/work/_temp/src-conductor/grpc/src/main/proto/model/task.proto'...
protogen: writing '/home/runner/work/_temp/src-conductor/grpc/src/main/proto/model/taskdef.proto'...
protogen: writing '/home/runner/work/_temp/src-conductor/grpc/src/main/proto/model/taskexeclog.proto'...
protogen: writing '/home/runner/work/_temp/src-conductor/grpc/src/main/proto/model/taskresult.proto'...
protogen: writing '/home/runner/work/_temp/src-conductor/grpc/src/main/proto/model/tasksummary.proto'...
protogen: writing '/home/runner/work/_temp/src-conductor/grpc/src/main/proto/model/upgradeworkflowrequest.proto'...
protogen: writing '/home/runner/work/_temp/src-conductor/grpc/src/main/proto/model/workflow.proto'...
protogen: writing '/home/runner/work/_temp/src-conductor/grpc/src/main/proto/model/workflowdef.proto'...
protogen: writing '/home/runner/work/_temp/src-conductor/grpc/src/main/proto/model/workflowdefsummary.proto'...
protogen: writing '/home/runner/work/_temp/src-conductor/grpc/src/main/proto/model/workflowsummary.proto'...
protogen: writing '/home/runner/work/_temp/src-conductor/grpc/src/main/proto/model/workflowtask.proto'...
protogen completed.

> Task :conductor-grpc:protobufDummy UP-TO-DATE
> Task :conductor-grpc:extractIncludeProto
> Task :conductor-grpc:extractProto
> Task :conductor-grpc:generateProto
> Task :conductor-grpc:processResources

> Task :conductor-grpc:compileJava
Note: /home/runner/work/_temp/src-conductor/grpc/src/main/java/com/netflix/conductor/grpc/AbstractProtoMapper.java uses or overrides a deprecated API.
Note: Recompile with -Xlint:deprecation for details.
Note: /home/runner/work/_temp/src-conductor/grpc/src/main/java/com/netflix/conductor/grpc/ProtoMapper.java uses unchecked or unsafe operations.
Note: Recompile with -Xlint:unchecked for details.

> Task :conductor-grpc:classes
> Task :conductor-core:processResources

> Task :conductor-core:compileJava
/home/runner/work/_temp/src-conductor/core/src/main/java/com/netflix/conductor/model/WorkflowNotifications.java:28: warning: @Builder will ignore the initializing expression entirely. If you want the initializing expression to serve as default, add @Builder.Default. If it is not supposed to be settable during building, make the field final.
    private boolean monitorParentOnly = false;
                    ^
/home/runner/work/_temp/src-conductor/core/src/main/java/com/netflix/conductor/core/reconciliation/WorkflowReconciler.java:45: warning: [removal] WorkflowSweeper in com.netflix.conductor.core.reconciliation has been deprecated and marked for removal
    private final WorkflowSweeper workflowSweeper;
                  ^
/home/runner/work/_temp/src-conductor/core/src/main/java/com/netflix/conductor/core/reconciliation/WorkflowReconciler.java:45: warning: [removal] WorkflowSweeper in com.netflix.conductor.core.reconciliation has been deprecated and marked for removal
    private final WorkflowSweeper workflowSweeper;
                  ^
/home/runner/work/_temp/src-conductor/core/src/main/java/com/netflix/conductor/core/reconciliation/WorkflowReconciler.java:45: warning: [removal] WorkflowSweeper in com.netflix.conductor.core.reconciliation has been deprecated and marked for removal
    private final WorkflowSweeper workflowSweeper;
                  ^
/home/runner/work/_temp/src-conductor/core/src/main/java/com/netflix/conductor/core/reconciliation/WorkflowReconciler.java:45: warning: [removal] WorkflowSweeper in com.netflix.conductor.core.reconciliation has been deprecated and marked for removal
    private final WorkflowSweeper workflowSweeper;
                  ^
/home/runner/work/_temp/src-conductor/core/src/main/java/com/netflix/conductor/core/reconciliation/WorkflowReconciler.java:45: warning: [removal] WorkflowSweeper in com.netflix.conductor.core.reconciliation has been deprecated and marked for removal
    private final WorkflowSweeper workflowSweeper;
                  ^
/home/runner/work/_temp/src-conductor/core/src/main/java/com/netflix/conductor/core/reconciliation/WorkflowReconciler.java:53: warning: [removal] WorkflowSweeper in com.netflix.conductor.core.reconciliation has been deprecated and marked for removal
            WorkflowSweeper workflowSweeper, QueueDAO queueDAO, ConductorProperties properties) {
            ^
/home/runner/work/_temp/src-conductor/core/src/main/java/com/netflix/conductor/core/reconciliation/WorkflowReconciler.java:53: warning: [removal] WorkflowSweeper in com.netflix.conductor.core.reconciliation has been deprecated and marked for removal
            WorkflowSweeper workflowSweeper, QueueDAO queueDAO, ConductorProperties properties) {
            ^
/home/runner/work/_temp/src-conductor/core/src/main/java/com/netflix/conductor/core/reconciliation/WorkflowReconciler.java:53: warning: [removal] WorkflowSweeper in com.netflix.conductor.core.reconciliation has been deprecated and marked for removal
            WorkflowSweeper workflowSweeper, QueueDAO queueDAO, ConductorProperties properties) {
            ^
/home/runner/work/_temp/src-conductor/core/src/main/java/com/netflix/conductor/core/reconciliation/WorkflowReconciler.java:53: warning: [removal] WorkflowSweeper in com.netflix.conductor.core.reconciliation has been deprecated and marked for removal
            WorkflowSweeper workflowSweeper, QueueDAO queueDAO, ConductorProperties properties) {
            ^
/home/runner/work/_temp/src-conductor/core/src/main/java/com/netflix/conductor/core/reconciliation/WorkflowReconciler.java:53: warning: [removal] WorkflowSweeper in com.netflix.conductor.core.reconciliation has been deprecated and marked for removal
            WorkflowSweeper workflowSweeper, QueueDAO queueDAO, ConductorProperties properties) {
            ^
Note: Some input files use or override a deprecated API.
Note: Recompile with -Xlint:deprecation for details.
Note: Some input files use unchecked or unsafe operations.
Note: Recompile with -Xlint:unchecked for details.
11 warnings

> Task :conductor-core:compileGroovy NO-SOURCE
> Task :conductor-grpc-server:processResources NO-SOURCE

> Task :conductor-grpc-server:compileJava
Note: /home/runner/work/_temp/src-conductor/grpc-server/src/main/java/com/netflix/conductor/grpc/server/GrpcConfiguration.java uses or overrides a deprecated API.
Note: Recompile with -Xlint:deprecation for details.

> Task :conductor-grpc-server:classes
> Task :conductor-grpc-client:processResources NO-SOURCE
> Task :conductor-grpc-client:compileJava
> Task :conductor-grpc-client:classes

[Incubating] Problems report is available at: file:///home/runner/work/_temp/src-conductor/build/reports/problems/problems-report.html

Deprecated Gradle features were used in this build, making it incompatible with Gradle 9.0.

You can use '--warning-mode all' to show the individual deprecation warnings and determine if they come from your own scripts or plugins.

For more on this, please refer to https://docs.gradle.org/8.14.3/userguide/command_line_interface.html#sec:command_line_warnings in the Gradle documentation.

BUILD SUCCESSFUL in 37s
17 actionable tasks: 14 executed, 3 from cache
