ommon.metadata.workflow.SkipTaskRequest
protogen: found com.netflix.conductor.common.metadata.workflow.SubWorkflowParams
protogen: found com.netflix.conductor.common.metadata.workflow.RerunWorkflowRequest
protogen: found com.netflix.conductor.common.metadata.workflow.WorkflowTask
protogen: found com.netflix.conductor.common.metadata.workflow.RateLimitConfig
protogen: found com.netflix.conductor.common.metadata.workflow.DynamicForkJoinTaskList
protogen: found com.netflix.conductor.common.metadata.workflow.WorkflowDef
protogen: found com.netflix.conductor.common.metadata.workflow.StartWorkflowRequest
protogen: found com.netflix.conductor.common.metadata.workflow.CacheConfig
protogen: found com.netflix.conductor.common.metadata.workflow.DynamicForkJoinTask
protogen: found com.netflix.conductor.common.metadata.workflow.StateChangeEvent
protogen: found com.netflix.conductor.common.metadata.workflow.WorkflowDefSummary
protogen: found com.netflix.conductor.common.metadata.SchemaDef
protogen: found com.netflix.conductor.common.run.TaskSummary
protogen: found com.netflix.conductor.common.run.WorkflowSummary
protogen: found com.netflix.conductor.common.run.Workflow
protogen: writing '/home/runner/work/_temp/src-conductor/grpc/src/main/java/com/netflix/conductor/grpc/AbstractProtoMapper.java'...
SLF4J: Class path contains multiple SLF4J bindings.
SLF4J: Found binding in [jar:file:/home/runner/.gradle/caches/8.14.3/generated-gradle-jars/gradle-api-8.14.3.jar!/org/slf4j/impl/StaticLoggerBinder.class]
SLF4J: Found binding in [jar:file:/home/runner/.gradle/caches/modules-2/files-2.1/org.apache.logging.log4j/log4j-slf4j-impl/2.25.4/7c27f97ecedecf58341d4d4467bc3a58fbad73f/log4j-slf4j-impl-2.25.4.jar!/org/slf4j/impl/StaticLoggerBinder.class]
SLF4J: See http://www.slf4j.org/codes.html#multiple_bindings for an explanation.
SLF4J: Actual binding is of type [org.gradle.internal.logging.slf4j.OutputEventListenerBackedLoggerContext]
protogen: writing '/home/runner/work/_temp/src-conductor/grpc/src/main/proto/model/cacheconfig.proto'...
protogen: writing '/home/runner/work/_temp/src-conductor/grpc/src/main/proto/model/dynamicforkjointask.proto'...
protogen: writing '/home/runner/work/_temp/src-conductor/grpc/src/main/proto/model/dynamicforkjointasklist.proto'...
protogen: writing '/home/runner/work/_temp/src-conductor/grpc/src/main/proto/model/eventexecution.proto'...
protogen: writing '/home/runner/work/_temp/src-conductor/grpc/src/main/proto/model/eventhandler.proto'...
protogen: writing '/home/runner/work/_temp/src-conductor/grpc/src/main/proto/model/executionmetadata.proto'...
protogen: writing '/home/runner/work/_temp/src-conductor/grpc/src/main/proto/model/polldata.proto'...
protogen: writing '/home/runner/work/_temp/src-conductor/grpc/src/main/proto/model/ratelimitconfig.proto'...
protogen: writing '/home/runner/work/_temp/src-conductor/grpc/src/main/proto/model/rerunworkflowrequest.proto'...
protogen: writing '/home/runner/work/_temp/src-conductor/grpc/src/main/proto/model/schemadef.proto'...
protogen: writing '/home/runner/work/_temp/src-conductor/grpc/src/main/proto/model/skiptaskrequest.proto'...
protogen: writing '/home/runner/work/_temp/src-conductor/grpc/src/main/proto/model/startworkflowrequest.proto'...
protogen: writing '/home/runner/work/_temp/src-conductor/grpc/src/main/proto/model/statechangeevent.proto'...
protogen: writing '/home/runner/work/_temp/src-conductor/grpc/src/main/proto/model/subworkflowparams.proto'...
protogen: writing '/home/runner/work/_temp/src-conductor/grpc/src/main/proto/model/task.proto'...
protogen: writing '/home/runner/work/_temp/src-conductor/grpc/src/main/proto/model/taskdef.proto'...
protogen: writing '/home/runner/work/_temp/src-conductor/grpc/src/main/proto/model/taskexeclog.proto'...
protogen: writing '/home/runner/work/_temp/src-conductor/grpc/src/main/proto/model/taskresult.proto'...
protogen: writing '/home/runner/work/_temp/src-conductor/grpc/src/main/proto/model/tasksummary.proto'...
protogen: writing '/home/runner/work/_temp/src-conductor/grpc/src/main/proto/model/upgradeworkflowrequest.proto'...
protogen: writing '/home/runner/work/_temp/src-conductor/grpc/src/main/proto/model/workflow.proto'...
protogen: writing '/home/runner/work/_temp/src-conductor/grpc/src/main/proto/model/workflowdef.proto'...
protogen: writing '/home/runner/work/_temp/src-conductor/grpc/src/main/proto/model/workflowdefsummary.proto'...
protogen: writing '/home/runner/work/_temp/src-conductor/grpc/src/main/proto/model/workflowsummary.proto'...
protogen: writing '/home/runner/work/_temp/src-conductor/grpc/src/main/proto/model/workflowtask.proto'...
protogen completed.

> Task :conductor-grpc:protobufDummy UP-TO-DATE
> Task :conductor-grpc:extractIncludeProto
> Task :conductor-grpc:extractProto
> Task :conductor-grpc:generateProto FROM-CACHE
> Task :conductor-grpc:processResources
> Task :conductor-grpc:compileJava FROM-CACHE
> Task :conductor-grpc:classes
> Task :conductor-core:processResources
> Task :conductor-core:compileJava FROM-CACHE
> Task :conductor-core:compileGroovy NO-SOURCE
> Task :conductor-grpc-server:processResources NO-SOURCE
> Task :conductor-grpc-server:compileJava FROM-CACHE
> Task :conductor-grpc-server:classes UP-TO-DATE
> Task :conductor-grpc-client:processResources NO-SOURCE
> Task :conductor-grpc-client:compileJava FROM-CACHE
> Task :conductor-grpc-client:classes UP-TO-DATE

[Incubating] Problems report is available at: file:///home/runner/work/_temp/src-conductor/build/reports/problems/problems-report.html

Deprecated Gradle features were used in this build, making it incompatible with Gradle 9.0.

You can use '--warning-mode all' to show the individual deprecation warnings and determine if they come from your own scripts or plugins.

For more on this, please refer to https://docs.gradle.org/8.14.3/userguide/command_line_interface.html#sec:command_line_warnings in the Gradle documentation.

BUILD SUCCESSFUL in 12s
17 actionable tasks: 9 executed, 8 from cache
