time=2026-10-06T04:30:57.483Z level=INFO msg=skip consumer=containerd bump=3b976a15 old=v0.32.0-alpha.0 new=v0.31.2 reason=not_forward
time=2026-10-06T04:30:58.295Z level=INFO msg=skip consumer=containerd bump=2b2195c3 old=v0.27.1 new=v0.28.0-beta.0 reason=not_sampled
time=2026-10-06T04:30:58.295Z level=INFO msg=skip consumer=containerd bump=97dd9d50 old=v0.30.0-alpha.3 new=v0.30.0 reason=not_sampled
time=2026-10-06T04:30:58.295Z level=INFO msg=skip consumer=containerd bump=79309361 old=v0.31.3 new=v0.32.2 reason=not_sampled
time=2026-10-06T04:30:58.295Z level=INFO msg=skip consumer=containerd bump=6c885467 old=v0.35.3 new=v0.36.0-beta.0 reason=not_sampled
time=2026-10-06T04:30:58.295Z level=INFO msg=skip consumer=containerd bump=dd725fae old=v0.28.2 new=v0.29.1 reason=not_sampled
time=2026-10-06T04:30:58.295Z level=INFO msg=skip consumer=containerd bump=8b31ac6e old=v0.36.0-beta.0 new=v0.36.0-rc.0 reason=not_sampled
time=2026-10-06T04:30:58.295Z level=INFO msg=mined consumer=containerd pin_moves=34 to_compile=27 skipped="map[not_forward:1 not_sampled:6]"
time=2026-10-06T04:31:56.101Z level=INFO msg=canary consumer=containerd at=c77ddf53^ outcome=breaks detail="canary: k8s.io/cri-api/pkg/apis/runtime/v1 removed."
time=2026-10-06T04:32:39.541Z level=INFO msg=window consumer=containerd bump=c77ddf53 select=unchanged breaking=0 compiler=compiles
time=2026-10-06T04:32:50.576Z level=INFO msg=window consumer=containerd bump=d18f1617 select=unchanged breaking=0 compiler=compiles
time=2026-10-06T04:33:45.415Z level=INFO msg=window consumer=containerd bump=f90f80d9 select=unchanged breaking=0 compiler=compiles
time=2026-10-06T04:34:01.546Z level=INFO msg=window consumer=containerd bump=afbb6dad select=unchanged breaking=0 compiler=compiles
time=2026-10-06T04:34:54.964Z level=INFO msg=window consumer=containerd bump=c878093c select=unchanged breaking=0 compiler=compiles
time=2026-10-06T04:35:17.352Z level=INFO msg=window consumer=containerd bump=566f9f48 select=unchanged breaking=0 compiler=compiles
time=2026-10-06T04:36:12.051Z level=INFO msg=window consumer=containerd bump=b1cf8692 select=unchanged breaking=0 compiler=compiles
time=2026-10-06T04:36:25.205Z level=INFO msg=window consumer=containerd bump=865b4195 select=unchanged breaking=0 compiler=compiles
time=2026-10-06T04:37:19.252Z level=INFO msg=window consumer=containerd bump=e4d3af01 select=unchanged breaking=0 compiler=compiles
time=2026-10-06T04:37:27.548Z level=INFO msg=window consumer=containerd bump=18e93180 select=unchanged breaking=0 compiler=compiles
time=2026-10-06T04:38:32.454Z level=INFO msg=window consumer=containerd bump=a4c02b00 select=breaking breaking=11 compiler=breaks
time=2026-10-06T04:38:44.137Z level=INFO msg=window consumer=containerd bump=64635123 select=unchanged breaking=0 compiler=compiles
time=2026-10-06T04:39:32.787Z level=INFO msg=window consumer=containerd bump=1aa780fc select=unchanged breaking=0 compiler=compiles
time=2026-10-06T04:39:56.724Z level=INFO msg=window consumer=containerd bump=b4848858 select=unchanged breaking=0 compiler=compiles
time=2026-10-06T04:40:37.482Z level=INFO msg=window consumer=containerd bump=b7ddef22 select=unchanged breaking=0 compiler=compiles
time=2026-10-06T04:40:53.470Z level=INFO msg=window consumer=containerd bump=95b4fd63 select=unchanged breaking=0 compiler=compiles
time=2026-10-06T04:41:38.497Z level=INFO msg=window consumer=containerd bump=a3a47d13 select=unchanged breaking=0 compiler=compiles
time=2026-10-06T04:41:50.240Z level=INFO msg=window consumer=containerd bump=85723784 select=breaking breaking=1 compiler=breaks
time=2026-10-06T04:42:36.888Z level=INFO msg=window consumer=containerd bump=7e66a3f7 select=breaking breaking=66 compiler=breaks
time=2026-10-06T04:42:38.259Z level=INFO msg=window consumer=containerd bump=34fc1fc4 select=unchanged breaking=0 compiler=compiles
time=2026-10-06T04:43:43.633Z level=INFO msg=window consumer=containerd bump=bb12c26a select=unchanged breaking=0 compiler=compiles
time=2026-10-06T04:43:54.053Z level=INFO msg=window consumer=containerd bump=6c6eac53 select=additive breaking=0 compiler=compiles
time=2026-10-06T04:44:25.487Z level=INFO msg=window consumer=containerd bump=7467d819 select=additive breaking=0 compiler=compiles
time=2026-10-06T04:44:28.105Z level=INFO msg=window consumer=containerd bump=8ce402c2 select=additive breaking=0 compiler=compiles
time=2026-10-06T04:45:02.742Z level=INFO msg=window consumer=containerd bump=34e9f9b3 select=additive breaking=0 compiler=compiles
time=2026-10-06T04:45:48.757Z level=INFO msg=window consumer=containerd bump=98ebb3ec select=additive breaking=0 compiler=compiles
time=2026-10-06T04:45:48.839Z level=INFO msg=window consumer=containerd bump=e393f41d select=additive breaking=0 compiler=breaks
