clone seconds 32
688M	/home/runner/work/_temp/src-camunda-zeebe
openjdk version "21.0.12.1" 2026-08-18 LTS
Apache Maven 3.9.16 (2bdd9fddda4b155ebf8000e807eb73fd829a51d5)
cold build exit 0 seconds 69
[WARNING] unknown enum constant org.immutables.annotate.InjectAnnotation.Where.BUILDER_TYPE
[WARNING] unknown enum constant org.immutables.annotate.InjectAnnotation.Where.BUILDER_TYPE
[WARNING] unknown enum constant org.immutables.annotate.InjectAnnotation.Where.BUILDER_TYPE
[WARNING] unknown enum constant org.immutables.annotate.InjectAnnotation.Where.BUILDER_TYPE
[WARNING] /home/runner/work/_temp/src-camunda-zeebe/zeebe/logstreams/src/main/java/io/camunda/zeebe/logstreams/log/LogAppendEntry.java: unknown enum constant org.immutables.annotate.InjectAnnotation.Where.BUILDER_TYPE
[WARNING] unknown enum constant org.immutables.annotate.InjectAnnotation.Where.BUILDER_TYPE
[WARNING] unknown enum constant org.immutables.annotate.InjectAnnotation.Where.BUILDER_TYPE
[WARNING] /home/runner/work/_temp/src-camunda-zeebe/zeebe/gateway/src/main/java/io/camunda/zeebe/gateway/impl/broker/request/BrokerActivateAdHocSubProcessActivityRequest.java: unknown enum constant org.immutables.annotate.InjectAnnotation.Where.BUILDER_TYPE
[WARNING] unknown enum constant org.immutables.annotate.InjectAnnotation.Where.BUILDER_TYPE
[WARNING] /home/runner/work/_temp/src-camunda-zeebe/service/src/main/java/io/camunda/service/GlobalListenerServices.java: unknown enum constant org.immutables.annotate.InjectAnnotation.Where.BUILDER_TYPE
[WARNING] unknown enum constant org.immutables.annotate.InjectAnnotation.Where.BUILDER_TYPE
[WARNING] unknown enum constant org.immutables.annotate.InjectAnnotation.Where.BUILDER_TYPE
[WARNING] /home/runner/work/_temp/src-camunda-zeebe/zeebe/gateway-rest/src/main/java/io/camunda/zeebe/gateway/rest/controller/AgentInstanceController.java: unknown enum constant org.immutables.annotate.InjectAnnotation.Where.BUILDER_TYPE
[INFO] BUILD SUCCESS
warm clean build exit 0 seconds 60
class dirs 48, classes 13067
/dev/root       145G   60G   85G  42% /

exit 0 seconds 166
