time=2026-10-06T09:36:55.491Z level=INFO msg=cloning repo=p-cometbft-cosmos-sdk url=https://github.com/cometbft/cometbft.git
time=2026-10-06T09:36:56.638Z level=INFO msg=cloning repo=c-cometbft-cosmos-sdk url=https://github.com/cosmos/cosmos-sdk.git
cometbft-cosmos-sdk 1c55dd4f GO       source_build=GO      compiler=compiles          154.8s 
cometbft-cosmos-sdk 606b4197 GO       source_build=GO      compiler=compiles           28.8s 
cometbft-cosmos-sdk 4590e7ac GO       source_build=GO      compiler=compiles           21.1s 
cometbft-cosmos-sdk 766ab925 UNKNOWN  source_build=UNKNOWN compiler=compiles           12.2s 
cometbft-cosmos-sdk b7819277 NO_GO    source_build=NO_GO   compiler=breaks             18.5s 
cometbft-cosmos-sdk 2581fbfa GO       source_build=GO      compiler=compiles           14.2s 
cometbft-cosmos-sdk 5a0f1b27 GO       source_build=GO      compiler=compiles           13.7s 
cometbft-cosmos-sdk f833026c UNKNOWN  source_build=UNKNOWN compiler=compiles           17.0s 
cometbft-cosmos-sdk 3d60256a GO       source_build=GO      compiler=compiles           17.0s 
cometbft-cosmos-sdk 9d637273 GO       source_build=GO      compiler=compiles            5.1s 
cometbft-cosmos-sdk 6f172be3 GO       source_build=GO      compiler=compiles           13.3s 
cometbft-cosmos-sdk 4ec0d897 GO       source_build=GO      compiler=compiles           20.5s 
cometbft-cosmos-sdk 14f8ac72 UNKNOWN  source_build=UNKNOWN compiler=compiles           45.9s 
cometbft-cosmos-sdk d95e35aa GO       source_build=GO      compiler=compiles           14.9s 
cometbft-cosmos-sdk a95c2d1b GO       source_build=GO      compiler=bump_side_effect    7.9s 
cometbft-cosmos-sdk 354d4dbf GO       source_build=GO      compiler=compiles            9.6s 
cometbft-cosmos-sdk 00e34367 GO       source_build=GO      compiler=compiles            9.6s 
cometbft-cosmos-sdk 8e875cb7 GO       source_build=GO      compiler=compiles            5.5s 
cometbft-cosmos-sdk 4212c701 GO       source_build=GO      compiler=compiles            9.7s 
cometbft-cosmos-sdk 6ccb0817 GO       source_build=GO      compiler=compiles            6.2s 
cometbft-cosmos-sdk   20 decisions  GO  16  NO-GO   1  UNKNOWN   3 (15.0%)  errors 0 | compiler judged  19: agree  16  WRONG_GO 0  FALSE_NOGO 0  UNKNOWN 3 | not judged 1
TOTAL         20 decisions  GO  16  NO-GO   1  UNKNOWN   3 (15.0%)  errors 0 | compiler judged  19: agree  16  WRONG_GO 0  FALSE_NOGO 0  UNKNOWN 3 | not judged 1

UNKNOWN reasons across all: windows, ecosystems, an example
    2   1  DESCRIPTOR_REFLECTION (e.g. cometbft-cosmos-sdk@b78192775ef7dd7528393c849f613235c273036e)
    2   1  GO_API_CHANGED_USED_BY_CALLER (e.g. cometbft-cosmos-sdk@766ab925b6191ba445bb99a315c17dbdcc0286b2)
    1   1  UNRESOLVED_MEMBER (e.g. cometbft-cosmos-sdk@14f8ac7262ef84c042d06bbd7a35e58594421f85)
    1   1  WHOLE_MESSAGE_FLOW (e.g. cometbft-cosmos-sdk@14f8ac7262ef84c042d06bbd7a35e58594421f85)
  FAILED cometbft-cosmos-sdk@766ab925b6191ba445bb99a315c17dbdcc0286b2: unknown_on_safe: GO_API_CHANGED_USED_BY_CALLER
  FAILED cometbft-cosmos-sdk@f833026c47baad204e124f85cdf804b88648eac7: unknown_on_safe: GO_API_CHANGED_USED_BY_CALLER
  FAILED cometbft-cosmos-sdk@14f8ac7262ef84c042d06bbd7a35e58594421f85: unknown_on_safe: WHOLE_MESSAGE_FLOW, DESCRIPTOR_REFLECTION, UNRESOLVED_MEMBER

20 windows in 7m30s.
verifier gate: scan failed: 3 disagreements with the compiler or errors
exit 1 seconds 450
