time=2026-10-06T09:55:57.675Z level=INFO msg=cloning repo=p-containerd url=https://github.com/containerd/containerd.git
time=2026-10-06T09:56:00.304Z level=INFO msg=cloning repo=c-containerd url=https://github.com/containerd/nerdctl.git
containerd  40f84371 GO       source_build=GO      compiler=-                  29.5s 
containerd  2ea4ddb3 GO       source_build=GO      compiler=compiles           32.6s 
containerd  52be09ef GO       source_build=GO      compiler=-                   4.1s 
containerd  65b4eb91 GO       source_build=GO      compiler=-                   2.0s 
containerd  a7224742 GO       source_build=GO      compiler=compiles            4.8s 
containerd  8c4ccd29 GO       source_build=GO      compiler=-                   2.5s 
containerd  fbbe2067 GO       source_build=GO      compiler=-                   3.6s 
containerd  7e217685 GO       source_build=GO      compiler=-                   1.4s 
containerd  78abbfb7 GO       source_build=GO      compiler=-                   2.1s 
containerd  a452c2e2 GO       source_build=GO      compiler=-                   1.0s 
containerd  658a1c78 GO       source_build=GO      compiler=-                   1.5s 
containerd  988f3af0 GO       source_build=GO      compiler=-                   4.1s 
containerd  ea0ed51e GO       source_build=GO      compiler=-                   1.8s 
containerd  d763407d GO       source_build=GO      compiler=-                   1.0s 
containerd  7f10e9eb GO       source_build=GO      compiler=-                   0.4s 
containerd  ac01ae5c GO       source_build=GO      compiler=-                   6.0s 
containerd  efc8e125 GO       source_build=GO      compiler=-                   2.8s 
containerd  d806373f GO       source_build=GO      compiler=-                   7.2s 
containerd  74b465dc GO       source_build=GO      compiler=-                   1.9s 
containerd  2c102c6c GO       source_build=GO      compiler=-                   1.9s 
containerd    20 decisions  GO  20  NO-GO   0  UNKNOWN   0 ( 0.0%)  errors 0 | compiler judged   0: agree   0  WRONG_GO 0  FALSE_NOGO 0  UNKNOWN 0 | not judged 20
TOTAL         20 decisions  GO  20  NO-GO   0  UNKNOWN   0 ( 0.0%)  errors 0 | compiler judged   0: agree   0  WRONG_GO 0  FALSE_NOGO 0  UNKNOWN 0 | not judged 20

20 windows in 1m59s.
exit 0
