time=2026-10-05T04:55:32.978Z level=INFO msg=cloning repo=p-crio url=https://github.com/kubernetes/cri-api.git
time=2026-10-05T04:55:34.101Z level=INFO msg=cloning repo=c-crio url=https://github.com/cri-o/cri-o.git
crio        5950389a GO       source_build=GO      compiler=compiles           52.0s 
crio        d279f3cb GO       source_build=GO      compiler=compiles           11.0s 
crio        d106c2f6 GO       source_build=GO      compiler=compiles            4.3s 
crio        47789ac6 GO       source_build=GO      compiler=compiles            3.2s 
crio        c9d92637 GO       source_build=GO      compiler=compiles            3.3s 
crio        044b7dee NO_GO    source_build=NO_GO   compiler=compiles            3.5s 
crio        d3d9c71c NO_GO    source_build=NO_GO   compiler=compiles            3.2s 
crio        c71d95a3 GO       source_build=GO      compiler=compiles            3.8s 
crio        2461a679 GO       source_build=GO      compiler=compiles            3.2s 
crio        bb3131c5 UNKNOWN  source_build=GO      compiler=compiles            3.2s 
crio        ce6444f1 GO       source_build=GO      compiler=compiles            2.9s 
crio        42f1638a GO       source_build=GO      compiler=compiles            2.4s 
crio        65ec8e48 GO       source_build=GO      compiler=compiles            2.6s 
crio        077888e1 GO       source_build=GO      compiler=compiles            3.2s 
crio        3cd2df7d UNKNOWN  source_build=UNKNOWN compiler=compiles            3.5s 
crio        9c7cf2cf UNKNOWN  source_build=UNKNOWN compiler=compiles            5.1s 
crio        ea06df2a GO       source_build=GO      compiler=compiles            4.9s 
crio        26564a8e GO       source_build=GO      compiler=compiles            5.2s 
crio        475a7417 GO       source_build=GO      compiler=compiles            2.4s 
crio        6477f0b2 GO       source_build=GO      compiler=compiles            4.4s 
crio          20 decisions  GO  15  NO-GO   2  UNKNOWN   3 (15.0%)  errors 0 | compiler judged  20: agree  18  WRONG_GO 0  FALSE_NOGO 0  UNKNOWN 2 | not judged 0
TOTAL         20 decisions  GO  15  NO-GO   2  UNKNOWN   3 (15.0%)  errors 0 | compiler judged  20: agree  18  WRONG_GO 0  FALSE_NOGO 0  UNKNOWN 2 | not judged 0

UNKNOWN reasons across all: windows, ecosystems, an example
    3   1  WHOLE_MESSAGE_FLOW (e.g. crio@044b7deef2ff223d2f4bba4f5b00d8b504e6307c)
    2   1  NEEDS_REVIEW (e.g. crio@044b7deef2ff223d2f4bba4f5b00d8b504e6307c)
    2   1  OPTION_CHANGED (e.g. crio@3cd2df7d59946d6078bf0e77db62369adc6b0ece)
    2   1  UNRESOLVED_MEMBER (e.g. crio@d3d9c71cbdb59ef52e589f825ef17b34fd377c47)

20 windows in 2m15s.
exit 0
