n-deploy-plugin replaced with nexus-staging-maven-plugin
[INFO] ------------------------------------------------------------------------
[INFO] Detecting the operating system and CPU architecture
[INFO] ------------------------------------------------------------------------
[INFO] os.detected.name: linux
[INFO] os.detected.arch: x86_64
[INFO] os.detected.bitness: 64
[INFO] os.detected.version: 6.17
[INFO] os.detected.version.major: 6
[INFO] os.detected.version.minor: 17
[INFO] os.detected.release: ubuntu
[INFO] os.detected.release.version: 24.04
[INFO] os.detected.release.like.ubuntu: true
[INFO] os.detected.release.like.debian: true
[INFO] os.detected.classifier: linux-x86_64
[INFO] ------------------------------------------------------------------------
[INFO] Reactor Build Order:
[INFO] 
[INFO] Google Cloud Bigtable Parent                                       [pom]
[INFO] proto-google-cloud-bigtable-v2                                     [jar]
[INFO] grpc-google-cloud-bigtable-v2                                      [jar]
[INFO] proto-google-cloud-bigtable-admin-v2                               [jar]
[INFO] grpc-google-cloud-bigtable-admin-v2                                [jar]
[INFO] Google Cloud Java - Bigtable Emulator Core                         [jar]
[INFO] Google Cloud Java - Bigtable Emulator                              [jar]
[INFO] Google Cloud Bigtable                                              [jar]
[INFO] 
[INFO] Using the MultiThreadedBuilder implementation with a thread count of 4
[INFO] 
[INFO] -----------< com.google.cloud:google-cloud-bigtable-parent >------------
[INFO] Building Google Cloud Bigtable Parent 2.78.1-SNAPSHOT              [1/8]
[INFO]   from pom.xml
[INFO] --------------------------------[ pom ]---------------------------------
[INFO] 
[INFO] --- enforcer:3.5.0:enforce (enforce) @ google-cloud-bigtable-parent ---
[INFO] Skipping Rule Enforcement.
[INFO] 
[INFO] --- checkstyle:3.6.0:check (checkstyle) @ google-cloud-bigtable-parent ---
[INFO] 
[INFO] --- jacoco:0.8.12:prepare-agent (default) @ google-cloud-bigtable-parent ---
[INFO] Skipping JaCoCo execution because property jacoco.skip is set.
[INFO] argLine set to empty
[INFO] 
[INFO] --- build-helper:3.6.0:add-resource (add-main-proto-resources) @ google-cloud-bigtable-parent ---
[INFO] 
[INFO] ---------< com.google.api.grpc:proto-google-cloud-bigtable-v2 >---------
[INFO] Building proto-google-cloud-bigtable-v2 2.78.1-SNAPSHOT            [2/8]
[INFO] 
[INFO] ------< com.google.api.grpc:proto-google-cloud-bigtable-admin-v2 >------
[INFO] Building proto-google-cloud-bigtable-admin-v2 2.78.1-SNAPSHOT      [3/8]
[INFO]   from proto-google-cloud-bigtable-admin-v2/pom.xml
[INFO] --------------------------------[ jar ]---------------------------------
[INFO]   from proto-google-cloud-bigtable-v2/pom.xml
[INFO] --------------------------------[ jar ]---------------------------------
[INFO] 
[INFO] --------< com.google.cloud:google-cloud-bigtable-emulator-core >--------
[INFO] Building Google Cloud Java - Bigtable Emulator Core 0.215.1-SNAPSHOT [4/8]
[INFO]   from google-cloud-bigtable-emulator-core/pom.xml
[INFO] --------------------------------[ jar ]---------------------------------
[WARNING] *****************************************************************
[WARNING] * Your build is requesting parallel execution, but this         *
[WARNING] * project contains the following plugin(s) that have goals not  *
[WARNING] * marked as thread-safe to support parallel execution.          *
[WARNING] * While this /may/ work fine, please look for plugin updates    *
[WARNING] * and/or request plugins be made thread-safe.                   *
[WARNING] * If reporting an issue, report it against the plugin in        *
[WARNING] * question, not against Apache Maven.                           *
[WARNING] *****************************************************************
[WARNING] The following plugins are not marked as thread-safe in Google Cloud Java - Bigtable Emulator Core:
[WARNING]   com.google.cloud:google-cloud-gcloud-maven-plugin:0.1.5
[WARNING] 
[WARNING] Enable debug to see precisely which goals are not marked as thread-safe.
[WARNING] *****************************************************************
[INFO] 
[INFO] --- enforcer:3.5.0:enforce (enforce) @ google-cloud-bigtable-emulator-core ---
[INFO] Skipping Rule Enforcement.
[INFO] 
[INFO] --- checkstyle:3.6.0:check (checkstyle) @ google-cloud-bigtable-emulator-core ---
[INFO] 
[INFO] --- jacoco:0.8.12:prepare-agent (default) @ google-cloud-bigtable-emulator-core ---
[INFO] Skipping JaCoCo execution because property jacoco.skip is set.
[INFO] argLine set to empty
[INFO] 
[INFO] --- build-helper:3.6.0:add-resource (add-main-proto-resources) @ google-cloud-bigtable-emulator-core ---
[INFO] 
[INFO] --- google-cloud-gcloud:0.1.5:download (gen-sources) @ google-cloud-bigtable-emulator-core ---
[INFO] 
[INFO] --- enforcer:3.5.0:enforce (enforce) @ proto-google-cloud-bigtable-v2 ---
[INFO] Skipping Rule Enforcement.
[INFO] 
[INFO] --- checkstyle:3.6.0:check (checkstyle) @ proto-google-cloud-bigtable-v2 ---
[INFO] 
[INFO] --- jacoco:0.8.12:prepare-agent (default) @ proto-google-cloud-bigtable-v2 ---
[INFO] Skipping JaCoCo execution because property jacoco.skip is set.
[INFO] argLine set to empty
[INFO] 
[INFO] --- build-helper:3.6.0:add-resource (add-main-proto-resources) @ proto-google-cloud-bigtable-v2 ---
[INFO] 
[INFO] --- resources:3.4.0:resources (default-resources) @ proto-google-cloud-bigtable-v2 ---
[INFO] 
[INFO] --- enforcer:3.5.0:enforce (enforce) @ proto-google-cloud-bigtable-admin-v2 ---
[INFO] Skipping Rule Enforcement.
[INFO] 
[INFO] --- checkstyle:3.6.0:check (checkstyle) @ proto-google-cloud-bigtable-admin-v2 ---
[INFO] 
[INFO] --- jacoco:0.8.12:prepare-agent (default) @ proto-google-cloud-bigtable-admin-v2 ---
[INFO] Skipping JaCoCo execution because property jacoco.skip is set.
[INFO] argLine set to empty
[INFO] 
[INFO] --- build-helper:3.6.0:add-resource (add-main-proto-resources) @ proto-google-cloud-bigtable-admin-v2 ---
[INFO] 
[INFO] --- resources:3.4.0:resources (default-resources) @ proto-google-cloud-bigtable-admin-v2 ---
[INFO] skip non existing resourceDirectory /home/runner/work/_temp/src-google-cloud-bigtable-history/proto-google-cloud-bigtable-v2/src/main/resources
[INFO] skip non existing resourceDirectory /home/runner/work/_temp/src-google-cloud-bigtable-history/proto-google-cloud-bigtable-admin-v2/src/main/resources
[INFO] Copying 8 resources from src/main/proto to target/classes
[INFO] Copying 6 resources from src/main/proto to target/classes
[INFO] 
[INFO] 
[INFO] --- flatten:1.3.0:flatten (flatten) @ proto-google-cloud-bigtable-admin-v2 ---
[INFO] --- flatten:1.3.0:flatten (flatten) @ proto-google-cloud-bigtable-v2 ---
[INFO] Downloading bigtable-darwin-arm
[INFO] Downloading bigtable-darwin-x86_64
[INFO] Downloading bigtable-linux-arm
[INFO] Downloading bigtable-linux-x86
[INFO] Downloading bigtable-linux-x86_64
[INFO] Downloading bigtable-windows-x86
[INFO] Downloading bigtable-windows-x86_64
[INFO] Finished downloading all components
[INFO] 
[INFO] --- resources:3.4.0:resources (default-resources) @ google-cloud-bigtable-emulator-core ---
[INFO] skip non existing resourceDirectory /home/runner/work/_temp/src-google-cloud-bigtable-history/google-cloud-bigtable-emulator-core/src/main/resources
[INFO] skip non existing resourceDirectory /home/runner/work/_temp/src-google-cloud-bigtable-history/google-cloud-bigtable-emulator-core/src/main/proto
[INFO] 
[INFO] --- compiler:3.13.0:compile (default-compile) @ google-cloud-bigtable-emulator-core ---
[INFO] Recompiling the module because of changed source code.
[INFO] Compiling 1 source file with javac [debug deprecation release 8] to target/classes
[INFO] Generating flattened POM of project com.google.api.grpc:proto-google-cloud-bigtable-v2:jar:2.78.1-SNAPSHOT...
[INFO] Generating flattened POM of project com.google.api.grpc:proto-google-cloud-bigtable-admin-v2:jar:2.78.1-SNAPSHOT...
[INFO] 
[INFO] 
[INFO] --- compiler:3.13.0:compile (default-compile) @ proto-google-cloud-bigtable-v2 ---
[INFO] --- compiler:3.13.0:compile (default-compile) @ proto-google-cloud-bigtable-admin-v2 ---
[INFO] Recompiling the module because of changed source code.
[INFO] Recompiling the module because of changed source code.
[INFO] Compiling 258 source files with javac [debug deprecation release 8] to target/classes
[INFO] Compiling 197 source files with javac [debug deprecation release 8] to target/classes
[INFO] 
[INFO] ---------< com.google.api.grpc:grpc-google-cloud-bigtable-v2 >----------
[INFO] Building grpc-google-cloud-bigtable-v2 2.78.1-SNAPSHOT             [5/8]
[INFO]   from grpc-google-cloud-bigtable-v2/pom.xml
[INFO] --------------------------------[ jar ]---------------------------------
[INFO] 
[INFO] ------< com.google.api.grpc:grpc-google-cloud-bigtable-admin-v2 >-------
[INFO] Building grpc-google-cloud-bigtable-admin-v2 2.78.1-SNAPSHOT       [6/8]
[INFO]   from grpc-google-cloud-bigtable-admin-v2/pom.xml
[INFO] --------------------------------[ jar ]---------------------------------
[INFO] 
[INFO] --- enforcer:3.5.0:enforce (enforce) @ grpc-google-cloud-bigtable-v2 ---
[INFO] 
[INFO] --- enforcer:3.5.0:enforce (enforce) @ grpc-google-cloud-bigtable-admin-v2 ---
[INFO] Skipping Rule Enforcement.
[INFO] 
[INFO] --- checkstyle:3.6.0:check (checkstyle) @ grpc-google-cloud-bigtable-v2 ---
[INFO] Skipping Rule Enforcement.
[INFO] 
[INFO] --- checkstyle:3.6.0:check (checkstyle) @ grpc-google-cloud-bigtable-admin-v2 ---
[INFO] 
[INFO] --- jacoco:0.8.12:prepare-agent (default) @ grpc-google-cloud-bigtable-v2 ---
[INFO] Skipping JaCoCo execution because property jacoco.skip is set.
[INFO] argLine set to empty
[INFO] 
[INFO] --- build-helper:3.6.0:add-resource (add-main-proto-resources) @ grpc-google-cloud-bigtable-v2 ---
[INFO] 
[INFO] --- resources:3.4.0:resources (default-resources) @ grpc-google-cloud-bigtable-v2 ---
[INFO] 
[INFO] --- jacoco:0.8.12:prepare-agent (default) @ grpc-google-cloud-bigtable-admin-v2 ---
[INFO] skip non existing resourceDirectory /home/runner/work/_temp/src-google-cloud-bigtable-history/grpc-google-cloud-bigtable-v2/src/main/resources
[INFO] skip non existing resourceDirectory /home/runner/work/_temp/src-google-cloud-bigtable-history/grpc-google-cloud-bigtable-v2/src/main/proto
[INFO] 
[INFO] --- flatten:1.3.0:flatten (flatten) @ grpc-google-cloud-bigtable-v2 ---
[INFO] Skipping JaCoCo execution because property jacoco.skip is set.
[INFO] argLine set to empty
[INFO] 
[INFO] --- build-helper:3.6.0:add-resource (add-main-proto-resources) @ grpc-google-cloud-bigtable-admin-v2 ---
[INFO] 
[INFO] --- resources:3.4.0:resources (default-resources) @ grpc-google-cloud-bigtable-admin-v2 ---
[INFO] Generating flattened POM of project com.google.api.grpc:grpc-google-cloud-bigtable-v2:jar:2.78.1-SNAPSHOT...
[INFO] skip non existing resourceDirectory /home/runner/work/_temp/src-google-cloud-bigtable-history/grpc-google-cloud-bigtable-admin-v2/src/main/resources
[INFO] skip non existing resourceDirectory /home/runner/work/_temp/src-google-cloud-bigtable-history/grpc-google-cloud-bigtable-admin-v2/src/main/proto
[INFO] 
[INFO] --- flatten:1.3.0:flatten (flatten) @ grpc-google-cloud-bigtable-admin-v2 ---
[INFO] Generating flattened POM of project com.google.api.grpc:grpc-google-cloud-bigtable-admin-v2:jar:2.78.1-SNAPSHOT...
[INFO] 
[INFO] --- compiler:3.13.0:compile (default-compile) @ grpc-google-cloud-bigtable-v2 ---
[INFO] Recompiling the module because of changed dependency.
[INFO] Compiling 1 source file with javac [debug deprecation release 8] to target/classes
[INFO] 
[INFO] --- compiler:3.13.0:compile (default-compile) @ grpc-google-cloud-bigtable-admin-v2 ---
[INFO] Recompiling the module because of changed dependency.
[INFO] Compiling 2 source files with javac [debug deprecation release 8] to target/classes
[INFO] 
[INFO] ----------< com.google.cloud:google-cloud-bigtable-emulator >-----------
[INFO] Building Google Cloud Java - Bigtable Emulator 0.215.1-SNAPSHOT    [7/8]
[INFO]   from google-cloud-bigtable-emulator/pom.xml
[INFO] --------------------------------[ jar ]---------------------------------
[WARNING] *****************************************************************
[WARNING] * Your build is requesting parallel execution, but this         *
[WARNING] * project contains the following plugin(s) that have goals not  *
[WARNING] * marked as thread-safe to support parallel execution.          *
[WARNING] * While this /may/ work fine, please look for plugin updates    *
[WARNING] * and/or request plugins be made thread-safe.                   *
[WARNING] * If reporting an issue, report it against the plugin in        *
[WARNING] * question, not against Apache Maven.                           *
[WARNING] *****************************************************************
[WARNING] The following plugins are not marked as thread-safe in Google Cloud Java - Bigtable Emulator:
[WARNING]   com.google.cloud:google-cloud-gcloud-maven-plugin:0.1.5
[WARNING] 
[WARNING] Enable debug to see precisely which goals are not marked as thread-safe.
[WARNING] *****************************************************************
[INFO] 
[INFO] --- enforcer:3.5.0:enforce (enforce) @ google-cloud-bigtable-emulator ---
[INFO] Skipping Rule Enforcement.
[INFO] 
[INFO] --- checkstyle:3.6.0:check (checkstyle) @ google-cloud-bigtable-emulator ---
[INFO] 
[INFO] --- jacoco:0.8.12:prepare-agent (default) @ google-cloud-bigtable-emulator ---
[INFO] Skipping JaCoCo execution because property jacoco.skip is set.
[INFO] argLine set to empty
[INFO] 
[INFO] --- build-helper:3.6.0:add-resource (add-main-proto-resources) @ google-cloud-bigtable-emulator ---
[INFO] 
[INFO] --- google-cloud-gcloud:0.1.5:download (gen-sources) @ google-cloud-bigtable-emulator ---
[INFO] Downloading bigtable-darwin-arm
[INFO] Downloading bigtable-darwin-x86_64
[INFO] Downloading bigtable-linux-arm
[INFO] Downloading bigtable-linux-x86
[INFO] Downloading bigtable-linux-x86_64
[INFO] Downloading bigtable-windows-x86
[INFO] Downloading bigtable-windows-x86_64
[INFO] Finished downloading all components
[INFO] 
[INFO] --- resources:3.4.0:resources (default-resources) @ google-cloud-bigtable-emulator ---
[INFO] Copying 1 resource from src/main/resources to target/classes
[INFO] skip non existing resourceDirectory /home/runner/work/_temp/src-google-cloud-bigtable-history/google-cloud-bigtable-emulator/src/main/proto
[INFO] 
[INFO] --- compiler:3.13.0:compile (default-compile) @ google-cloud-bigtable-emulator ---
[INFO] Recompiling the module because of changed dependency.
[INFO] Compiling 2 source files with javac [debug deprecation release 8] to target/classes
[INFO] 
[INFO] ---------------< com.google.cloud:google-cloud-bigtable >---------------
[INFO] Building Google Cloud Bigtable 2.78.1-SNAPSHOT                     [8/8]
[INFO]   from google-cloud-bigtable/pom.xml
[INFO] --------------------------------[ jar ]---------------------------------
[INFO] 
[INFO] --- enforcer:3.6.2:enforce (enforce) @ google-cloud-bigtable ---
[INFO] Skipping Rule Enforcement.
[INFO] 
[INFO] --- enforcer:3.6.2:enforce (enforce-valid-profile) @ google-cloud-bigtable ---
[INFO] Skipping Rule Enforcement.
[INFO] 
[INFO] --- checkstyle:3.6.0:check (checkstyle) @ google-cloud-bigtable ---
[INFO] 
[INFO] --- jacoco:0.8.12:prepare-agent (default) @ google-cloud-bigtable ---
[INFO] Skipping JaCoCo execution because property jacoco.skip is set.
[INFO] argLine set to empty
[INFO] 
[INFO] --- build-helper:3.6.0:add-source (add-source) @ google-cloud-bigtable ---
[INFO] Source directory: /home/runner/work/_temp/src-google-cloud-bigtable-history/google-cloud-bigtable/target/generated-sources/java added.
[INFO] 
[INFO] --- build-helper:3.6.0:add-resource (add-main-proto-resources) @ google-cloud-bigtable ---
[INFO] 
[INFO] --- resources:3.4.0:resources (default-resources) @ google-cloud-bigtable ---
[INFO] Copying 3 resources from src/main/resources to target/classes
[INFO] skip non existing resourceDirectory /home/runner/work/_temp/src-google-cloud-bigtable-history/google-cloud-bigtable/src/main/proto
[INFO] 
[INFO] --- flatten:1.3.0:flatten (flatten) @ google-cloud-bigtable ---
[INFO] Generating flattened POM of project com.google.cloud:google-cloud-bigtable:jar:2.78.1-SNAPSHOT...
[INFO] 
[INFO] --- compiler:3.13.0:compile (default-compile) @ google-cloud-bigtable ---
[INFO] Recompiling the module because of changed dependency.
[INFO] Compiling 375 source files with javac [debug deprecation release 8] to target/classes
[WARNING] /home/runner/work/_temp/src-google-cloud-bigtable-history/google-cloud-bigtable/src/main/java/com/google/cloud/bigtable/data/v2/internal/csm/metrics/CustomAttemptLatency.java:[75,41] INSTANCE_ID_KEY in com.google.cloud.bigtable.data.v2.internal.csm.metrics.Constants.MetricLabels has been deprecated
[WARNING] /home/runner/work/_temp/src-google-cloud-bigtable-history/google-cloud-bigtable/src/main/java/com/google/cloud/bigtable/data/v2/internal/csm/metrics/CustomAttemptLatency.java:[72,41] BIGTABLE_PROJECT_ID_KEY in com.google.cloud.bigtable.data.v2.internal.csm.metrics.Constants.MetricLabels has been deprecated
[WARNING] /home/runner/work/_temp/src-google-cloud-bigtable-history/google-cloud-bigtable/src/main/java/com/google/cloud/bigtable/gaxx/grpc/ChannelPoolHealthChecker.java:[154,17] sendPrimeRequestsAsync(io.grpc.ManagedChannel) in com.google.cloud.bigtable.gaxx.grpc.ChannelPrimer has been deprecated
[WARNING] /home/runner/work/_temp/src-google-cloud-bigtable-history/google-cloud-bigtable/src/main/java/com/google/cloud/bigtable/gaxx/grpc/BigtableChannelPool.java:[116,20] primeChannel(io.grpc.ManagedChannel) in com.google.cloud.bigtable.gaxx.grpc.ChannelPrimer has been deprecated
[WARNING] /home/runner/work/_temp/src-google-cloud-bigtable-history/google-cloud-bigtable/src/main/java/com/google/cloud/bigtable/gaxx/grpc/BigtableChannelPool.java:[422,27] primeChannel(io.grpc.ManagedChannel) in com.google.cloud.bigtable.gaxx.grpc.ChannelPrimer has been deprecated
[WARNING] /home/runner/work/_temp/src-google-cloud-bigtable-history/google-cloud-bigtable/src/main/java/com/google/cloud/bigtable/gaxx/grpc/BigtableChannelPool.java:[462,29] primeChannel(io.grpc.ManagedChannel) in com.google.cloud.bigtable.gaxx.grpc.ChannelPrimer has been deprecated
[INFO] /home/runner/work/_temp/src-google-cloud-bigtable-history/google-cloud-bigtable/src/main/java/com/google/cloud/bigtable/admin/v2/BaseBigtableInstanceAdminSettings.java: Some input files use unchecked or unsafe operations.
[INFO] /home/runner/work/_temp/src-google-cloud-bigtable-history/google-cloud-bigtable/src/main/java/com/google/cloud/bigtable/admin/v2/BaseBigtableInstanceAdminSettings.java: Recompile with -Xlint:unchecked for details.
[INFO] ------------------------------------------------------------------------
[INFO] Reactor Summary:
[INFO] 
[INFO] Google Cloud Bigtable Parent 2.78.1-SNAPSHOT ....... SUCCESS [ 10.293 s]
[INFO] proto-google-cloud-bigtable-v2 2.78.1-SNAPSHOT ..... SUCCESS [ 12.627 s]
[INFO] grpc-google-cloud-bigtable-v2 2.78.1-SNAPSHOT ...... SUCCESS [  1.184 s]
[INFO] proto-google-cloud-bigtable-admin-v2 2.78.1-SNAPSHOT SUCCESS [ 12.924 s]
[INFO] grpc-google-cloud-bigtable-admin-v2 2.78.1-SNAPSHOT  SUCCESS [  1.045 s]
[INFO] Google Cloud Java - Bigtable Emulator Core 0.215.1-SNAPSHOT SUCCESS [  5.794 s]
[INFO] Google Cloud Java - Bigtable Emulator 0.215.1-SNAPSHOT SUCCESS [  4.975 s]
[INFO] Google Cloud Bigtable 2.78.1-SNAPSHOT .............. SUCCESS [ 18.701 s]
[INFO] ------------------------------------------------------------------------
[INFO] BUILD SUCCESS
[INFO] ------------------------------------------------------------------------
[INFO] Total time:  01:08 min (Wall Clock)
[INFO] Finished at: 2026-10-05T17:31:15Z
[INFO] ------------------------------------------------------------------------
