time=2026-10-07T06:29:02.550Z level=INFO msg=cloning repo=p-temporal url=https://github.com/temporalio/api.git
time=2026-10-07T06:29:02.817Z level=INFO msg=cloning repo=c-temporal url=https://github.com/temporalio/sdk-go.git
temporal    2a1d8f76 GO       source_build=GO      compiler=-                   6.2s 
temporal    46ee8b82 NO_GO    source_build=GO      compiler=-                   3.1s 
temporal    10a041c3 GO       source_build=GO      compiler=-                   2.6s 
temporal    4369aa11 NO_GO    source_build=GO      compiler=-                   2.8s 
temporal    5520164f GO       source_build=GO      compiler=-                   0.2s 
temporal    78685101 GO       source_build=GO      compiler=-                   0.3s 
temporal    3ebdff42 GO       source_build=GO      compiler=-                   2.8s 
temporal    5fd4740d UNKNOWN  source_build=GO      compiler=-                   2.9s 
temporal    17d10bff GO       source_build=GO      compiler=-                   2.7s 
temporal    13d59637 GO       source_build=GO      compiler=-                   2.8s 
temporal    6d7ba8f0 NO_GO    source_build=GO      compiler=-                   2.9s 
temporal    3f611ea9 GO       source_build=GO      compiler=-                   2.9s 
temporal    ae9d1d6f NO_GO    source_build=GO      compiler=-                   2.7s 
temporal    e4863be8 GO       source_build=GO      compiler=-                   2.7s 
temporal    f53963d4 GO       source_build=GO      compiler=-                   0.3s 
temporal    96d49950 GO       source_build=GO      compiler=-                   2.7s 
temporal    89718e9f GO       source_build=GO      compiler=-                   2.7s 
temporal    8093081c GO       source_build=GO      compiler=-                   2.7s 
temporal    16c84595 UNKNOWN  source_build=UNKNOWN compiler=-                   2.9s 
temporal    dd971263 GO       source_build=GO      compiler=-                   2.7s 
temporal      20 decisions  GO  14  NO-GO   4  UNKNOWN   2 (10.0%)  errors 0 | compiler judged   0: agree   0  WRONG_GO 0  FALSE_NOGO 0  UNKNOWN 0 | not judged 20
TOTAL         20 decisions  GO  14  NO-GO   4  UNKNOWN   2 (10.0%)  errors 0 | compiler judged   0: agree   0  WRONG_GO 0  FALSE_NOGO 0  UNKNOWN 0 | not judged 20

UNKNOWN reasons across all: windows, ecosystems, an example
    2   1  DESCRIPTOR_REFLECTION (e.g. temporal@5fd4740d70eaa4f3b3b6f0e6314043496f7549e4)
    1   1  UNRESOLVED_MEMBER (e.g. temporal@16c845955b571132a1f0af14a0115196fe132833)
    1   1  WHOLE_MESSAGE_FLOW (e.g. temporal@5fd4740d70eaa4f3b3b6f0e6314043496f7549e4)

20 windows in 53s.
exit 0
