time=2026-10-06T04:31:06.448Z level=INFO msg=skip consumer=cri-o bump=bdcf72ff old=v0.32.3 new=v0.33.0-beta.0.0.20250313010358-ab383b81657e reason=not_sampled
time=2026-10-06T04:31:06.448Z level=INFO msg=skip consumer=cri-o bump=b865f003 old=v0.29.2 new=v0.30.0-alpha.2.0.20240217224521-840a52e4cd66 reason=not_sampled
time=2026-10-06T04:31:06.448Z level=INFO msg=skip consumer=cri-o bump=ba02be89 old=v0.30.0-alpha.2.0.20240217224521-840a52e4cd66 new=v0.30.0 reason=not_sampled
time=2026-10-06T04:31:06.448Z level=INFO msg=skip consumer=cri-o bump=d1e7bdc8 old=v0.36.0-beta.0 new=v0.36.0-rc.0 reason=not_sampled
time=2026-10-06T04:31:06.448Z level=INFO msg=mined consumer=cri-o pin_moves=37 to_compile=33 skipped=map[not_sampled:4]
time=2026-10-06T04:32:16.267Z level=INFO msg=canary consumer=cri-o at=31febaea^ outcome=breaks detail="canary: k8s.io/cri-api/pkg/apis/runtime/v1 removed."
time=2026-10-06T04:32:24.340Z level=INFO msg=window consumer=cri-o bump=31febaea select=unchanged breaking=0 compiler=compiles
time=2026-10-06T04:33:37.823Z level=INFO msg=window consumer=cri-o bump=31ed5812 select=unchanged breaking=0 compiler=compiles
time=2026-10-06T04:33:38.545Z level=INFO msg=window consumer=cri-o bump=607b98a1 select=unchanged breaking=0 compiler=compiles
time=2026-10-06T04:34:45.556Z level=INFO msg=window consumer=cri-o bump=87ff09f9 select=unchanged breaking=0 compiler=compiles
time=2026-10-06T04:34:52.283Z level=INFO msg=window consumer=cri-o bump=e90afe23 select=unchanged breaking=0 compiler=compiles
time=2026-10-06T04:35:41.678Z level=INFO msg=window consumer=cri-o bump=f3b7663b select=unchanged breaking=0 compiler=compiles
time=2026-10-06T04:35:45.791Z level=INFO msg=window consumer=cri-o bump=013cd24d select=unchanged breaking=0 compiler=compiles
time=2026-10-06T04:36:18.776Z level=INFO msg=window consumer=cri-o bump=ab6e1648 select=unchanged breaking=0 compiler=compiles
time=2026-10-06T04:36:41.308Z level=INFO msg=window consumer=cri-o bump=35161da6 select=unchanged breaking=0 compiler=compiles
time=2026-10-06T04:37:08.806Z level=INFO msg=window consumer=cri-o bump=8d332ee1 select=unchanged breaking=0 compiler=compiles
time=2026-10-06T04:37:14.352Z level=INFO msg=window consumer=cri-o bump=d8220db7 select=unchanged breaking=0 compiler=compiles
time=2026-10-06T04:38:38.852Z level=INFO msg=window consumer=cri-o bump=43398ea6 select=unchanged breaking=0 compiler=compiles
time=2026-10-06T04:38:39.239Z level=INFO msg=window consumer=cri-o bump=8a254392 select=unchanged breaking=0 compiler=compiles
time=2026-10-06T04:39:43.751Z level=INFO msg=window consumer=cri-o bump=586951dc select=unchanged breaking=0 compiler=compiles
time=2026-10-06T04:39:49.368Z level=INFO msg=window consumer=cri-o bump=87ce1c12 select=unchanged breaking=0 compiler=compiles
time=2026-10-06T04:40:46.640Z level=INFO msg=window consumer=cri-o bump=b1fe4f32 select=breaking breaking=7 compiler=breaks
time=2026-10-06T04:41:03.001Z level=INFO msg=window consumer=cri-o bump=f94f91ed select=breaking breaking=4 compiler=compiles
time=2026-10-06T04:41:48.841Z level=INFO msg=window consumer=cri-o bump=d79c6c61 select=unchanged breaking=0 compiler=compiles
time=2026-10-06T04:42:06.730Z level=INFO msg=window consumer=cri-o bump=5a8ee8e1 select=unchanged breaking=0 compiler=compiles
time=2026-10-06T04:42:47.496Z level=INFO msg=window consumer=cri-o bump=8beeed1e select=unchanged breaking=0 compiler=breaks
time=2026-10-06T04:42:49.009Z level=INFO msg=window consumer=cri-o bump=51786cd0 select=unchanged breaking=0 compiler=compiles
time=2026-10-06T04:43:21.683Z level=INFO msg=window consumer=cri-o bump=482be4b4 select=unchanged breaking=0 compiler=compiles
time=2026-10-06T04:43:47.785Z level=INFO msg=window consumer=cri-o bump=8f0b595e select=unchanged breaking=0 compiler=compiles
time=2026-10-06T04:45:01.293Z level=INFO msg=window consumer=cri-o bump=3b424790 select=unchanged breaking=0 compiler=compiles
time=2026-10-06T04:45:03.244Z level=INFO msg=window consumer=cri-o bump=deba5948 select=unchanged breaking=0 compiler=compiles
time=2026-10-06T04:46:04.702Z level=INFO msg=window consumer=cri-o bump=11f2b51a select=breaking breaking=1 compiler=baseline_fails
time=2026-10-06T04:46:39.486Z level=INFO msg=window consumer=cri-o bump=4596ee6f select=breaking breaking=66 compiler=breaks
time=2026-10-06T04:46:42.183Z level=INFO msg=window consumer=cri-o bump=c17ee8b0 select=additive breaking=0 compiler=breaks
time=2026-10-06T04:46:53.680Z level=INFO msg=window consumer=cri-o bump=722d68b4 select=additive breaking=0 compiler=compiles
time=2026-10-06T04:47:33.466Z level=INFO msg=window consumer=cri-o bump=07a1e0ee select=additive breaking=0 compiler=breaks
time=2026-10-06T04:47:37.729Z level=INFO msg=window consumer=cri-o bump=64de36a6 select=additive breaking=0 compiler=compiles
time=2026-10-06T04:48:07.686Z level=INFO msg=window consumer=cri-o bump=043cae7b select=additive breaking=0 compiler=compiles
time=2026-10-06T04:48:08.797Z level=INFO msg=window consumer=cri-o bump=86effcdc select=additive breaking=0 compiler=compiles
