cri-o      31ed5812 GO       source_build=GO      compiler=compiles           1.3s replay=true 
cri-o      607b98a1 GO       source_build=GO      compiler=compiles           0.7s replay=true 
cri-o      87ff09f9 GO       source_build=GO      compiler=compiles           0.2s replay=true 
cri-o      e90afe23 GO       source_build=GO      compiler=compiles           0.6s replay=true 
cri-o      f3b7663b GO       source_build=GO      compiler=compiles           0.3s replay=true 
cri-o      013cd24d GO       source_build=GO      compiler=compiles           0.5s replay=true 
cri-o      31febaea GO       source_build=GO      compiler=compiles          26.6s replay=true 
cri-o      ab6e1648 GO       source_build=GO      compiler=compiles          23.2s replay=true 
cri-o      8d332ee1 GO       source_build=GO      compiler=compiles           0.3s replay=true 
cri-o      d8220db7 GO       source_build=GO      compiler=compiles           0.2s replay=true 
cri-o      43398ea6 GO       source_build=GO      compiler=compiles           0.5s replay=true 
cri-o      8a254392 GO       source_build=GO      compiler=compiles           0.3s replay=true 
cri-o      586951dc GO       source_build=GO      compiler=compiles           0.5s replay=true 
cri-o      87ce1c12 GO       source_build=GO      compiler=compiles           0.5s replay=true 
cri-o      35161da6 GO       source_build=GO      compiler=compiles          11.8s replay=true 
cri-o      f94f91ed UNKNOWN  source_build=UNKNOWN compiler=compiles          18.4s replay=true 
cri-o      b1fe4f32 UNKNOWN  source_build=UNKNOWN compiler=breaks            28.0s replay=true 
cri-o      d79c6c61 GO       source_build=GO      compiler=compiles           0.1s replay=true 
cri-o      5a8ee8e1 GO       source_build=GO      compiler=compiles           0.5s replay=true 
cri-o      51786cd0 GO       source_build=GO      compiler=compiles           0.7s replay=true 
cri-o      482be4b4 GO       source_build=GO      compiler=compiles           0.8s replay=true 
cri-o      8f0b595e GO       source_build=GO      compiler=compiles           0.6s replay=true 
cri-o      3b424790 GO       source_build=GO      compiler=compiles           0.8s replay=true 
cri-o      deba5948 GO       source_build=GO      compiler=compiles           0.7s replay=true 
cri-o      8beeed1e NO_GO    source_build=NO_GO   compiler=breaks            20.8s replay=true 
cri-o      11f2b51a NO_GO    source_build=NO_GO   compiler=baseline_fails    22.1s replay=true 
cri-o      4596ee6f NO_GO    source_build=NO_GO   compiler=breaks            12.9s replay=true 
cri-o      c17ee8b0 NO_GO    source_build=NO_GO   compiler=breaks            23.1s replay=true 
cri-o      722d68b4 GO       source_build=GO      compiler=compiles          15.9s replay=true 
cri-o      64de36a6 GO       source_build=GO      compiler=compiles          24.8s replay=true 
cri-o      07a1e0ee NO_GO    source_build=NO_GO   compiler=breaks            25.4s replay=true 
cri-o      043cae7b GO       source_build=GO      compiler=compiles           9.9s replay=true 
cri-o      86effcdc GO       source_build=GO      compiler=compiles          15.5s replay=true 
cri-o/additive         windows=  6 | breaks= 2: caught= 2 WRONG_GO=0 abstained=0 | compiles= 4: GO= 4 FALSE_NOGO=0 abstained=0 (runtime-only NO-GO 0) | unavailable=0 (NO-GO 0, UNKNOWN 0, GO 0) | wire: judged=6 broken=0 RUNTIME_WRONG_GO=0 confirmed=0 unconfirmed=0 | errors=0 | replayed=6
cri-o/breaking         windows=  4 | breaks= 2: caught= 1 WRONG_GO=0 abstained=1 | compiles= 1: GO= 0 FALSE_NOGO=0 abstained=1 (runtime-only NO-GO 0) | unavailable=1 (NO-GO 1, UNKNOWN 0, GO 0) | wire: judged=4 broken=1 RUNTIME_WRONG_GO=0 confirmed=0 unconfirmed=0 | errors=0 | replayed=4
cri-o/unchanged        windows= 23 | breaks= 1: caught= 1 WRONG_GO=0 abstained=0 | compiles=22: GO=22 FALSE_NOGO=0 abstained=0 (runtime-only NO-GO 0) | unavailable=0 (NO-GO 0, UNKNOWN 0, GO 0) | wire: judged=23 broken=0 RUNTIME_WRONG_GO=0 confirmed=0 unconfirmed=0 | errors=0 | replayed=23
TOTAL                  windows= 33 | breaks= 5: caught= 4 WRONG_GO=0 abstained=1 | compiles=27: GO=26 FALSE_NOGO=0 abstained=1 (runtime-only NO-GO 0) | unavailable=1 (NO-GO 1, UNKNOWN 0, GO 0) | wire: judged=33 broken=1 RUNTIME_WRONG_GO=0 confirmed=0 unconfirmed=0 | errors=0 | replayed=33
  FAILED cri-o@b1fe4f32fc24..479df365: unknown_on_break: /home/runner/go/pkg/mod/k8s.io/cri-client@v0.33.2/pkg/remote_image.go:168:40: resp.Image.Size_ undefined (type *"k8s.io/cri-api/pkg/apis/runtime/v1".Image has no field or method Size_)
  WITHIN THE UNKNOWN LIMIT cri-o@f94f91ed386b..9b3ce5ec: unknown_on_safe: OPTION_CHANGED

33 windows in 2m27s with 2 workers; 0 differ from the baseline.
verifier gate: release gate failed: 1 unexpected failures; the suite has no baseline: record one with `verifier gate baseline`
