milvus-sdk-go 1c766f87 UNKNOWN  source_build=UNKNOWN compiler=compiles           2.1s replay=true 
milvus-sdk-go 17be3e56 GO       source_build=GO      compiler=compiles           0.1s replay=true 
milvus-sdk-go 18efb15d UNKNOWN  source_build=UNKNOWN compiler=compiles           2.2s replay=true 
milvus-sdk-go abdee170 UNKNOWN  source_build=UNKNOWN compiler=compiles           1.4s replay=true 
milvus-sdk-go 00e74ab2 UNKNOWN  source_build=UNKNOWN compiler=compiles           1.5s replay=true 
milvus-sdk-go 6810978b GO       source_build=GO      compiler=compiles           1.8s replay=true 
milvus-sdk-go 95550a5c GO       source_build=GO      compiler=compiles           2.0s replay=true 
milvus-sdk-go 71ec76e9 UNKNOWN  source_build=UNKNOWN compiler=compiles           1.6s replay=true 
milvus-sdk-go 0c339b63 UNKNOWN  source_build=UNKNOWN compiler=compiles           1.7s replay=true 
milvus-sdk-go a9bab450 GO       source_build=GO      compiler=compiles           1.0s replay=true 
milvus-sdk-go 3d596ff9 UNKNOWN  source_build=UNKNOWN compiler=compiles           1.9s replay=true 
milvus-sdk-go 3f8c3728 UNKNOWN  source_build=UNKNOWN compiler=compiles           2.1s replay=true 
milvus-sdk-go 5a960e98 GO       source_build=GO      compiler=compiles           1.9s replay=true 
milvus-sdk-go/additive windows=  5 | breaks= 0: caught= 0 WRONG_GO=0 abstained=0 | compiles= 5: GO= 2 FALSE_NOGO=0 abstained=3 (runtime-only NO-GO 0) | unavailable=0 (NO-GO 0, UNKNOWN 0, GO 0) | wire: judged=5 broken=0 RUNTIME_WRONG_GO=0 confirmed=0 unconfirmed=0 | errors=0 | replayed=5
milvus-sdk-go/breaking windows=  7 | breaks= 0: caught= 0 WRONG_GO=0 abstained=0 | compiles= 7: GO= 2 FALSE_NOGO=0 abstained=5 (runtime-only NO-GO 0) | unavailable=0 (NO-GO 0, UNKNOWN 0, GO 0) | wire: judged=7 broken=0 RUNTIME_WRONG_GO=0 confirmed=0 unconfirmed=0 | errors=0 | replayed=7
milvus-sdk-go/unchanged windows=  1 | breaks= 0: caught= 0 WRONG_GO=0 abstained=0 | compiles= 1: GO= 1 FALSE_NOGO=0 abstained=0 (runtime-only NO-GO 0) | unavailable=0 (NO-GO 0, UNKNOWN 0, GO 0) | wire: judged=1 broken=0 RUNTIME_WRONG_GO=0 confirmed=0 unconfirmed=0 | errors=0 | replayed=1
TOTAL                  windows= 13 | breaks= 0: caught= 0 WRONG_GO=0 abstained=0 | compiles=13: GO= 5 FALSE_NOGO=0 abstained=8 (runtime-only NO-GO 0) | unavailable=0 (NO-GO 0, UNKNOWN 0, GO 0) | wire: judged=13 broken=0 RUNTIME_WRONG_GO=0 confirmed=0 unconfirmed=0 | errors=0 | replayed=13
  WITHIN THE UNKNOWN LIMIT milvus-sdk-go@1c766f8704ca..04a979a7: unknown_on_safe: SECOND_CHECK_DISAGREES
  WITHIN THE UNKNOWN LIMIT milvus-sdk-go@18efb15dfdbb..0c43e824: unknown_on_safe: OPTION_CHANGED
  WITHIN THE UNKNOWN LIMIT milvus-sdk-go@abdee1700ca3..4b888515: unknown_on_safe: OPTION_CHANGED
  WITHIN THE UNKNOWN LIMIT milvus-sdk-go@00e74ab2ff6e..55a0bcee: unknown_on_safe: OPTION_CHANGED
  WITHIN THE UNKNOWN LIMIT milvus-sdk-go@71ec76e985cd..7a658711: unknown_on_safe: OPTION_CHANGED
  WITHIN THE UNKNOWN LIMIT milvus-sdk-go@0c339b63d265..512e3b98: unknown_on_safe: SECOND_CHECK_DISAGREES
  WITHIN THE UNKNOWN LIMIT milvus-sdk-go@3d596ff9fe9f..266fb751: unknown_on_safe: SECOND_CHECK_DISAGREES
  WITHIN THE UNKNOWN LIMIT milvus-sdk-go@3f8c3728e3d0..93892e62: unknown_on_safe: SECOND_CHECK_DISAGREES

13 windows in 11s with 2 workers; 0 differ from the baseline.
verifier gate: release gate failed: the suite has no baseline: record one with `verifier gate baseline`
