/home/runner/work/Parent-Proof/Parent-Proof/stress/probe/layout.py:130: DeprecationWarning: datetime.datetime.utcnow() is deprecated and scheduled for removal in a future version. Use timezone-aware objects to represent datetimes in UTC: datetime.datetime.now(datetime.UTC).
  cutoff = (datetime.datetime.utcnow() - datetime.timedelta(days=30)).strftime("%Y-%m-%dT%H:%M:%SZ")
{
 "name": "alluxio",
 "set": "holdout",
 "consumer": {
  "repo": "Alluxio/alluxio",
  "commit": "ca893e832f73eeb315f650fad73104173fecf9f1"
 },
 "head": "ca893e832f73eeb315f650fad73104173fecf9f1 2026-09-01T15:54:42+08:00",
 "default_branch": "origin/main",
 "history": {
  "count": 29,
  "with_proto_changes": 27,
  "last": [
   {
    "commit": "00da77cf69c0ca29acecc4c37aed6ba53b9e93d2",
    "date": "2023-02-15",
    "subject": "Fix file fingerprint to use atomic get content hash of uploaded file",
    "files": 3,
    "protos": 2
   },
   {
    "commit": "da6abf7ec50e398ac65e15dbbf084a3e61341f86",
    "date": "2023-02-15",
    "subject": "Add allowOnStandbyMasters option for version grpc endpoint",
    "files": 2,
    "protos": 1
   },
   {
    "commit": "7aa8b6c68a3c8a71c4c881adb6c10fa0a365bdc8",
    "date": "2023-02-16",
    "subject": "Change default TTL action from DELETE to DELETE_ALLUXIO",
    "files": 3,
    "protos": 2
   },
   {
    "commit": "ebeac49c3cfc9a224cf8772ebe1c3e38ae1a0b5a",
    "date": "2023-02-16",
    "subject": "Make workers register to all masters",
    "files": 3,
    "protos": 2
   },
   {
    "commit": "16ff653d639d46a3b072b3c0c42a09c914d5e584",
    "date": "2023-02-20",
    "subject": "Support overwrite option in createFile",
    "files": 2,
    "protos": 1
   },
   {
    "commit": "3f8c79cdc91ce78da675f314c509d55893a143a0",
    "date": "2023-02-26",
    "subject": "Improve LS by allowing to omit UFS and mount info",
    "files": 1,
    "protos": 1
   },
   {
    "commit": "8502fbf3bb4bc51431545db5d54d588a033b721e",
    "date": "2023-02-28",
    "subject": "Display more information in WebUI Masters",
    "files": 2,
    "protos": 1
   },
   {
    "commit": "38bf6fef6699a2f84083fb692f2532dbe7e2b045",
    "date": "2023-02-28",
    "subject": "[DOCFIX] Fix docGen and update config/metrics",
    "files": 1,
    "protos": 0
   },
   {
    "commit": "0ca2b53aa4e06ba4f274949f36c561aaa9b9e264",
    "date": "2023-03-05",
    "subject": "Reduce time cost of checking bucket path in S3 API",
    "files": 2,
    "protos": 1
   },
   {
    "commit": "8edf508ebd49238f55f64011dcdd1ca40731da3f",
    "date": "2023-03-09",
    "subject": "Refactor LoadManager to Scheduler",
    "files": 2,
    "protos": 1
   },
   {
    "commit": "e106cc8bbb3d74d876c9869a0b2fe77240e80af9",
    "date": "2023-03-15",
    "subject": "Add request proto to add copy job",
    "files": 4,
    "protos": 3
   },
   {
    "commit": "50c4c29279c53225d33b02d077964a430314ac19",
    "date": "2023-03-29",
    "subject": "Add worker decommission step 1",
    "files": 2,
    "protos": 1
   },
   {
    "commit": "aee3c5cb960b2e472f4fcdb86e731ca3b91d2f8c",
    "date": "2023-03-31",
    "subject": "Support executing runTests on specific workers",
    "files": 2,
    "protos": 1
   },
   {
    "commit": "9a4e154e7293667572fec25c63136462fb58a345",
    "date": "2023-04-09",
    "subject": "Show master versions in fsadmin report command",
    "files": 2,
    "protos": 1
   },
   {
    "commit": "8cbcbcd6d3f3451f2bfeb326efadfd1372c9351e",
    "date": "2023-04-11",
    "subject": "Enhance embedded journal checkpointing significantly",
    "files": 3,
    "protos": 2
   },
   {
    "commit": "dbac084c1e1d89c1e9253da036746e2df9e1ef14",
    "date": "2023-04-24",
    "subject": "Improve proxy register functionality and command",
    "files": 5,
    "protos": 4
   },
   {
    "commit": "8da59539201cff376c33256846bd565d976a148e",
    "date": "2023-04-25",
    "subject": "Fix JobServiceMetricsCommandTest",
    "files": 3,
    "protos": 2
   },
   {
    "commit": "32f923e8a303301705eeb8bd4e5c8ee3b361875c",
    "date": "2023-04-26",
    "subject": "Support getting real content hash from hdfs when using getFileStatus",
    "files": 2,
    "protos": 1
   },
   {
    "commit": "141ee0e567a4c6c60907f85ea66b828704bd761d",
    "date": "2023-04-27",
    "subject": "Support gracefully shutdown worker",
    "files": 3,
    "protos": 2
   },
   {
    "commit": "71bd2029b53c3dbd0a1c9055d0f68bfcfee4de75",
    "date": "2023-05-08",
    "subject": "Implement metadata sync V2",
    "files": 3,
    "protos": 2
   },
   {
    "commit": "b7bf1784bccda8ccd9fb483a8721d259094d49f6",
    "date": "2023-05-11",
    "subject": "Support display config hash and timestamp in web page",
    "files": 1,
    "protos": 1
   },
   {
    "commit": "4a57bab5a96ff34f7eaa5eca196157e49d905665",
    "date": "2023-05-31",
    "subject": "Deprecate some Raft journal RPCs",
    "files": 2,
    "protos": 1
   },
   {
    "commit": "957049e106fe79abb2aedb6e97b64a1d495d20b9",
    "date": "2023-09-23",
    "subject": "Support unmount and remount in one atomic operation",
    "files": 2,
    "protos": 1
   },
   {
    "commit": "263b96f41e0b2bf776b5ce16a631542b0b6478d1",
    "date": "2023-09-29",
    "subject": "Add worker vCPU info to fsadmin report capacity command",
    "files": 2,
    "protos": 1
   },
   {
    "commit": "1a3fbc9338075b5b8793b9a4a5f6b22afd5a0256",
    "date": "2024-09-05",
    "subject": "Add CRC64 checksum check",
    "files": 3,
    "protos": 2
   }
  ]
 },
 "users": [
  "core/client/fs/pom.xml",
  "core/client/hdfs/pom.xml",
  "core/common/pom.xml",
  "core/server/common/pom.xml",
  "core/server/master/pom.xml",
  "core/server/worker/pom.xml",
  "core/transport/pom.xml",
  "table/base/pom.xml",
  "table/client/pom.xml",
  "table/server/common/pom.xml",
  "table/server/master/pom.xml",
  "table/server/underdb/hive/pom.xml",
  "tests/pom.xml"
 ],
 "jdk_hints": [
  "pom.xml:139: <java.version>1.8</java.version>",
  "pom.xml:987: <source>${java.version}</source>",
  "pom.xml:988: <target>${java.version}</target>",
  "pom.xml:1197: <version>${java.version}</version>",
  "pom.xml:1452: <jdk>11</jdk>",
  "pom.xml:1455: <java.version>1.8</java.version>",
  "pom.xml:1479: <argLine>--add-opens java.base/jdk.internal.loader=ALL-UNNAMED --add-opens java.xml/jdk.xml.internal=ALL-UNNAMED</argLine>"
 ],
 "proto_count": 27,
 "build_files": 71,
 "prs": {
  "checked": 1,
  "matching": []
 }
}

exit 0 seconds 8
