time=2026-10-05T18:14:23.739Z level=INFO msg=cloning repo=p-csi-provisioner url=https://github.com/container-storage-interface/spec.git
time=2026-10-05T18:14:24.371Z level=INFO msg=cloning repo=c-csi-provisioner url=https://github.com/kubernetes-csi/external-provisioner.git
csi-provisioner 25b3f102 GO       source_build=GO      compiler=compiles           72.9s 
csi-provisioner 5334f340 GO       source_build=GO      compiler=compiles            9.3s 
csi-provisioner 8e06851c GO       source_build=GO      compiler=compiles            2.4s 
csi-provisioner 6f801196 GO       source_build=GO      compiler=compiles            2.4s 
csi-provisioner 72e2e56b NO_GO    source_build=GO      compiler=baseline_fails      1.4s 
csi-provisioner 0c337900 UNKNOWN  source_build=GO      compiler=bump_side_effect    2.5s 
csi-provisioner 91b25fc4 UNKNOWN  source_build=UNKNOWN compiler=compiles            4.3s 
csi-provisioner a539b4f9 GO       source_build=GO      compiler=compiles            3.8s 
csi-provisioner f6b6d53d UNKNOWN  source_build=UNKNOWN compiler=compiles            3.6s 
csi-provisioner 26967731 GO       source_build=GO      compiler=compiles            3.8s 
csi-provisioner abf6346b UNKNOWN  source_build=GO      compiler=compiles            4.7s 
csi-provisioner c918b7f6 GO       source_build=GO      compiler=compiles            3.3s 
csi-provisioner 3e57adf7 GO       source_build=GO      compiler=compiles            2.4s 
csi-provisioner 6eaead6d GO       source_build=GO      compiler=compiles            1.7s 
csi-provisioner c6f94f66 GO       source_build=GO      compiler=compiles            1.9s 
csi-provisioner 3084acc9 UNKNOWN  source_build=UNKNOWN compiler=compiles            2.4s 
csi-provisioner 47a0fa4c GO       source_build=GO      compiler=compiles            3.1s 
csi-provisioner 77897809 UNKNOWN  source_build=UNKNOWN compiler=compiles            2.0s 
csi-provisioner d9ee9b8b UNKNOWN  source_build=UNKNOWN compiler=compiles            1.5s 
csi-provisioner 62c6bbb6 UNKNOWN  source_build=UNKNOWN compiler=compiles            1.6s 
csi-provisioner   20 decisions  GO  11  NO-GO   1  UNKNOWN   8 (40.0%)  errors 0 | compiler judged  18: agree  12  WRONG_GO 0  FALSE_NOGO 0  UNKNOWN 6 | not judged 2
TOTAL         20 decisions  GO  11  NO-GO   1  UNKNOWN   8 (40.0%)  errors 0 | compiler judged  18: agree  12  WRONG_GO 0  FALSE_NOGO 0  UNKNOWN 6 | not judged 2

UNKNOWN reasons across all: windows, ecosystems, an example
    9   1  DESCRIPTOR_REFLECTION (e.g. csi-provisioner@72e2e56b8db0c12479a3d317ef1a677f8c23ca88)
    6   1  NEEDS_REVIEW (e.g. csi-provisioner@91b25fc4ba3b2c3f869e9fc4d6e37776416d46b8)
    6   1  OPTION_CHANGED (e.g. csi-provisioner@91b25fc4ba3b2c3f869e9fc4d6e37776416d46b8)
    2   1  WHOLE_MESSAGE_FLOW (e.g. csi-provisioner@72e2e56b8db0c12479a3d317ef1a677f8c23ca88)
  FAILED csi-provisioner@91b25fc4ba3b2c3f869e9fc4d6e37776416d46b8: unknown_on_safe: OPTION_CHANGED, NEEDS_REVIEW, DESCRIPTOR_REFLECTION
  FAILED csi-provisioner@f6b6d53db606c651d975edf0ff3d0c9f5cd4fa35: unknown_on_safe: OPTION_CHANGED, NEEDS_REVIEW, DESCRIPTOR_REFLECTION
  FAILED csi-provisioner@3084acc963c34a3a341fb5ae490c35cc5c3baeb1: unknown_on_safe: OPTION_CHANGED, NEEDS_REVIEW, DESCRIPTOR_REFLECTION
  FAILED csi-provisioner@778978094f6babbc5c0f6c7332557e3fc9dd98a5: unknown_on_safe: OPTION_CHANGED, NEEDS_REVIEW, DESCRIPTOR_REFLECTION
  FAILED csi-provisioner@d9ee9b8bfac7f1868f0fc092edd690eb330cedb3: unknown_on_safe: OPTION_CHANGED, NEEDS_REVIEW, DESCRIPTOR_REFLECTION
  FAILED csi-provisioner@62c6bbb6bd2094c9e72bc28e9d0829bc5e713178: unknown_on_safe: OPTION_CHANGED, DESCRIPTOR_REFLECTION, NEEDS_REVIEW

20 windows in 2m17s.
verifier gate: scan failed: 6 disagreements with the compiler or errors
exit 1 seconds 137
